Component: ARM Compiler 5.06 update 7 (build 960) Tool: armlink [4d3601]

==============================================================================

Section Cross References

    startup_stm32h723xx.o(RESET) refers to startup_stm32h723xx.o(STACK) for __initial_sp
    startup_stm32h723xx.o(RESET) refers to startup_stm32h723xx.o(.text) for Reset_Handler
    startup_stm32h723xx.o(RESET) refers to stm32h7xx_it.o(i.NMI_Handler) for NMI_Handler
    startup_stm32h723xx.o(RESET) refers to stm32h7xx_it.o(i.HardFault_Handler) for HardFault_Handler
    startup_stm32h723xx.o(RESET) refers to stm32h7xx_it.o(i.MemManage_Handler) for MemManage_Handler
    startup_stm32h723xx.o(RESET) refers to stm32h7xx_it.o(i.BusFault_Handler) for BusFault_Handler
    startup_stm32h723xx.o(RESET) refers to stm32h7xx_it.o(i.UsageFault_Handler) for UsageFault_Handler
    startup_stm32h723xx.o(RESET) refers to port.o(.emb_text) for SVC_Handler
    startup_stm32h723xx.o(RESET) refers to stm32h7xx_it.o(i.DebugMon_Handler) for DebugMon_Handler
    startup_stm32h723xx.o(RESET) refers to port.o(i.SysTick_Handler) for SysTick_Handler
    startup_stm32h723xx.o(RESET) refers to stm32h7xx_it.o(i.DMA1_Stream0_IRQHandler) for DMA1_Stream0_IRQHandler
    startup_stm32h723xx.o(RESET) refers to stm32h7xx_it.o(i.DMA1_Stream1_IRQHandler) for DMA1_Stream1_IRQHandler
    startup_stm32h723xx.o(RESET) refers to stm32h7xx_it.o(i.DMA1_Stream2_IRQHandler) for DMA1_Stream2_IRQHandler
    startup_stm32h723xx.o(RESET) refers to stm32h7xx_it.o(i.DMA1_Stream3_IRQHandler) for DMA1_Stream3_IRQHandler
    startup_stm32h723xx.o(RESET) refers to stm32h7xx_it.o(i.FDCAN1_IT0_IRQHandler) for FDCAN1_IT0_IRQHandler
    startup_stm32h723xx.o(RESET) refers to stm32h7xx_it.o(i.FDCAN2_IT0_IRQHandler) for FDCAN2_IT0_IRQHandler
    startup_stm32h723xx.o(RESET) refers to stm32h7xx_it.o(i.TIM2_IRQHandler) for TIM2_IRQHandler
    startup_stm32h723xx.o(RESET) refers to stm32h7xx_it.o(i.SPI2_IRQHandler) for SPI2_IRQHandler
    startup_stm32h723xx.o(RESET) refers to stm32h7xx_it.o(i.USART1_IRQHandler) for USART1_IRQHandler
    startup_stm32h723xx.o(RESET) refers to stm32h7xx_it.o(i.FDCAN3_IT0_IRQHandler) for FDCAN3_IT0_IRQHandler
    startup_stm32h723xx.o(.text) refers to system_stm32h7xx.o(i.SystemInit) for SystemInit
    startup_stm32h723xx.o(.text) refers to entry.o(.ARM.Collect$$$$00000000) for __main
    main.o(i.HAL_TIM_PeriodElapsedCallback) refers to stm32h7xx_hal.o(i.HAL_IncTick) for HAL_IncTick
    main.o(i.PeriphCommonClock_Config) refers to memseta.o(.text) for __aeabi_memclr4
    main.o(i.PeriphCommonClock_Config) refers to stm32h7xx_hal_rcc_ex.o(i.HAL_RCCEx_PeriphCLKConfig) for HAL_RCCEx_PeriphCLKConfig
    main.o(i.PeriphCommonClock_Config) refers to main.o(i.Error_Handler) for Error_Handler
    main.o(i.SystemClock_Config) refers to memseta.o(.text) for __aeabi_memclr4
    main.o(i.SystemClock_Config) refers to stm32h7xx_hal_pwr_ex.o(i.HAL_PWREx_ConfigSupply) for HAL_PWREx_ConfigSupply
    main.o(i.SystemClock_Config) refers to stm32h7xx_hal_rcc.o(i.HAL_RCC_OscConfig) for HAL_RCC_OscConfig
    main.o(i.SystemClock_Config) refers to main.o(i.Error_Handler) for Error_Handler
    main.o(i.SystemClock_Config) refers to stm32h7xx_hal_rcc.o(i.HAL_RCC_ClockConfig) for HAL_RCC_ClockConfig
    main.o(i.main) refers to stm32h7xx_hal.o(i.HAL_Init) for HAL_Init
    main.o(i.main) refers to main.o(i.SystemClock_Config) for SystemClock_Config
    main.o(i.main) refers to main.o(i.PeriphCommonClock_Config) for PeriphCommonClock_Config
    main.o(i.main) refers to gpio.o(i.MX_GPIO_Init) for MX_GPIO_Init
    main.o(i.main) refers to dma.o(i.MX_DMA_Init) for MX_DMA_Init
    main.o(i.main) refers to spi.o(i.MX_SPI2_Init) for MX_SPI2_Init
    main.o(i.main) refers to fdcan.o(i.MX_FDCAN1_Init) for MX_FDCAN1_Init
    main.o(i.main) refers to fdcan.o(i.MX_FDCAN2_Init) for MX_FDCAN2_Init
    main.o(i.main) refers to tim.o(i.MX_TIM3_Init) for MX_TIM3_Init
    main.o(i.main) refers to fdcan.o(i.MX_FDCAN3_Init) for MX_FDCAN3_Init
    main.o(i.main) refers to usart.o(i.MX_USART1_UART_Init) for MX_USART1_UART_Init
    main.o(i.main) refers to bsp_dwt.o(i.DWT_Init) for DWT_Init
    main.o(i.main) refers to bmi088driver.o(i.BMI088_init) for BMI088_init
    main.o(i.main) refers to stm32h7xx_hal_uart.o(i.HAL_UART_Receive_IT) for HAL_UART_Receive_IT
    main.o(i.main) refers to stm32h7xx_hal_gpio.o(i.HAL_GPIO_WritePin) for HAL_GPIO_WritePin
    main.o(i.main) refers to can_bsp.o(i.FDCAN1_Config) for FDCAN1_Config
    main.o(i.main) refers to can_bsp.o(i.FDCAN2_Config) for FDCAN2_Config
    main.o(i.main) refers to freertos.o(i.MX_FREERTOS_Init) for MX_FREERTOS_Init
    main.o(i.main) refers to cmsis_os.o(i.osKernelStart) for osKernelStart
    main.o(i.main) refers to spi.o(.bss) for hspi2
    main.o(i.main) refers to bsp_usart1.o(.bss) for rev_data
    main.o(i.main) refers to usart.o(.bss) for huart1
    gpio.o(i.MX_GPIO_Init) refers to memseta.o(.text) for __aeabi_memclr4
[...]
    pxEnd                                    0x240000b8   Data           4  heap_4.o(.data)
    xFreeBytesRemaining                      0x240000bc   Data           4  heap_4.o(.data)
    xMinimumEverFreeBytesRemaining           0x240000c0   Data           4  heap_4.o(.data)
    xNumberOfSuccessfulAllocations           0x240000c4   Data           4  heap_4.o(.data)
    xNumberOfSuccessfulFrees                 0x240000c8   Data           4  heap_4.o(.data)
    xBlockAllocatedBit                       0x240000cc   Data           4  heap_4.o(.data)
    .data                                    0x240000d0   Section       12  port.o(.data)
    uxCriticalNesting                        0x240000d0   Data           4  port.o(.data)
    ucMaxSysCallPriority                     0x240000d4   Data           1  port.o(.data)
    ulMaxPRIGROUPValue                       0x240000d8   Data           4  port.o(.data)
    .data                                    0x240000dc   Section       28  ins_task.o(.data)
    .data                                    0x240000f8   Section       56  chassisr_task.o(.data)
    .data                                    0x24000130   Section       64  bsp_dwt.o(.data)
    CPU_FREQ_Hz                              0x24000138   Data           4  bsp_dwt.o(.data)
    CPU_FREQ_Hz_ms                           0x2400013c   Data           4  bsp_dwt.o(.data)
    CPU_FREQ_Hz_us                           0x24000140   Data           4  bsp_dwt.o(.data)
    CYCCNT_RountCount                        0x24000144   Data           4  bsp_dwt.o(.data)
    CYCCNT_LAST                              0x24000148   Data           4  bsp_dwt.o(.data)
    CNT_TEMP1                                0x24000158   Data           8  bsp_dwt.o(.data)
    CNT_TEMP2                                0x24000160   Data           8  bsp_dwt.o(.data)
    CNT_TEMP3                                0x24000168   Data           8  bsp_dwt.o(.data)
    .data                                    0x24000170   Section       24  can_bsp.o(.data)
    .data                                    0x24000188   Section        4  errno.o(.data)
    _errno                                   0x24000188   Data           4  errno.o(.data)
    .bss                                     0x2400018c   Section      480  fdcan.o(.bss)
    .bss                                     0x2400036c   Section      376  spi.o(.bss)
    .bss                                     0x240004e4   Section       76  tim.o(.bss)
    .bss                                     0x24000530   Section      388  usart.o(.bss)
    .bss                                     0x240006b4   Section       76  stm32h7xx_hal_timebase_tim.o(.bss)
    .bss                                     0x24000700   Section       76  bmi088driver.o(.bss)
    .bss                                     0x2400074c   Section      240  tasks.o(.bss)
    pxReadyTasksLists                        0x2400074c   Data         140  tasks.o(.bss)
    xDelayedTaskList1                        0x240007d8   Data          20  tasks.o(.bss)
    xDelayedTaskList2                        0x240007ec   Data          20  tasks.o(.bss)
    xPendingReadyList                        0x24000800   Data          20  tasks.o(.bss)
    xTasksWaitingTermination                 0x24000814   Data          20  tasks.o(.bss)
    xSuspendedTaskList                       0x24000828   Data          20  tasks.o(.bss)
    .bss                                     0x2400083c   Section    30720  heap_4.o(.bss)
    ucHeap                                   0x2400083c   Data       30720  heap_4.o(.bss)
    .bss                                     0x2400803c   Section      304  ins_task.o(.bss)
    .bss                                     0x2400816c   Section      172  chassisr_task.o(.bss)
    .bss                                     0x24008218   Section      208  can_bsp.o(.bss)
    .bss                                     0x240082e8   Section       66  bsp_usart1.o(.bss)
    STACK                                    0x24008330   Section     2048  startup_stm32h723xx.o(STACK)

    Global Symbols

    Symbol Name                              Value     Ov Type        Size  Object(Section)

    BuildAttributes$$THM_ISAv4$E$P$D$K$B$S$7EM$VFPv5_D16$PE$PLD8$A:L22UL41UL21$X:L11$S22US41US21$IEEE1$IW$USESV6$~STKCKD$USESV7$~SHL$OTIME$ROPI$IEEEX$EBA8$MICROLIB$REQ8$PRES8$EABIv2 0x00000000   Number         0  anon$$obj.o ABSOLUTE
    __ARM_use_no_argv                        0x00000000   Number         0  main.o ABSOLUTE
    __arm_fini_                               - Undefined Weak Reference
    __cpp_initialize__aeabi_                  - Undefined Weak Reference
    __cxa_finalize                            - Undefined Weak Reference
    _clock_init                               - Undefined Weak Reference
    _microlib_exit                            - Undefined Weak Reference
    __Vectors_Size                           0x000002cc   Number         0  startup_stm32h723xx.o ABSOLUTE
    __Vectors                                0x08000000   Data           4  startup_stm32h723xx.o(RESET)
    __Vectors_End                            0x080002cc   Data           0  startup_stm32h723xx.o(RESET)
    __main                                   0x080002cd   Thumb Code     0  entry.o(.ARM.Collect$$$$00000000)
    _main_stk                                0x080002cd   Thumb Code     0  entry2.o(.ARM.Collect$$$$00000001)
    _main_scatterload                        0x080002d1   Thumb Code     0  entry5.o(.ARM.Collect$$$$00000004)
    __main_after_scatterload                 0x080002d5   Thumb Code     0  entry5.o(.ARM.Collect$$$$00000004)
    _main_clock                              0x080002d5   Thumb Code     0  entry7b.o(.ARM.Collect$$$$00000008)
    _main_cpp_init                           0x080002d5   Thumb Code     0  entry8b.o(.ARM.Collect$$$$0000000A)
    _main_init                               0x080002d5   Thumb Code     0  entry9a.o(.ARM.Collect$$$$0000000B)
    __rt_lib_shutdown_fini                   0x080002dd   Thumb Code     0  entry12b.o(.ARM.Collect$$$$0000000E)
    __rt_final_cpp                           0x080002e1   Thumb Code     0  entry10a.o(.ARM.Collect$$$$0000000F)
    __rt_final_exit                          0x080002e1   Thumb Code     0  entry11a.o(.ARM.Collect$$$$00000011)
    SVC_Handler                              0x080002e5   Thumb Code    28  port.o(.emb_text)
    __asm___6_port_c_39a90d8d__prvStartFirstTask 0x08000305   Thumb Code    36  port.o(.emb_text)
    __asm___6_port_c_39a90d8d__prvEnableVFP  0x0800032d   Thumb Code    16  port.o(.emb_text)
    PendSV_Handler                           0x08000341   Thumb Code    88  port.o(.emb_text)
    vPortGetIPSR                             0x0800039d   Thumb Code     6  port.o(.emb_text)
    Reset_Handler                            0x080003a5   Thumb Code     8  startup_stm32h723xx.o(.text)
    ADC3_IRQHandler                          0x080003bf   Thumb Code     0  startup_stm32h723xx.o(.text)
    ADC_IRQHandler                           0x080003bf   Thumb Code     0  startup_stm32h723xx.o(.text)
    BDMA_Channel0_IRQHandler                 0x080003bf   Thumb Code     0  startup_stm32h723xx.o(.text)
    BDMA_Channel1_IRQHandler                 0x080003bf   Thumb Code     0  startup_stm32h723xx.o(.text)
    BDMA_Channel2_IRQHandler                 0x080003bf   Thumb Code     0  startup_stm32h723xx.o(.text)
    BDMA_Channel3_IRQHandler                 0x080003bf   Thumb Code     0  startup_stm32h723xx.o(.text)
    BDMA_Channel4_IRQHandler                 0x080003bf   Thumb Code     0  startup_stm32h723xx.o(.text)
    BDMA_Channel5_IRQHandler                 0x080003bf   Thumb Code     0  startup_stm32h723xx.o(.text)
    BDMA_Channel6_IRQHandler                 0x080003bf   Thumb Code     0  startup_stm32h723xx.o(.text)
    BDMA_Channel7_IRQHandler                 0x080003bf   Thumb Code     0  startup_stm32h723xx.o(.text)
    CEC_IRQHandler                           0x080003bf   Thumb Code     0  startup_stm32h723xx.o(.text)
    COMP1_IRQHandler                         0x080003bf   Thumb Code     0  startup_stm32h723xx.o(.text)
    CORDIC_IRQHandler                        0x080003bf   Thumb Code     0  startup_stm32h723xx.o(.text)
    CRS_IRQHandler                           0x080003bf   Thumb Code     0  startup_stm32h723xx.o(.text)
    DCMI_PSSI_IRQHandler                     0x080003bf   Thumb Code     0  startup_stm32h723xx.o(.text)
    DFSDM1_FLT0_IRQHandler                   0x080003bf   Thumb Code     0  startup_stm32h723xx.o(.text)
    DFSDM1_FLT1_IRQHandler                   0x080003bf   Thumb Code     0  startup_stm32h723xx.o(.text)
    DFSDM1_FLT2_IRQHandler                   0x080003bf   Thumb Code     0  startup_stm32h723xx.o(.text)
    DFSDM1_FLT3_IRQHandler                   0x080003bf   Thumb Code     0  startup_stm32h723xx.o(.text)
    DMA1_Stream4_IRQHandler                  0x080003bf   Thumb Code     0  startup_stm32h723xx.o(.text)
    DMA1_Stream5_IRQHandler                  0x080003bf   Thumb Code     0  startup_stm32h723xx.o(.text)
    DMA1_Stream6_IRQHandler                  0x080003bf   Thumb Code     0  startup_stm32h723xx.o(.text)
    DMA1_Stream7_IRQHandler                  0x080003bf   Thumb Code     0  startup_stm32h723xx.o(.text)
    DMA2D_IRQHandler                         0x080003bf   Thumb Code     0  startup_stm32h723xx.o(.text)
    DMA2_Stream0_IRQHandler                  0x080003bf   Thumb Code     0  startup_stm32h723xx.o(.text)
    DMA2_Stream1_IRQHandler                  0x080003bf   Thumb Code     0  startup_stm32h723xx.o(.text)
    DMA2_Stream2_IRQHandler                  0x080003bf   Thumb Code     0  startup_stm32h723xx.o(.text)
    DMA2_Stream3_IRQHandler                  0x080003bf   Thumb Code     0  startup_stm32h723xx.o(.text)
    DMA2_Stream4_IRQHandler                  0x080003bf   Thumb Code     0  startup_stm32h723xx.o(.text)
    DMA2_Stream5_IRQHandler                  0x080003bf   Thumb Code     0  startup_stm32h723xx.o(.text)
    DMA2_Stream6_IRQHandler                  0x080003bf   Thumb Code     0  startup_stm32h723xx.o(.text)
    DMA2_Stream7_IRQHandler                  0x080003bf   Thumb Code     0  startup_stm32h723xx.o(.text)
    DMAMUX1_OVR_IRQHandler                   0x080003bf   Thumb Code     0  startup_stm32h723xx.o(.text)
    DMAMUX2_OVR_IRQHandler                   0x080003bf   Thumb Code     0  startup_stm32h723xx.o(.text)
    DTS_IRQHandler                           0x080003bf   Thumb Code     0  startup_stm32h723xx.o(.text)
    ECC_IRQHandler                           0x080003bf   Thumb Code     0  startup_stm32h723xx.o(.text)
    ETH_IRQHandler                           0x080003bf   Thumb Code     0  startup_stm32h723xx.o(.text)
    ETH_WKUP_IRQHandler                      0x080003bf   Thumb Code     0  startup_stm32h723xx.o(.text)
    EXTI0_IRQHandler                         0x080003bf   Thumb Code     0  startup_stm32h723xx.o(.text)
    EXTI15_10_IRQHandler                     0x080003bf   Thumb Code     0  startup_stm32h723xx.o(.text)
    EXTI1_IRQHandler                         0x080003bf   Thumb Code     0  startup_stm32h723xx.o(.text)
    EXTI2_IRQHandler                         0x080003bf   Thumb Code     0  startup_stm32h723xx.o(.text)
    EXTI3_IRQHandler                         0x080003bf   Thumb Code     0  startup_stm32h723xx.o(.text)
    EXTI4_IRQHandler                         0x080003bf   Thumb Code     0  startup_stm32h723xx.o(.text)
    EXTI9_5_IRQHandler                       0x080003bf   Thumb Code     0  startup_stm32h723xx.o(.text)
    FDCAN1_IT1_IRQHandler                    0x080003bf   Thumb Code     0  startup_stm32h723xx.o(.text)
    FDCAN2_IT1_IRQHandler                    0x080003bf   Thumb Code     0  startup_stm32h723xx.o(.text)
    FDCAN3_IT1_IRQHandler                    0x080003bf   Thumb Code     0  startup_stm32h723xx.o(.text)
    FDCAN_CAL_IRQHandler                     0x080003bf   Thumb Code     0  startup_stm32h723xx.o(.text)
    FLASH_IRQHandler                         0x080003bf   Thumb Code     0  startup_stm32h723xx.o(.text)
    FMAC_IRQHandler                          0x080003bf   Thumb Code     0  startup_stm32h723xx.o(.text)
    FMC_IRQHandler                           0x080003bf   Thumb Code     0  startup_stm32h723xx.o(.text)
    FPU_IRQHandler                           0x080003bf   Thumb Code     0  startup_stm32h723xx.o(.text)
    HSEM1_IRQHandler                         0x080003bf   Thumb Code     0  startup_stm32h723xx.o(.text)
    I2C1_ER_IRQHandler                       0x080003bf   Thumb Code     0  startup_stm32h723xx.o(.text)
    I2C1_EV_IRQHandler                       0x080003bf   Thumb Code     0  startup_stm32h723xx.o(.text)
    I2C2_ER_IRQHandler                       0x080003bf   Thumb Code     0  startup_stm32h723xx.o(.text)
    I2C2_EV_IRQHandler                       0x080003bf   Thumb Code     0  startup_stm32h723xx.o(.text)
    I2C3_ER_IRQHandler                       0x080003bf   Thumb Code     0  startup_stm32h723xx.o(.text)
    I2C3_EV_IRQHandler                       0x080003bf   Thumb Code     0  startup_stm32h723xx.o(.text)
    I2C4_ER_IRQHandler                       0x080003bf   Thumb Code     0  startup_stm32h723xx.o(.text)
    I2C4_EV_IRQHandler                       0x080003bf   Thumb Code     0  startup_stm32h723xx.o(.text)
    I2C5_ER_IRQHandler                       0x080003bf   Thumb Code     0  startup_stm32h723xx.o(.text)
    I2C5_EV_IRQHandler                       0x080003bf   Thumb Code     0  startup_stm32h723xx.o(.text)
    LPTIM1_IRQHandler                        0x080003bf   Thumb Code     0  startup_stm32h723xx.o(.text)
    LPTIM2_IRQHandler                        0x080003bf   Thumb Code     0  startup_stm32h723xx.o(.text)
    LPTIM3_IRQHandler                        0x080003bf   Thumb Code     0  startup_stm32h723xx.o(.text)
    LPTIM4_IRQHandler                        0x080003bf   Thumb Code     0  startup_stm32h723xx.o(.text)
    LPTIM5_IRQHandler                        0x080003bf   Thumb Code     0  startup_stm32h723xx.o(.text)
    LPUART1_IRQHandler                       0x080003bf   Thumb Code     0  startup_stm32h723xx.o(.text)
    LTDC_ER_IRQHandler                       0x080003bf   Thumb Code     0  startup_stm32h723xx.o(.text)
    LTDC_IRQHandler                          0x080003bf   Thumb Code     0  startup_stm32h723xx.o(.text)
    MDIOS_IRQHandler                         0x080003bf   Thumb Code     0  startup_stm32h723xx.o(.text)
    MDIOS_WKUP_IRQHandler                    0x080003bf   Thumb Code     0  startup_stm32h723xx.o(.text)
    MDMA_IRQHandler                          0x080003bf   Thumb Code     0  startup_stm32h723xx.o(.text)
    OCTOSPI1_IRQHandler                      0x080003bf   Thumb Code     0  startup_stm32h723xx.o(.text)
    OCTOSPI2_IRQHandler                      0x080003bf   Thumb Code     0  startup_stm32h723xx.o(.text)
    OTG_HS_EP1_IN_IRQHandler                 0x080003bf   Thumb Code     0  startup_stm32h723xx.o(.text)
    OTG_HS_EP1_OUT_IRQHandler                0x080003bf   Thumb Code     0  startup_stm32h723xx.o(.text)
    OTG_HS_IRQHandler                        0x080003bf   Thumb Code     0  startup_stm32h723xx.o(.text)
    OTG_HS_WKUP_IRQHandler                   0x080003bf   Thumb Code     0  startup_stm32h723xx.o(.text)
    PVD_AVD_IRQHandler                       0x080003bf   Thumb Code     0  startup_stm32h723xx.o(.text)
    RCC_IRQHandler                           0x080003bf   Thumb Code     0  startup_stm32h723xx.o(.text)
    RNG_IRQHandler                           0x080003bf   Thumb Code     0  startup_stm32h723xx.o(.text)
    RTC_Alarm_IRQHandler                     0x080003bf   Thumb Code     0  startup_stm32h723xx.o(.text)
    RTC_WKUP_IRQHandler                      0x080003bf   Thumb Code     0  startup_stm32h723xx.o(.text)
    SAI1_IRQHandler                          0x080003bf   Thumb Code     0  startup_stm32h723xx.o(.text)
    SAI4_IRQHandler                          0x080003bf   Thumb Code     0  startup_stm32h723xx.o(.text)
    SDMMC1_IRQHandler                        0x080003bf   Thumb Code     0  startup_stm32h723xx.o(.text)
    SDMMC2_IRQHandler                        0x080003bf   Thumb Code     0  startup_stm32h723xx.o(.text)
    SPDIF_RX_IRQHandler                      0x080003bf   Thumb Code     0  startup_stm32h723xx.o(.text)
    SPI1_IRQHandler                          0x080003bf   Thumb Code     0  startup_stm32h723xx.o(.text)
    SPI3_IRQHandler                          0x080003bf   Thumb Code     0  startup_stm32h723xx.o(.text)
    SPI4_IRQHandler                          0x080003bf   Thumb Code     0  startup_stm32h723xx.o(.text)
    SPI5_IRQHandler                          0x080003bf   Thumb Code     0  startup_stm32h723xx.o(.text)
    SPI6_IRQHandler                          0x080003bf   Thumb Code     0  startup_stm32h723xx.o(.text)
    SWPMI1_IRQHandler                        0x080003bf   Thumb Code     0  startup_stm32h723xx.o(.text)
    TAMP_STAMP_IRQHandler                    0x080003bf   Thumb Code     0  startup_stm32h723xx.o(.text)
    TIM15_IRQHandler                         0x080003bf   Thumb Code     0  startup_stm32h723xx.o(.text)
    TIM16_IRQHandler                         0x080003bf   Thumb Code     0  startup_stm32h723xx.o(.text)
    TIM17_IRQHandler                         0x080003bf   Thumb Code     0  startup_stm32h723xx.o(.text)
    TIM1_BRK_IRQHandler                      0x080003bf   Thumb Code     0  startup_stm32h723xx.o(.text)
    TIM1_CC_IRQHandler                       0x080003bf   Thumb Code     0  startup_stm32h723xx.o(.text)
    TIM1_TRG_COM_IRQHandler                  0x080003bf   Thumb Code     0  startup_stm32h723xx.o(.text)
    TIM1_UP_IRQHandler                       0x080003bf   Thumb Code     0  startup_stm32h723xx.o(.text)
    TIM23_IRQHandler                         0x080003bf   Thumb Code     0  startup_stm32h723xx.o(.text)
    TIM24_IRQHandler                         0x080003bf   Thumb Code     0  startup_stm32h723xx.o(.text)
    TIM3_IRQHandler                          0x080003bf   Thumb Code     0  startup_stm32h723xx.o(.text)
    TIM4_IRQHandler                          0x080003bf   Thumb Code     0  startup_stm32h723xx.o(.text)
    TIM5_IRQHandler                          0x080003bf   Thumb Code     0  startup_stm32h723xx.o(.text)
    TIM6_DAC_IRQHandler                      0x080003bf   Thumb Code     0  startup_stm32h723xx.o(.text)
    TIM7_IRQHandler                          0x080003bf   Thumb Code     0  startup_stm32h723xx.o(.text)
    TIM8_BRK_TIM12_IRQHandler                0x080003bf   Thumb Code     0  startup_stm32h723xx.o(.text)
    TIM8_CC_IRQHandler                       0x080003bf   Thumb Code     0  startup_stm32h723xx.o(.text)
    TIM8_TRG_COM_TIM14_IRQHandler            0x080003bf   Thumb Code     0  startup_stm32h723xx.o(.text)
    TIM8_UP_TIM13_IRQHandler                 0x080003bf   Thumb Code     0  startup_stm32h723xx.o(.text)
    UART4_IRQHandler                         0x080003bf   Thumb Code     0  startup_stm32h723xx.o(.text)
    UART5_IRQHandler                         0x080003bf   Thumb Code     0  startup_stm32h723xx.o(.text)
    UART7_IRQHandler                         0x080003bf   Thumb Code     0  startup_stm32h723xx.o(.text)
    UART8_IRQHandler                         0x080003bf   Thumb Code     0  startup_stm32h723xx.o(.text)
    UART9_IRQHandler                         0x080003bf   Thumb Code     0  startup_stm32h723xx.o(.text)
    USART10_IRQHandler                       0x080003bf   Thumb Code     0  startup_stm32h723xx.o(.text)
    USART2_IRQHandler                        0x080003bf   Thumb Code     0  startup_stm32h723xx.o(.text)
    USART3_IRQHandler                        0x080003bf   Thumb Code     0  startup_stm32h723xx.o(.text)
    USART6_IRQHandler                        0x080003bf   Thumb Code     0  startup_stm32h723xx.o(.text)
    WAKEUP_PIN_IRQHandler                    0x080003bf   Thumb Code     0  startup_stm32h723xx.o(.text)
    WWDG_IRQHandler                          0x080003bf   Thumb Code     0  startup_stm32h723xx.o(.text)
    __aeabi_uldivmod                         0x080003c9   Thumb Code    98  uldiv.o(.text)
    __aeabi_memcpy                           0x0800042b   Thumb Code    36  memcpya.o(.text)
    __aeabi_memcpy4                          0x0800042b   Thumb Code     0  memcpya.o(.text)
    __aeabi_memcpy8                          0x0800042b   Thumb Code     0  memcpya.o(.text)
    __aeabi_memset                           0x0800044f   Thumb Code    14  memseta.o(.text)
    __aeabi_memset4                          0x0800044f   Thumb Code     0  memseta.o(.text)
    __aeabi_memset8                          0x0800044f   Thumb Code     0  memseta.o(.text)
    __aeabi_memclr                           0x0800045d   Thumb Code     4  memseta.o(.text)
    __aeabi_memclr4                          0x0800045d   Thumb Code     0  memseta.o(.text)
    __aeabi_memclr8                          0x0800045d   Thumb Code     0  memseta.o(.text)
    memset                                   0x08000461   Thumb Code    18  memseta.o(.text)
    __aeabi_llsl                             0x08000473   Thumb Code    30  llshl.o(.text)
    _ll_shift_l                              0x08000473   Thumb Code     0  llshl.o(.text)
    __aeabi_llsr                             0x08000491   Thumb Code    32  llushr.o(.text)
    _ll_ushift_r                             0x08000491   Thumb Code     0  llushr.o(.text)
    __I$use$fp                               0x080004b1   Thumb Code     0  iusefp.o(.text)
    __scatterload                            0x080004b1   Thumb Code    28  init.o(.text)
    __scatterload_rt2                        0x080004b1   Thumb Code     0  init.o(.text)
    __decompress                             0x080004d5   Thumb Code     0  __dczerorl2.o(.text)
    __decompress1                            0x080004d5   Thumb Code    86  __dczerorl2.o(.text)
    BMI088_ACCEL_NS_H                        0x0800052d   Thumb Code    14  bmi088middleware.o(i.BMI088_ACCEL_NS_H)
    BMI088_ACCEL_NS_L                        0x08000541   Thumb Code    14  bmi088middleware.o(i.BMI088_ACCEL_NS_L)
    BMI088_GYRO_NS_H                         0x08000555   Thumb Code    14  bmi088middleware.o(i.BMI088_GYRO_NS_H)
    BMI088_GYRO_NS_L                         0x08000569   Thumb Code    14  bmi088middleware.o(i.BMI088_GYRO_NS_L)
    BMI088_Read                              0x0800057d   Thumb Code   794  bmi088driver.o(i.BMI088_Read)
    BMI088_init                              0x080008ad   Thumb Code   142  bmi088driver.o(i.BMI088_init)
    BMI088_read_write_byte                   0x080009ad   Thumb Code    30  bmi088middleware.o(i.BMI088_read_write_byte)
    BodyFrameToEarthFrame                    0x080009e5   Thumb Code   346  ins_task.o(i.BodyFrameToEarthFrame)
    BusFault_Handler                         0x08000b3f   Thumb Code     4  stm32h7xx_it.o(i.BusFault_Handler)
    ChassisR_Task                            0x080011b9   Thumb Code     8  freertos.o(i.ChassisR_Task)
    ChassisR_init                            0x080011c1   Thumb Code    82  chassisr_task.o(i.ChassisR_init)
    ChassisR_task                            0x08001219   Thumb Code   470  chassisr_task.o(i.ChassisR_task)
    DMA1_Stream0_IRQHandler                  0x08001419   Thumb Code    10  stm32h7xx_it.o(i.DMA1_Stream0_IRQHandler)
    DMA1_Stream1_IRQHandler                  0x08001429   Thumb Code    10  stm32h7xx_it.o(i.DMA1_Stream1_IRQHandler)
    DMA1_Stream2_IRQHandler                  0x08001439   Thumb Code    10  stm32h7xx_it.o(i.DMA1_Stream2_IRQHandler)
    DMA1_Stream3_IRQHandler                  0x08001449   Thumb Code    10  stm32h7xx_it.o(i.DMA1_Stream3_IRQHandler)
    DWT_Delay                                0x08001781   Thumb Code    50  bsp_dwt.o(i.DWT_Delay)
    DWT_GetDeltaT                            0x080017bd   Thumb Code    68  bsp_dwt.o(i.DWT_GetDeltaT)
    DWT_GetTimeline_s                        0x08001809   Thumb Code    72  bsp_dwt.o(i.DWT_GetTimeline_s)
    DWT_Init                                 0x0800185d   Thumb Code    74  bsp_dwt.o(i.DWT_Init)
    DWT_SysTimeUpdate                        0x080018c5   Thumb Code   168  bsp_dwt.o(i.DWT_SysTimeUpdate)
    DebugMon_Handler                         0x08001995   Thumb Code     2  stm32h7xx_it.o(i.DebugMon_Handler)
    EarthFrameToBodyFrame                    0x08001997   Thumb Code   346  ins_task.o(i.EarthFrameToBodyFrame)
    Error_Handler                            0x08001af1   Thumb Code     6  main.o(i.Error_Handler)
    FDCAN1_Config                            0x08001af9   Thumb Code    92  can_bsp.o(i.FDCAN1_Config)
    FDCAN1_IT0_IRQHandler                    0x08001b59   Thumb Code    10  stm32h7xx_it.o(i.FDCAN1_IT0_IRQHandler)
    FDCAN2_Config                            0x08001b69   Thumb Code    92  can_bsp.o(i.FDCAN2_Config)
    FDCAN2_IT0_IRQHandler                    0x08001bc9   Thumb Code    10  stm32h7xx_it.o(i.FDCAN2_IT0_IRQHandler)
    FDCAN3_IT0_IRQHandler                    0x08001bd9   Thumb Code    10  stm32h7xx_it.o(i.FDCAN3_IT0_IRQHandler)
    HAL_DMA_Abort                            0x08001ed9   Thumb Code  1236  stm32h7xx_hal_dma.o(i.HAL_DMA_Abort)
    HAL_DMA_Abort_IT                         0x080023b5   Thumb Code   906  stm32h7xx_hal_dma.o(i.HAL_DMA_Abort_IT)
    HAL_DMA_IRQHandler                       0x0800274d   Thumb Code  2798  stm32h7xx_hal_dma.o(i.HAL_DMA_IRQHandler)
    HAL_DMA_Init                             0x08003245   Thumb Code  1292  stm32h7xx_hal_dma.o(i.HAL_DMA_Init)
    HAL_Delay                                0x08003759   Thumb Code    36  stm32h7xx_hal.o(i.HAL_Delay)
    HAL_FDCAN_ActivateNotification           0x08003781   Thumb Code   158  stm32h7xx_hal_fdcan.o(i.HAL_FDCAN_ActivateNotification)
    HAL_FDCAN_AddMessageToTxFifoQ            0x08003829   Thumb Code   144  stm32h7xx_hal_fdcan.o(i.HAL_FDCAN_AddMessageToTxFifoQ)
    HAL_FDCAN_ClockCalibrationCallback       0x080038b9   Thumb Code     2  stm32h7xx_hal_fdcan.o(i.HAL_FDCAN_ClockCalibrationCallback)
    HAL_FDCAN_ConfigFilter                   0x080038bb   Thumb Code   168  stm32h7xx_hal_fdcan.o(i.HAL_FDCAN_ConfigFilter)
    HAL_FDCAN_ConfigGlobalFilter             0x08003963   Thumb Code    52  stm32h7xx_hal_fdcan.o(i.HAL_FDCAN_ConfigGlobalFilter)
    HAL_FDCAN_ErrorCallback                  0x08003997   Thumb Code     2  stm32h7xx_hal_fdcan.o(i.HAL_FDCAN_ErrorCallback)
    HAL_FDCAN_ErrorStatusCallback            0x08003999   Thumb Code     2  stm32h7xx_hal_fdcan.o(i.HAL_FDCAN_ErrorStatusCallback)
    HAL_FDCAN_GetRxMessage                   0x0800399d   Thumb Code   494  stm32h7xx_hal_fdcan.o(i.HAL_FDCAN_GetRxMessage)
    HAL_FDCAN_HighPriorityMessageCallback    0x08003b91   Thumb Code     2  stm32h7xx_hal_fdcan.o(i.HAL_FDCAN_HighPriorityMessageCallback)
    HAL_FDCAN_IRQHandler                     0x08003b95   Thumb Code   966  stm32h7xx_hal_fdcan.o(i.HAL_FDCAN_IRQHandler)
    HAL_FDCAN_Init                           0x08003f69   Thumb Code   726  stm32h7xx_hal_fdcan.o(i.HAL_FDCAN_Init)
    HAL_FDCAN_MspInit                        0x08004249   Thumb Code   408  fdcan.o(i.HAL_FDCAN_MspInit)
    HAL_FDCAN_RxBufferNewMessageCallback     0x080043fd   Thumb Code     2  stm32h7xx_hal_fdcan.o(i.HAL_FDCAN_RxBufferNewMessageCallback)
    HAL_FDCAN_RxFifo0Callback                0x08004401   Thumb Code   144  can_bsp.o(i.HAL_FDCAN_RxFifo0Callback)
    HAL_FDCAN_RxFifo1Callback                0x080044ad   Thumb Code    48  can_bsp.o(i.HAL_FDCAN_RxFifo1Callback)
    HAL_FDCAN_Start                          0x080044e9   Thumb Code    52  stm32h7xx_hal_fdcan.o(i.HAL_FDCAN_Start)
    HAL_FDCAN_TT_GlobalTimeCallback          0x0800451d   Thumb Code     2  stm32h7xx_hal_fdcan.o(i.HAL_FDCAN_TT_GlobalTimeCallback)
    HAL_FDCAN_TT_ScheduleSyncCallback        0x0800451f   Thumb Code     2  stm32h7xx_hal_fdcan.o(i.HAL_FDCAN_TT_ScheduleSyncCallback)
    HAL_FDCAN_TT_StopWatchCallback           0x08004521   Thumb Code     2  stm32h7xx_hal_fdcan.o(i.HAL_FDCAN_TT_StopWatchCallback)
    HAL_FDCAN_TT_TimeMarkCallback            0x08004523   Thumb Code     2  stm32h7xx_hal_fdcan.o(i.HAL_FDCAN_TT_TimeMarkCallback)
    HAL_FDCAN_TimeoutOccurredCallback        0x08004525   Thumb Code     2  stm32h7xx_hal_fdcan.o(i.HAL_FDCAN_TimeoutOccurredCallback)
    HAL_FDCAN_TimestampWraparoundCallback    0x08004527   Thumb Code     2  stm32h7xx_hal_fdcan.o(i.HAL_FDCAN_TimestampWraparoundCallback)
    HAL_FDCAN_TxBufferAbortCallback          0x08004529   Thumb Code     2  stm32h7xx_hal_fdcan.o(i.HAL_FDCAN_TxBufferAbortCallback)
    HAL_FDCAN_TxBufferCompleteCallback       0x0800452b   Thumb Code     2  stm32h7xx_hal_fdcan.o(i.HAL_FDCAN_TxBufferCompleteCallback)
    HAL_FDCAN_TxEventFifoCallback            0x0800452d   Thumb Code     2  stm32h7xx_hal_fdcan.o(i.HAL_FDCAN_TxEventFifoCallback)
    HAL_FDCAN_TxFifoEmptyCallback            0x0800452f   Thumb Code     2  stm32h7xx_hal_fdcan.o(i.HAL_FDCAN_TxFifoEmptyCallback)
    HAL_GPIO_Init                            0x08004531   Thumb Code   446  stm32h7xx_hal_gpio.o(i.HAL_GPIO_Init)
    HAL_GPIO_WritePin                        0x08004721   Thumb Code    12  stm32h7xx_hal_gpio.o(i.HAL_GPIO_WritePin)
    HAL_GetTick                              0x0800472d   Thumb Code     6  stm32h7xx_hal.o(i.HAL_GetTick)
    HAL_IncTick                              0x08004739   Thumb Code    16  stm32h7xx_hal.o(i.HAL_IncTick)
    HAL_Init                                 0x08004751   Thumb Code    80  stm32h7xx_hal.o(i.HAL_Init)
    HAL_InitTick                             0x080047b1   Thumb Code   142  stm32h7xx_hal_timebase_tim.o(i.HAL_InitTick)
    HAL_MspInit                              0x08004851   Thumb Code    42  stm32h7xx_hal_msp.o(i.HAL_MspInit)
    HAL_NVIC_EnableIRQ                       0x08004881   Thumb Code    40  stm32h7xx_hal_cortex.o(i.HAL_NVIC_EnableIRQ)
    HAL_NVIC_SetPriority                     0x080048a9   Thumb Code   122  stm32h7xx_hal_cortex.o(i.HAL_NVIC_SetPriority)
    HAL_NVIC_SetPriorityGrouping             0x08004925   Thumb Code    32  stm32h7xx_hal_cortex.o(i.HAL_NVIC_SetPriorityGrouping)
    HAL_PWREx_ConfigSupply                   0x0800494d   Thumb Code    90  stm32h7xx_hal_pwr_ex.o(i.HAL_PWREx_ConfigSupply)
    HAL_RCCEx_GetD3PCLK1Freq                 0x080049ad   Thumb Code    26  stm32h7xx_hal_rcc_ex.o(i.HAL_RCCEx_GetD3PCLK1Freq)
    HAL_RCCEx_GetPLL2ClockFreq               0x080049d1   Thumb Code   536  stm32h7xx_hal_rcc_ex.o(i.HAL_RCCEx_GetPLL2ClockFreq)
    HAL_RCCEx_GetPLL3ClockFreq               0x08004c01   Thumb Code   536  stm32h7xx_hal_rcc_ex.o(i.HAL_RCCEx_GetPLL3ClockFreq)
    HAL_RCCEx_PeriphCLKConfig                0x08004e31   Thumb Code  3272  stm32h7xx_hal_rcc_ex.o(i.HAL_RCCEx_PeriphCLKConfig)
    HAL_RCC_ClockConfig                      0x08005af9   Thumb Code   774  stm32h7xx_hal_rcc.o(i.HAL_RCC_ClockConfig)
    HAL_RCC_GetClockConfig                   0x08005e19   Thumb Code    98  stm32h7xx_hal_rcc.o(i.HAL_RCC_GetClockConfig)
    HAL_RCC_GetHCLKFreq                      0x08005e85   Thumb Code    60  stm32h7xx_hal_rcc.o(i.HAL_RCC_GetHCLKFreq)
    HAL_RCC_GetPCLK1Freq                     0x08005ed1   Thumb Code    26  stm32h7xx_hal_rcc.o(i.HAL_RCC_GetPCLK1Freq)
    HAL_RCC_GetPCLK2Freq                     0x08005ef5   Thumb Code    26  stm32h7xx_hal_rcc.o(i.HAL_RCC_GetPCLK2Freq)
    HAL_RCC_GetSysClockFreq                  0x08005f19   Thumb Code   524  stm32h7xx_hal_rcc.o(i.HAL_RCC_GetSysClockFreq)
    HAL_RCC_OscConfig                        0x08006145   Thumb Code  1874  stm32h7xx_hal_rcc.o(i.HAL_RCC_OscConfig)
    HAL_SPI_ErrorCallback                    0x080068a1   Thumb Code     2  stm32h7xx_hal_spi.o(i.HAL_SPI_ErrorCallback)
    HAL_SPI_IRQHandler                       0x080068a5   Thumb Code   654  stm32h7xx_hal_spi.o(i.HAL_SPI_IRQHandler)
    HAL_SPI_Init                             0x08006b39   Thumb Code   420  stm32h7xx_hal_spi.o(i.HAL_SPI_Init)
    HAL_SPI_MspInit                          0x08006ce9   Thumb Code   348  spi.o(i.HAL_SPI_MspInit)
    HAL_SPI_RxCpltCallback                   0x08006e61   Thumb Code     2  stm32h7xx_hal_spi.o(i.HAL_SPI_RxCpltCallback)
    HAL_SPI_SuspendCallback                  0x08006e63   Thumb Code     2  stm32h7xx_hal_spi.o(i.HAL_SPI_SuspendCallback)
    HAL_SPI_TransmitReceive                  0x08006e65   Thumb Code  1094  stm32h7xx_hal_spi.o(i.HAL_SPI_TransmitReceive)
    HAL_SPI_TxCpltCallback                   0x080072b9   Thumb Code     2  stm32h7xx_hal_spi.o(i.HAL_SPI_TxCpltCallback)
    HAL_SPI_TxRxCpltCallback                 0x080072bb   Thumb Code     2  stm32h7xx_hal_spi.o(i.HAL_SPI_TxRxCpltCallback)
    HAL_TIMEx_Break2Callback                 0x080072bd   Thumb Code     2  stm32h7xx_hal_tim_ex.o(i.HAL_TIMEx_Break2Callback)
    HAL_TIMEx_BreakCallback                  0x080072bf   Thumb Code     2  stm32h7xx_hal_tim_ex.o(i.HAL_TIMEx_BreakCallback)
    HAL_TIMEx_CommutCallback                 0x080072c1   Thumb Code     2  stm32h7xx_hal_tim_ex.o(i.HAL_TIMEx_CommutCallback)
    HAL_TIMEx_MasterConfigSynchronization    0x080072c5   Thumb Code   190  stm32h7xx_hal_tim_ex.o(i.HAL_TIMEx_MasterConfigSynchronization)
    HAL_TIM_Base_Init                        0x080073a9   Thumb Code   110  stm32h7xx_hal_tim.o(i.HAL_TIM_Base_Init)
    HAL_TIM_Base_MspInit                     0x08007417   Thumb Code     2  stm32h7xx_hal_tim.o(i.HAL_TIM_Base_MspInit)
    HAL_TIM_Base_Start_IT                    0x08007419   Thumb Code   162  stm32h7xx_hal_tim.o(i.HAL_TIM_Base_Start_IT)
    HAL_TIM_IC_CaptureCallback               0x080074e5   Thumb Code     2  stm32h7xx_hal_tim.o(i.HAL_TIM_IC_CaptureCallback)
    HAL_TIM_IRQHandler                       0x080074e7   Thumb Code   408  stm32h7xx_hal_tim.o(i.HAL_TIM_IRQHandler)
    HAL_TIM_MspPostInit                      0x08007681   Thumb Code    78  tim.o(i.HAL_TIM_MspPostInit)
    HAL_TIM_OC_DelayElapsedCallback          0x080076dd   Thumb Code     2  stm32h7xx_hal_tim.o(i.HAL_TIM_OC_DelayElapsedCallback)
    HAL_TIM_PWM_ConfigChannel                0x080076df   Thumb Code   368  stm32h7xx_hal_tim.o(i.HAL_TIM_PWM_ConfigChannel)
    HAL_TIM_PWM_Init                         0x0800784f   Thumb Code   110  stm32h7xx_hal_tim.o(i.HAL_TIM_PWM_Init)
    HAL_TIM_PWM_MspInit                      0x080078bd   Thumb Code    40  tim.o(i.HAL_TIM_PWM_MspInit)
    HAL_TIM_PWM_PulseFinishedCallback        0x080078ed   Thumb Code     2  stm32h7xx_hal_tim.o(i.HAL_TIM_PWM_PulseFinishedCallback)
    HAL_TIM_PeriodElapsedCallback            0x080078ef   Thumb Code    18  main.o(i.HAL_TIM_PeriodElapsedCallback)
    HAL_TIM_TriggerCallback                  0x08007901   Thumb Code     2  stm32h7xx_hal_tim.o(i.HAL_TIM_TriggerCallback)
    HAL_UARTEx_DisableFifoMode               0x08007903   Thumb Code    78  stm32h7xx_hal_uart_ex.o(i.HAL_UARTEx_DisableFifoMode)
    HAL_UARTEx_RxEventCallback               0x08007951   Thumb Code     2  stm32h7xx_hal_uart.o(i.HAL_UARTEx_RxEventCallback)
    HAL_UARTEx_RxFifoFullCallback            0x08007953   Thumb Code     2  stm32h7xx_hal_uart_ex.o(i.HAL_UARTEx_RxFifoFullCallback)
    HAL_UARTEx_SetRxFifoThreshold            0x08007955   Thumb Code    94  stm32h7xx_hal_uart_ex.o(i.HAL_UARTEx_SetRxFifoThreshold)
    HAL_UARTEx_SetTxFifoThreshold            0x080079b3   Thumb Code    94  stm32h7xx_hal_uart_ex.o(i.HAL_UARTEx_SetTxFifoThreshold)
    HAL_UARTEx_TxFifoEmptyCallback           0x08007a11   Thumb Code     2  stm32h7xx_hal_uart_ex.o(i.HAL_UARTEx_TxFifoEmptyCallback)
    HAL_UARTEx_WakeupCallback                0x08007a13   Thumb Code     2  stm32h7xx_hal_uart_ex.o(i.HAL_UARTEx_WakeupCallback)
    HAL_UART_ErrorCallback                   0x08007a15   Thumb Code     2  stm32h7xx_hal_uart.o(i.HAL_UART_ErrorCallback)
    HAL_UART_IRQHandler                      0x08007a19   Thumb Code  1172  stm32h7xx_hal_uart.o(i.HAL_UART_IRQHandler)
    HAL_UART_Init                            0x08007ead   Thumb Code   120  stm32h7xx_hal_uart.o(i.HAL_UART_Init)
    HAL_UART_MspInit                         0x08007f25   Thumb Code   278  usart.o(i.HAL_UART_MspInit)
    HAL_UART_Receive_IT                      0x08008055   Thumb Code    88  stm32h7xx_hal_uart.o(i.HAL_UART_Receive_IT)
    HAL_UART_RxCpltCallback                  0x080080b1   Thumb Code   218  bsp_usart1.o(i.HAL_UART_RxCpltCallback)
    HAL_UART_TxCpltCallback                  0x080081a1   Thumb Code     2  stm32h7xx_hal_uart.o(i.HAL_UART_TxCpltCallback)
    HardFault_Handler                        0x080081a3   Thumb Code     4  stm32h7xx_it.o(i.HardFault_Handler)
    INS_Init                                 0x080081a9   Thumb Code    32  ins_task.o(i.INS_Init)
    INS_Task                                 0x080081dd   Thumb Code     8  freertos.o(i.INS_Task)
    INS_task                                 0x080081e5   Thumb Code   788  ins_task.o(i.INS_task)
    MX_DMA_Init                              0x08008541   Thumb Code    96  dma.o(i.MX_DMA_Init)
    MX_FDCAN1_Init                           0x080085a5   Thumb Code   120  fdcan.o(i.MX_FDCAN1_Init)
    MX_FDCAN2_Init                           0x08008625   Thumb Code   118  fdcan.o(i.MX_FDCAN2_Init)
    MX_FDCAN3_Init                           0x080086a5   Thumb Code   120  fdcan.o(i.MX_FDCAN3_Init)
    MX_FREERTOS_Init                         0x08008725   Thumb Code    78  freertos.o(i.MX_FREERTOS_Init)
    MX_GPIO_Init                             0x08008785   Thumb Code   356  gpio.o(i.MX_GPIO_Init)
    MX_SPI2_Init                             0x080088f9   Thumb Code    90  spi.o(i.MX_SPI2_Init)
    MX_TIM3_Init                             0x0800895d   Thumb Code   118  tim.o(i.MX_TIM3_Init)
    MX_USART1_UART_Init                      0x080089dd   Thumb Code    98  usart.o(i.MX_USART1_UART_Init)
    MemManage_Handler                        0x08008a49   Thumb Code     4  stm32h7xx_it.o(i.MemManage_Handler)
    NMI_Handler                              0x08008a4d   Thumb Code     4  stm32h7xx_it.o(i.NMI_Handler)
    PeriphCommonClock_Config                 0x08008a51   Thumb Code    72  main.o(i.PeriphCommonClock_Config)
    RotationMatrix_update                    0x08008d61   Thumb Code   302  mahony_filter.o(i.RotationMatrix_update)
    SPI2_IRQHandler                          0x08008e91   Thumb Code    10  stm32h7xx_it.o(i.SPI2_IRQHandler)
    StartDefaultTask                         0x08008fef   Thumb Code    10  freertos.o(i.StartDefaultTask)
    SysTick_Handler                          0x08008ff9   Thumb Code    46  port.o(i.SysTick_Handler)
    SystemClock_Config                       0x0800902d   Thumb Code   176  main.o(i.SystemClock_Config)
    SystemInit                               0x080090e1   Thumb Code   192  system_stm32h7xx.o(i.SystemInit)
    TIM2_IRQHandler                          0x080091c1   Thumb Code    10  stm32h7xx_it.o(i.TIM2_IRQHandler)
    TIM_Base_SetConfig                       0x080091d1   Thumb Code   198  stm32h7xx_hal_tim.o(i.TIM_Base_SetConfig)
    TIM_OC2_SetConfig                        0x0800936d   Thumb Code   156  stm32h7xx_hal_tim.o(i.TIM_OC2_SetConfig)
    Turn                                     0x08009629   Thumb Code    80  chassisr_task.o(i.Turn)
    UART_AdvFeatureConfig                    0x080096dd   Thumb Code   248  stm32h7xx_hal_uart.o(i.UART_AdvFeatureConfig)
    UART_CheckIdleState                      0x080097d5   Thumb Code   234  stm32h7xx_hal_uart.o(i.UART_CheckIdleState)
    UART_SetConfig                           0x08009f71   Thumb Code  1558  stm32h7xx_hal_uart.o(i.UART_SetConfig)
    UART_Start_Receive_IT                    0x0800a599   Thumb Code   332  stm32h7xx_hal_uart.o(i.UART_Start_Receive_IT)
    UART_WaitOnFlagUntilTimeout              0x0800a6f5   Thumb Code   172  stm32h7xx_hal_uart.o(i.UART_WaitOnFlagUntilTimeout)
    USART1_IRQHandler                        0x0800a7a1   Thumb Code    10  stm32h7xx_it.o(i.USART1_IRQHandler)
    UsageFault_Handler                       0x0800a7b1   Thumb Code     4  stm32h7xx_it.o(i.UsageFault_Handler)
    __ARM_fpclassifyf                        0x0800a7b5   Thumb Code    38  fpclassifyf.o(i.__ARM_fpclassifyf)
    __hardfp_asinf                           0x0800a815   Thumb Code   258  asinf.o(i.__hardfp_asinf)
    __hardfp_atan2f                          0x0800a94d   Thumb Code   594  atan2f.o(i.__hardfp_atan2f)
    __hardfp_sqrt                            0x0800ac01   Thumb Code   102  sqrt.o(i.__hardfp_sqrt)
    __hardfp_sqrtf                           0x0800ac67   Thumb Code    58  sqrtf.o(i.__hardfp_sqrtf)
    __mathlib_flt_infnan                     0x0800aca1   Thumb Code     6  funder.o(i.__mathlib_flt_infnan)
    __mathlib_flt_infnan2                    0x0800aca7   Thumb Code     6  funder.o(i.__mathlib_flt_infnan2)
    __mathlib_flt_invalid                    0x0800acad   Thumb Code    10  funder.o(i.__mathlib_flt_invalid)
    __mathlib_flt_underflow                  0x0800acbd   Thumb Code    10  funder.o(i.__mathlib_flt_underflow)
    __scatterload_copy                       0x0800accd   Thumb Code    14  handlers.o(i.__scatterload_copy)
    __scatterload_null                       0x0800acdb   Thumb Code     2  handlers.o(i.__scatterload_null)
    __scatterload_zeroinit                   0x0800acdd   Thumb Code    14  handlers.o(i.__scatterload_zeroinit)
    __set_errno                              0x0800aced   Thumb Code     6  errno.o(i.__set_errno)
    bmi088_accel_init                        0x0800acf9   Thumb Code   348  bmi088driver.o(i.bmi088_accel_init)
    bmi088_gyro_init                         0x0800ae65   Thumb Code   284  bmi088driver.o(i.bmi088_gyro_init)
    canx_send_data                           0x0800af95   Thumb Code   114  can_bsp.o(i.canx_send_data)
    chassisR_feedback_update                 0x0800b009   Thumb Code   218  chassisr_task.o(i.chassisR_feedback_update)
    dm6215_fbdata                            0x0800b0fd   Thumb Code   152  dm4310_drv.o(i.dm6215_fbdata)
    enable_motor_mode                        0x0800b19d   Thumb Code    66  dm4310_drv.o(i.enable_motor_mode)
    float_to_uint                            0x0800b1e9   Thumb Code    50  dm4310_drv.o(i.float_to_uint)
    mahony_init                              0x0800b21d   Thumb Code    40  mahony_filter.o(i.mahony_init)
    mahony_input                             0x0800b255   Thumb Code    30  mahony_filter.o(i.mahony_input)
    mahony_output                            0x0800b273   Thumb Code    74  mahony_filter.o(i.mahony_output)
    mahony_update                            0x0800b2bd   Thumb Code   646  mahony_filter.o(i.mahony_update)
    main                                     0x0800b545   Thumb Code   116  main.o(i.main)
    mit_ctrl2                                0x0800b5d9   Thumb Code   232  dm4310_drv.o(i.mit_ctrl2)
    mySaturate                               0x0800b6d1   Thumb Code    40  chassisr_task.o(i.mySaturate)
    osDelay                                  0x0800b6f9   Thumb Code    24  cmsis_os.o(i.osDelay)
    osKernelStart                            0x0800b711   Thumb Code    10  cmsis_os.o(i.osKernelStart)
    osThreadCreate                           0x0800b71b   Thumb Code    48  cmsis_os.o(i.osThreadCreate)
    pvPortMalloc                             0x0800bb91   Thumb Code   306  heap_4.o(i.pvPortMalloc)
    pxPortInitialiseStack                    0x0800bcdd   Thumb Code    38  port.o(i.pxPortInitialiseStack)
    sqrtf                                    0x0800bd09   Thumb Code    62  sqrtf.o(i.sqrtf)
    uint_to_float                            0x0800bd47   Thumb Code    52  dm4310_drv.o(i.uint_to_float)
    uxListRemove                             0x0800bd7b   Thumb Code    40  list.o(i.uxListRemove)
    vListInitialise                          0x0800bda3   Thumb Code    26  list.o(i.vListInitialise)
    vListInitialiseItem                      0x0800bdbd   Thumb Code     6  list.o(i.vListInitialiseItem)
    vListInsert                              0x0800bdc3   Thumb Code    52  list.o(i.vListInsert)
    vListInsertEnd                           0x0800bdf7   Thumb Code    24  list.o(i.vListInsertEnd)
    vPortEnterCritical                       0x0800be11   Thumb Code    76  port.o(i.vPortEnterCritical)
    vPortExitCritical                        0x0800be65   Thumb Code    56  port.o(i.vPortExitCritical)
    vPortFree                                0x0800bea1   Thumb Code   150  heap_4.o(i.vPortFree)
    vPortSetupTimerInterrupt                 0x0800bf45   Thumb Code    36  port.o(i.vPortSetupTimerInterrupt)
    vTaskDelay                               0x0800bf6d   Thumb Code    82  tasks.o(i.vTaskDelay)
    vTaskStartScheduler                      0x0800bfc9   Thumb Code   108  tasks.o(i.vTaskStartScheduler)
    vTaskSuspendAll                          0x0800c051   Thumb Code    12  tasks.o(i.vTaskSuspendAll)
    vTaskSwitchContext                       0x0800c061   Thumb Code   118  tasks.o(i.vTaskSwitchContext)
    wheel_motor_init                         0x0800c0ed   Thumb Code     6  dm4310_drv.o(i.wheel_motor_init)
    xPortStartScheduler                      0x0800c0f5   Thumb Code   330  port.o(i.xPortStartScheduler)
    xTaskCreate                              0x0800c25d   Thumb Code    96  tasks.o(i.xTaskCreate)
    xTaskIncrementTick                       0x0800c2bd   Thumb Code   282  tasks.o(i.xTaskIncrementTick)
    xTaskResumeAll                           0x0800c405   Thumb Code   224  tasks.o(i.xTaskResumeAll)
    UARTPrescTable                           0x0800c5a8   Data          24  stm32h7xx_hal_uart.o(.constdata)
    D1CorePrescTable                         0x0800c5d0   Data          16  system_stm32h7xx.o(.constdata)
    Region$$Table$$Base                      0x0800c608   Number         0  anon$$obj.o(Region$$Table)
    Region$$Table$$Limit                     0x0800c628   Number         0  anon$$obj.o(Region$$Table)
    defaultTaskHandle                        0x24000000   Data           4  freertos.o(.data)
    INS_TASKHandle                           0x24000004   Data           4  freertos.o(.data)
    CHASSISR_TASKHandle                      0x24000008   Data           4  freertos.o(.data)
    uwTick                                   0x24000010   Data           4  stm32h7xx_hal.o(.data)
    uwTickPrio                               0x24000014   Data           4  stm32h7xx_hal.o(.data)
    uwTickFreq                               0x24000018   Data           1  stm32h7xx_hal.o(.data)
    SystemCoreClock                          0x2400001c   Data           4  system_stm32h7xx.o(.data)
    SystemD2Clock                            0x24000020   Data           4  system_stm32h7xx.o(.data)
    BMI088_ACCEL_SEN                         0x24000024   Data           4  bmi088driver.o(.data)
    BMI088_GYRO_SEN                          0x24000028   Data           4  bmi088driver.o(.data)
    gNormDiff                                0x24000030   Data           4  bmi088driver.o(.data)
    caliOffset                               0x24000034   Data           1  bmi088driver.o(.data)
    caliCount                                0x24000036   Data           2  bmi088driver.o(.data)
    BMI088_SPI                               0x24000070   Data           4  bmi088middleware.o(.data)
    pxCurrentTCB                             0x24000074   Data           4  tasks.o(.data)
    gravity                                  0x240000dc   Data          12  ins_task.o(.data)
    INS_DWT_Count                            0x240000e8   Data           4  ins_task.o(.data)
    ins_dt                                   0x240000ec   Data           4  ins_task.o(.data)
    ins_time                                 0x240000f0   Data           4  ins_task.o(.data)
    stop_time                                0x240000f4   Data           4  ins_task.o(.data)
    CHASSR_TIME                              0x240000f8   Data           4  chassisr_task.o(.data)
    Turn_Kp                                  0x240000fc   Data           4  chassisr_task.o(.data)
    Turn_Kd                                  0x24000100   Data           4  chassisr_task.o(.data)
    turn_T                                   0x24000104   Data           4  chassisr_task.o(.data)
    lqr_k                                    0x24000108   Data          32  chassisr_task.o(.data)
    time                                     0x24000128   Data           8  chassisr_task.o(.data)
    SysTime                                  0x24000130   Data           8  bsp_dwt.o(.data)
    CYCCNT64                                 0x24000150   Data           8  bsp_dwt.o(.data)
    flag                                     0x24000170   Data           4  can_bsp.o(.data)
    a                                        0x24000178   Data           8  can_bsp.o(.data)
    b                                        0x24000180   Data           8  can_bsp.o(.data)
    hfdcan1                                  0x2400018c   Data         160  fdcan.o(.bss)
    hfdcan2                                  0x2400022c   Data         160  fdcan.o(.bss)
    hfdcan3                                  0x240002cc   Data         160  fdcan.o(.bss)
    hspi2                                    0x2400036c   Data         136  spi.o(.bss)
    hdma_spi2_rx                             0x240003f4   Data         120  spi.o(.bss)
    hdma_spi2_tx                             0x2400046c   Data         120  spi.o(.bss)
    htim3                                    0x240004e4   Data          76  tim.o(.bss)
    huart1                                   0x24000530   Data         148  usart.o(.bss)
    hdma_usart1_rx                           0x240005c4   Data         120  usart.o(.bss)
    hdma_usart1_tx                           0x2400063c   Data         120  usart.o(.bss)
    htim2                                    0x240006b4   Data          76  stm32h7xx_hal_timebase_tim.o(.bss)
    gyroDiff                                 0x24000700   Data          12  bmi088driver.o(.bss)
    BMI088                                   0x2400070c   Data          64  bmi088driver.o(.bss)
    INS                                      0x2400803c   Data         148  ins_task.o(.bss)
    mahony                                   0x240080d0   Data         132  ins_task.o(.bss)
    Gyro                                     0x24008154   Data          12  ins_task.o(.bss)
    Accel                                    0x24008160   Data          12  ins_task.o(.bss)
    chassis_move                             0x2400816c   Data         172  chassisr_task.o(.bss)
    RxHeader1                                0x24008218   Data          40  can_bsp.o(.bss)
    g_Can1RxData                             0x24008240   Data          64  can_bsp.o(.bss)
    RxHeader2                                0x24008280   Data          40  can_bsp.o(.bss)
    g_Can2RxData                             0x240082a8   Data          64  can_bsp.o(.bss)
    send_data                                0x240082e8   Data          43  bsp_usart1.o(.bss)
    rev_data                                 0x24008313   Data          23  bsp_usart1.o(.bss)
    __initial_sp                             0x24008b30   Data           0  startup_stm32h723xx.o(STACK)



==============================================================================

Memory Map of the image

  Image Entry point : 0x080002cd

  Load Region LR_IROM1 (Base: 0x08000000, Size: 0x0000c7b4, Max: 0x00100000, ABSOLUTE, COMPRESSED[0x0000c698])

    Execution Region ER_IROM1 (Exec base: 0x08000000, Load base: 0x08000000, Size: 0x0000c628, Max: 0x00100000, ABSOLUTE)

    Exec Addr    Load Addr    Size         Type   Attr      Idx    E Section Name        Object

    0x08000000   0x08000000   0x000002cc   Data   RO            3    RESET               startup_stm32h723xx.o
    0x080002cc   0x080002cc   0x00000000   Code   RO         8571  * .ARM.Collect$$$$00000000  mc_w.l(entry.o)
    0x080002cc   0x080002cc   0x00000004   Code   RO         8628    .ARM.Collect$$$$00000001  mc_w.l(entry2.o)
    0x080002d0   0x080002d0   0x00000004   Code   RO         8631    .ARM.Collect$$$$00000004  mc_w.l(entry5.o)
    0x080002d4   0x080002d4   0x00000000   Code   RO         8633    .ARM.Collect$$$$00000008  mc_w.l(entry7b.o)
    0x080002d4   0x080002d4   0x00000000   Code   RO         8635    .ARM.Collect$$$$0000000A  mc_w.l(entry8b.o)
    0x080002d4   0x080002d4   0x00000008   Code   RO         8636    .ARM.Collect$$$$0000000B  mc_w.l(entry9a.o)
    0x080002dc   0x080002dc   0x00000004   Code   RO         8643    .ARM.Collect$$$$0000000E  mc_w.l(entry12b.o)
    0x080002e0   0x080002e0   0x00000000   Code   RO         8638    .ARM.Collect$$$$0000000F  mc_w.l(entry10a.o)
    0x080002e0   0x080002e0   0x00000000   Code   RO         8640    .ARM.Collect$$$$00000011  mc_w.l(entry11a.o)
    0x080002e0   0x080002e0   0x00000004   Code   RO         8629    .ARM.Collect$$$$00002712  mc_w.l(entry2.o)
    0x080002e4   0x080002e4   0x000000be   Code   RO         7906    .emb_text           port.o
    0x080003a2   0x080003a2   0x00000002   PAD
    0x080003a4   0x080003a4   0x00000024   Code   RO            4    .text               startup_stm32h723xx.o
    0x080003c8   0x080003c8   0x00000062   Code   RO         8574    .text               mc_w.l(uldiv.o)
    0x0800042a   0x0800042a   0x00000024   Code   RO         8576    .text               mc_w.l(memcpya.o)
    0x0800044e   0x0800044e   0x00000024   Code   RO         8580    .text               mc_w.l(memseta.o)
    0x08000472   0x08000472   0x0000001e   Code   RO         8644    .text               mc_w.l(llshl.o)
    0x08000490   0x08000490   0x00000020   Code   RO         8646    .text               mc_w.l(llushr.o)
    0x080004b0   0x080004b0   0x00000000   Code   RO         8657    .text               mc_w.l(iusefp.o)
    0x080004b0   0x080004b0   0x00000024   Code   RO         8658    .text               mc_w.l(init.o)
    0x080004d4   0x080004d4   0x00000056   Code   RO         8668    .text               mc_w.l(__dczerorl2.o)
    0x0800052a   0x0800052a   0x00000002   PAD
    0x0800052c   0x0800052c   0x00000014   Code   RO         6152    i.BMI088_ACCEL_NS_H  bmi088middleware.o
    0x08000540   0x08000540   0x00000014   Code   RO         6153    i.BMI088_ACCEL_NS_L  bmi088middleware.o
    0x08000554   0x08000554   0x00000014   Code   RO         6154    i.BMI088_GYRO_NS_H  bmi088middleware.o
    0x08000568   0x08000568   0x00000014   Code   RO         6155    i.BMI088_GYRO_NS_L  bmi088middleware.o
    0x0800057c   0x0800057c   0x00000330   Code   RO         6062    i.BMI088_Read       bmi088driver.o
    0x080008ac   0x080008ac   0x000000c0   Code   RO         6063    i.BMI088_init       bmi088driver.o
    0x0800096c   0x0800096c   0x00000026   Code   RO         6064    i.BMI088_read_muli_reg  bmi088driver.o
    0x08000992   0x08000992   0x00000018   Code   RO         6065    i.BMI088_read_single_reg  bmi088driver.o
    0x080009aa   0x080009aa   0x00000002   PAD
    0x080009ac   0x080009ac   0x00000024   Code   RO         6156    i.BMI088_read_write_byte  bmi088middleware.o
    0x080009d0   0x080009d0   0x00000014   Code   RO         6066    i.BMI088_write_single_reg  bmi088driver.o
    0x080009e4   0x080009e4   0x0000015a   Code   RO         7986    i.BodyFrameToEarthFrame  ins_task.o
    0x08000b3e   0x08000b3e   0x00000004   Code   RO          794    i.BusFault_Handler  stm32h7xx_it.o
    0x08000b42   0x08000b42   0x00000002   PAD
    0x08000b44   0x08000b44   0x00000674   Code   RO         6067    i.Calibrate_MPU_Offset  bmi088driver.o
    0x080011b8   0x080011b8   0x00000008   Code   RO          314    i.ChassisR_Task     freertos.o
    0x080011c0   0x080011c0   0x00000058   Code   RO         8049    i.ChassisR_init     chassisr_task.o
    0x08001218   0x08001218   0x00000200   Code   RO         8050    i.ChassisR_task     chassisr_task.o
    0x08001418   0x08001418   0x00000010   Code   RO          795    i.DMA1_Stream0_IRQHandler  stm32h7xx_it.o
    0x08001428   0x08001428   0x00000010   Code   RO          796    i.DMA1_Stream1_IRQHandler  stm32h7xx_it.o
    0x08001438   0x08001438   0x00000010   Code   RO          797    i.DMA1_Stream2_IRQHandler  stm32h7xx_it.o
    0x08001448   0x08001448   0x00000010   Code   RO          798    i.DMA1_Stream3_IRQHandler  stm32h7xx_it.o
    0x08001458   0x08001458   0x000000ec   Code   RO         1853    i.DMA_CalcBaseAndBitshift  stm32h7xx_hal_dma.o
    0x08001544   0x08001544   0x000000c4   Code   RO         1854    i.DMA_CalcDMAMUXChannelBaseAndMask  stm32h7xx_hal_dma.o
    0x08001608   0x08001608   0x00000098   Code   RO         1855    i.DMA_CalcDMAMUXRequestGenBaseAndMask  stm32h7xx_hal_dma.o
    0x080016a0   0x080016a0   0x000000ae   Code   RO         1856    i.DMA_CheckFifoParam  stm32h7xx_hal_dma.o
    0x0800174e   0x0800174e   0x00000002   PAD
    0x08001750   0x08001750   0x00000030   Code   RO         8123    i.DWT_CNT_Update    bsp_dwt.o
    0x08001780   0x08001780   0x0000003c   Code   RO         8124    i.DWT_Delay         bsp_dwt.o
    0x080017bc   0x080017bc   0x0000004c   Code   RO         8125    i.DWT_GetDeltaT     bsp_dwt.o
    0x08001808   0x08001808   0x00000054   Code   RO         8128    i.DWT_GetTimeline_s  bsp_dwt.o
    0x0800185c   0x0800185c   0x00000068   Code   RO         8130    i.DWT_Init          bsp_dwt.o
    0x080018c4   0x080018c4   0x000000d0   Code   RO         8131    i.DWT_SysTimeUpdate  bsp_dwt.o
    0x08001994   0x08001994   0x00000002   Code   RO          799    i.DebugMon_Handler  stm32h7xx_it.o
    0x08001996   0x08001996   0x0000015a   Code   RO         7987    i.EarthFrameToBodyFrame  ins_task.o
    0x08001af0   0x08001af0   0x00000006   Code   RO           13    i.Error_Handler     main.o
    0x08001af6   0x08001af6   0x00000002   PAD
    0x08001af8   0x08001af8   0x00000060   Code   RO         8200    i.FDCAN1_Config     can_bsp.o
    0x08001b58   0x08001b58   0x00000010   Code   RO          800    i.FDCAN1_IT0_IRQHandler  stm32h7xx_it.o
    0x08001b68   0x08001b68   0x00000060   Code   RO         8201    i.FDCAN2_Config     can_bsp.o
    0x08001bc8   0x08001bc8   0x00000010   Code   RO          801    i.FDCAN2_IT0_IRQHandler  stm32h7xx_it.o
    0x08001bd8   0x08001bd8   0x00000010   Code   RO          802    i.FDCAN3_IT0_IRQHandler  stm32h7xx_it.o
    0x08001be8   0x08001be8   0x00000220   Code   RO         3494    i.FDCAN_CalcultateRamBlockAddresses  stm32h7xx_hal_fdcan.o
    0x08001e08   0x08001e08   0x000000d0   Code   RO         3495    i.FDCAN_CopyMessageToRAM  stm32h7xx_hal_fdcan.o
    0x08001ed8   0x08001ed8   0x000004dc   Code   RO         1858    i.HAL_DMA_Abort     stm32h7xx_hal_dma.o
    0x080023b4   0x080023b4   0x00000398   Code   RO         1859    i.HAL_DMA_Abort_IT  stm32h7xx_hal_dma.o
    0x0800274c   0x0800274c   0x00000af8   Code   RO         1863    i.HAL_DMA_IRQHandler  stm32h7xx_hal_dma.o
    0x08003244   0x08003244   0x00000514   Code   RO         1864    i.HAL_DMA_Init      stm32h7xx_hal_dma.o
    0x08003758   0x08003758   0x00000028   Code   RO         2555    i.HAL_Delay         stm32h7xx_hal.o
    0x08003780   0x08003780   0x000000a8   Code   RO         3497    i.HAL_FDCAN_ActivateNotification  stm32h7xx_hal_fdcan.o
    0x08003828   0x08003828   0x00000090   Code   RO         3499    i.HAL_FDCAN_AddMessageToTxFifoQ  stm32h7xx_hal_fdcan.o
    0x080038b8   0x080038b8   0x00000002   Code   RO         3500    i.HAL_FDCAN_ClockCalibrationCallback  stm32h7xx_hal_fdcan.o
    0x080038ba   0x080038ba   0x000000a8   Code   RO         3504    i.HAL_FDCAN_ConfigFilter  stm32h7xx_hal_fdcan.o
    0x08003962   0x08003962   0x00000034   Code   RO         3505    i.HAL_FDCAN_ConfigGlobalFilter  stm32h7xx_hal_fdcan.o
    0x08003996   0x08003996   0x00000002   Code   RO         3526    i.HAL_FDCAN_ErrorCallback  stm32h7xx_hal_fdcan.o
    0x08003998   0x08003998   0x00000002   Code   RO         3527    i.HAL_FDCAN_ErrorStatusCallback  stm32h7xx_hal_fdcan.o
    0x0800399a   0x0800399a   0x00000002   PAD
    0x0800399c   0x0800399c   0x000001f4   Code   RO         3538    i.HAL_FDCAN_GetRxMessage  stm32h7xx_hal_fdcan.o
    0x08003b90   0x08003b90   0x00000002   Code   RO         3544    i.HAL_FDCAN_HighPriorityMessageCallback  stm32h7xx_hal_fdcan.o
    0x08003b92   0x08003b92   0x00000002   PAD
    0x08003b94   0x08003b94   0x000003d4   Code   RO         3545    i.HAL_FDCAN_IRQHandler  stm32h7xx_hal_fdcan.o
    0x08003f68   0x08003f68   0x000002e0   Code   RO         3546    i.HAL_FDCAN_Init    stm32h7xx_hal_fdcan.o
    0x08004248   0x08004248   0x000001b4   Code   RO          590    i.HAL_FDCAN_MspInit  fdcan.o
    0x080043fc   0x080043fc   0x00000002   Code   RO         3555    i.HAL_FDCAN_RxBufferNewMessageCallback  stm32h7xx_hal_fdcan.o
    0x080043fe   0x080043fe   0x00000002   PAD
    0x08004400   0x08004400   0x000000ac   Code   RO         8202    i.HAL_FDCAN_RxFifo0Callback  can_bsp.o
    0x080044ac   0x080044ac   0x0000003c   Code   RO         8203    i.HAL_FDCAN_RxFifo1Callback  can_bsp.o
    0x080044e8   0x080044e8   0x00000034   Code   RO         3558    i.HAL_FDCAN_Start   stm32h7xx_hal_fdcan.o
    0x0800451c   0x0800451c   0x00000002   Code   RO         3580    i.HAL_FDCAN_TT_GlobalTimeCallback  stm32h7xx_hal_fdcan.o
    0x0800451e   0x0800451e   0x00000002   Code   RO         3581    i.HAL_FDCAN_TT_ScheduleSyncCallback  stm32h7xx_hal_fdcan.o
    0x08004520   0x08004520   0x00000002   Code   RO         3586    i.HAL_FDCAN_TT_StopWatchCallback  stm32h7xx_hal_fdcan.o
    0x08004522   0x08004522   0x00000002   Code   RO         3587    i.HAL_FDCAN_TT_TimeMarkCallback  stm32h7xx_hal_fdcan.o
    0x08004524   0x08004524   0x00000002   Code   RO         3588    i.HAL_FDCAN_TimeoutOccurredCallback  stm32h7xx_hal_fdcan.o
    0x08004526   0x08004526   0x00000002   Code   RO         3589    i.HAL_FDCAN_TimestampWraparoundCallback  stm32h7xx_hal_fdcan.o
    0x08004528   0x08004528   0x00000002   Code   RO         3590    i.HAL_FDCAN_TxBufferAbortCallback  stm32h7xx_hal_fdcan.o
    0x0800452a   0x0800452a   0x00000002   Code   RO         3591    i.HAL_FDCAN_TxBufferCompleteCallback  stm32h7xx_hal_fdcan.o
    0x0800452c   0x0800452c   0x00000002   Code   RO         3592    i.HAL_FDCAN_TxEventFifoCallback  stm32h7xx_hal_fdcan.o
    0x0800452e   0x0800452e   0x00000002   Code   RO         3593    i.HAL_FDCAN_TxFifoEmptyCallback  stm32h7xx_hal_fdcan.o
    0x08004530   0x08004530   0x000001f0   Code   RO         1706    i.HAL_GPIO_Init     stm32h7xx_hal_gpio.o
    0x08004720   0x08004720   0x0000000c   Code   RO         1710    i.HAL_GPIO_WritePin  stm32h7xx_hal_gpio.o
    0x0800472c   0x0800472c   0x0000000c   Code   RO         2571    i.HAL_GetTick       stm32h7xx_hal.o
    0x08004738   0x08004738   0x00000018   Code   RO         2577    i.HAL_IncTick       stm32h7xx_hal.o
    0x08004750   0x08004750   0x00000060   Code   RO         2578    i.HAL_Init          stm32h7xx_hal.o
    0x080047b0   0x080047b0   0x000000a0   Code   RO          936    i.HAL_InitTick      stm32h7xx_hal_timebase_tim.o
    0x08004850   0x08004850   0x00000030   Code   RO          912    i.HAL_MspInit       stm32h7xx_hal_msp.o
    0x08004880   0x08004880   0x00000028   Code   RO          983    i.HAL_NVIC_EnableIRQ  stm32h7xx_hal_cortex.o
    0x080048a8   0x080048a8   0x0000007a   Code   RO          989    i.HAL_NVIC_SetPriority  stm32h7xx_hal_cortex.o
    0x08004922   0x08004922   0x00000002   PAD
    0x08004924   0x08004924   0x00000028   Code   RO          990    i.HAL_NVIC_SetPriorityGrouping  stm32h7xx_hal_cortex.o
    0x0800494c   0x0800494c   0x00000060   Code   RO         2307    i.HAL_PWREx_ConfigSupply  stm32h7xx_hal_pwr_ex.o
    0x080049ac   0x080049ac   0x00000024   Code   RO         1249    i.HAL_RCCEx_GetD3PCLK1Freq  stm32h7xx_hal_rcc_ex.o
    0x080049d0   0x080049d0   0x00000230   Code   RO         1251    i.HAL_RCCEx_GetPLL2ClockFreq  stm32h7xx_hal_rcc_ex.o
    0x08004c00   0x08004c00   0x00000230   Code   RO         1252    i.HAL_RCCEx_GetPLL3ClockFreq  stm32h7xx_hal_rcc_ex.o
    0x08004e30   0x08004e30   0x00000cc8   Code   RO         1258    i.HAL_RCCEx_PeriphCLKConfig  stm32h7xx_hal_rcc_ex.o
    0x08005af8   0x08005af8   0x00000320   Code   RO         1134    i.HAL_RCC_ClockConfig  stm32h7xx_hal_rcc.o
    0x08005e18   0x08005e18   0x0000006c   Code   RO         1138    i.HAL_RCC_GetClockConfig  stm32h7xx_hal_rcc.o
    0x08005e84   0x08005e84   0x0000004c   Code   RO         1139    i.HAL_RCC_GetHCLKFreq  stm32h7xx_hal_rcc.o
    0x08005ed0   0x08005ed0   0x00000024   Code   RO         1141    i.HAL_RCC_GetPCLK1Freq  stm32h7xx_hal_rcc.o
    0x08005ef4   0x08005ef4   0x00000024   Code   RO         1142    i.HAL_RCC_GetPCLK2Freq  stm32h7xx_hal_rcc.o
    0x08005f18   0x08005f18   0x0000022c   Code   RO         1143    i.HAL_RCC_GetSysClockFreq  stm32h7xx_hal_rcc.o
    0x08006144   0x08006144   0x0000075c   Code   RO         1146    i.HAL_RCC_OscConfig  stm32h7xx_hal_rcc.o
    0x080068a0   0x080068a0   0x00000002   Code   RO         4119    i.HAL_SPI_ErrorCallback  stm32h7xx_hal_spi.o
    0x080068a2   0x080068a2   0x00000002   PAD
    0x080068a4   0x080068a4   0x00000294   Code   RO         4122    i.HAL_SPI_IRQHandler  stm32h7xx_hal_spi.o
    0x08006b38   0x08006b38   0x000001b0   Code   RO         4123    i.HAL_SPI_Init      stm32h7xx_hal_spi.o
    0x08006ce8   0x08006ce8   0x00000178   Code   RO          663    i.HAL_SPI_MspInit   spi.o
    0x08006e60   0x08006e60   0x00000002   Code   RO         4129    i.HAL_SPI_RxCpltCallback  stm32h7xx_hal_spi.o
    0x08006e62   0x08006e62   0x00000002   Code   RO         4131    i.HAL_SPI_SuspendCallback  stm32h7xx_hal_spi.o
    0x08006e64   0x08006e64   0x00000454   Code   RO         4133    i.HAL_SPI_TransmitReceive  stm32h7xx_hal_spi.o
    0x080072b8   0x080072b8   0x00000002   Code   RO         4138    i.HAL_SPI_TxCpltCallback  stm32h7xx_hal_spi.o
    0x080072ba   0x080072ba   0x00000002   Code   RO         4140    i.HAL_SPI_TxRxCpltCallback  stm32h7xx_hal_spi.o
    0x080072bc   0x080072bc   0x00000002   Code   RO         5173    i.HAL_TIMEx_Break2Callback  stm32h7xx_hal_tim_ex.o
    0x080072be   0x080072be   0x00000002   Code   RO         5174    i.HAL_TIMEx_BreakCallback  stm32h7xx_hal_tim_ex.o
    0x080072c0   0x080072c0   0x00000002   Code   RO         5175    i.HAL_TIMEx_CommutCallback  stm32h7xx_hal_tim_ex.o
    0x080072c2   0x080072c2   0x00000002   PAD
    0x080072c4   0x080072c4   0x000000e4   Code   RO         5196    i.HAL_TIMEx_MasterConfigSynchronization  stm32h7xx_hal_tim_ex.o
    0x080073a8   0x080073a8   0x0000006e   Code   RO         4448    i.HAL_TIM_Base_Init  stm32h7xx_hal_tim.o
    0x08007416   0x08007416   0x00000002   Code   RO         4450    i.HAL_TIM_Base_MspInit  stm32h7xx_hal_tim.o
    0x08007418   0x08007418   0x000000cc   Code   RO         4453    i.HAL_TIM_Base_Start_IT  stm32h7xx_hal_tim.o
    0x080074e4   0x080074e4   0x00000002   Code   RO         4482    i.HAL_TIM_IC_CaptureCallback  stm32h7xx_hal_tim.o
    0x080074e6   0x080074e6   0x00000198   Code   RO         4496    i.HAL_TIM_IRQHandler  stm32h7xx_hal_tim.o
    0x0800767e   0x0800767e   0x00000002   PAD
    0x08007680   0x08007680   0x0000005c   Code   RO          704    i.HAL_TIM_MspPostInit  tim.o
    0x080076dc   0x080076dc   0x00000002   Code   RO         4499    i.HAL_TIM_OC_DelayElapsedCallback  stm32h7xx_hal_tim.o
    0x080076de   0x080076de   0x00000170   Code   RO         4520    i.HAL_TIM_PWM_ConfigChannel  stm32h7xx_hal_tim.o
    0x0800784e   0x0800784e   0x0000006e   Code   RO         4523    i.HAL_TIM_PWM_Init  stm32h7xx_hal_tim.o
    0x080078bc   0x080078bc   0x00000030   Code   RO          706    i.HAL_TIM_PWM_MspInit  tim.o
    0x080078ec   0x080078ec   0x00000002   Code   RO         4526    i.HAL_TIM_PWM_PulseFinishedCallback  stm32h7xx_hal_tim.o
    0x080078ee   0x080078ee   0x00000012   Code   RO           14    i.HAL_TIM_PeriodElapsedCallback  main.o
    0x08007900   0x08007900   0x00000002   Code   RO         4539    i.HAL_TIM_TriggerCallback  stm32h7xx_hal_tim.o
    0x08007902   0x08007902   0x0000004e   Code   RO         5901    i.HAL_UARTEx_DisableFifoMode  stm32h7xx_hal_uart_ex.o
    0x08007950   0x08007950   0x00000002   Code   RO         5485    i.HAL_UARTEx_RxEventCallback  stm32h7xx_hal_uart.o
    0x08007952   0x08007952   0x00000002   Code   RO         5909    i.HAL_UARTEx_RxFifoFullCallback  stm32h7xx_hal_uart_ex.o
    0x08007954   0x08007954   0x0000005e   Code   RO         5910    i.HAL_UARTEx_SetRxFifoThreshold  stm32h7xx_hal_uart_ex.o
    0x080079b2   0x080079b2   0x0000005e   Code   RO         5911    i.HAL_UARTEx_SetTxFifoThreshold  stm32h7xx_hal_uart_ex.o
    0x08007a10   0x08007a10   0x00000002   Code   RO         5913    i.HAL_UARTEx_TxFifoEmptyCallback  stm32h7xx_hal_uart_ex.o
    0x08007a12   0x08007a12   0x00000002   Code   RO         5914    i.HAL_UARTEx_WakeupCallback  stm32h7xx_hal_uart_ex.o
    0x08007a14   0x08007a14   0x00000002   Code   RO         5501    i.HAL_UART_ErrorCallback  stm32h7xx_hal_uart.o
    0x08007a16   0x08007a16   0x00000002   PAD
    0x08007a18   0x08007a18   0x00000494   Code   RO         5504    i.HAL_UART_IRQHandler  stm32h7xx_hal_uart.o
    0x08007eac   0x08007eac   0x00000078   Code   RO         5505    i.HAL_UART_Init     stm32h7xx_hal_uart.o
    0x08007f24   0x08007f24   0x00000130   Code   RO          753    i.HAL_UART_MspInit  usart.o
    0x08008054   0x08008054   0x0000005c   Code   RO         5510    i.HAL_UART_Receive_IT  stm32h7xx_hal_uart.o
    0x080080b0   0x080080b0   0x000000f0   Code   RO         8283    i.HAL_UART_RxCpltCallback  bsp_usart1.o
    0x080081a0   0x080081a0   0x00000002   Code   RO         5517    i.HAL_UART_TxCpltCallback  stm32h7xx_hal_uart.o
    0x080081a2   0x080081a2   0x00000004   Code   RO          803    i.HardFault_Handler  stm32h7xx_it.o
    0x080081a6   0x080081a6   0x00000002   PAD
    0x080081a8   0x080081a8   0x00000034   Code   RO         7988    i.INS_Init          ins_task.o
    0x080081dc   0x080081dc   0x00000008   Code   RO          315    i.INS_Task          freertos.o
    0x080081e4   0x080081e4   0x0000035c   Code   RO         7989    i.INS_task          ins_task.o
    0x08008540   0x08008540   0x00000064   Code   RO          565    i.MX_DMA_Init       dma.o
    0x080085a4   0x080085a4   0x00000080   Code   RO          591    i.MX_FDCAN1_Init    fdcan.o
    0x08008624   0x08008624   0x00000080   Code   RO          592    i.MX_FDCAN2_Init    fdcan.o
    0x080086a4   0x080086a4   0x00000080   Code   RO          593    i.MX_FDCAN3_Init    fdcan.o
    0x08008724   0x08008724   0x00000060   Code   RO          316    i.MX_FREERTOS_Init  freertos.o
    0x08008784   0x08008784   0x00000174   Code   RO          290    i.MX_GPIO_Init      gpio.o
    0x080088f8   0x080088f8   0x00000064   Code   RO          664    i.MX_SPI2_Init      spi.o
    0x0800895c   0x0800895c   0x00000080   Code   RO          707    i.MX_TIM3_Init      tim.o
    0x080089dc   0x080089dc   0x0000006c   Code   RO          754    i.MX_USART1_UART_Init  usart.o
    0x08008a48   0x08008a48   0x00000004   Code   RO          804    i.MemManage_Handler  stm32h7xx_it.o
    0x08008a4c   0x08008a4c   0x00000004   Code   RO          805    i.NMI_Handler       stm32h7xx_it.o
    0x08008a50   0x08008a50   0x00000048   Code   RO           15    i.PeriphCommonClock_Config  main.o
    0x08008a98   0x08008a98   0x00000164   Code   RO         1261    i.RCCEx_PLL2_Config  stm32h7xx_hal_rcc_ex.o
    0x08008bfc   0x08008bfc   0x00000164   Code   RO         1262    i.RCCEx_PLL3_Config  stm32h7xx_hal_rcc_ex.o
    0x08008d60   0x08008d60   0x0000012e   Code   RO         6317    i.RotationMatrix_update  mahony_filter.o
    0x08008e8e   0x08008e8e   0x00000002   PAD
    0x08008e90   0x08008e90   0x00000010   Code   RO          806    i.SPI2_IRQHandler   stm32h7xx_it.o
    0x08008ea0   0x08008ea0   0x000000d6   Code   RO         4143    i.SPI_CloseTransfer  stm32h7xx_hal_spi.o
    0x08008f76   0x08008f76   0x0000001c   Code   RO         4144    i.SPI_DMAAbortOnError  stm32h7xx_hal_spi.o
    0x08008f92   0x08008f92   0x0000001a   Code   RO         4154    i.SPI_GetPacketSize  stm32h7xx_hal_spi.o
    0x08008fac   0x08008fac   0x00000042   Code   RO         4161    i.SPI_WaitOnFlagUntilTimeout  stm32h7xx_hal_spi.o
    0x08008fee   0x08008fee   0x0000000a   Code   RO          317    i.StartDefaultTask  freertos.o
    0x08008ff8   0x08008ff8   0x00000034   Code   RO         7907    i.SysTick_Handler   port.o
    0x0800902c   0x0800902c   0x000000b4   Code   RO           16    i.SystemClock_Config  main.o
    0x080090e0   0x080090e0   0x000000e0   Code   RO         6025    i.SystemInit        system_stm32h7xx.o
    0x080091c0   0x080091c0   0x00000010   Code   RO          807    i.TIM2_IRQHandler   stm32h7xx_it.o
    0x080091d0   0x080091d0   0x000000f0   Code   RO         4541    i.TIM_Base_SetConfig  stm32h7xx_hal_tim.o
    0x080092c0   0x080092c0   0x000000ac   Code   RO         4554    i.TIM_OC1_SetConfig  stm32h7xx_hal_tim.o
    0x0800936c   0x0800936c   0x000000b4   Code   RO         4555    i.TIM_OC2_SetConfig  stm32h7xx_hal_tim.o
    0x08009420   0x08009420   0x000000b4   Code   RO         4556    i.TIM_OC3_SetConfig  stm32h7xx_hal_tim.o
    0x080094d4   0x080094d4   0x00000074   Code   RO         4557    i.TIM_OC4_SetConfig  stm32h7xx_hal_tim.o
    0x08009548   0x08009548   0x00000070   Code   RO         4558    i.TIM_OC5_SetConfig  stm32h7xx_hal_tim.o
    0x080095b8   0x080095b8   0x00000070   Code   RO         4559    i.TIM_OC6_SetConfig  stm32h7xx_hal_tim.o
    0x08009628   0x08009628   0x0000005c   Code   RO         8051    i.Turn              chassisr_task.o
    0x08009684   0x08009684   0x00000058   Code   RO         5915    i.UARTEx_SetNbDataToProcess  stm32h7xx_hal_uart_ex.o
    0x080096dc   0x080096dc   0x000000f8   Code   RO         5519    i.UART_AdvFeatureConfig  stm32h7xx_hal_uart.o
    0x080097d4   0x080097d4   0x000000ea   Code   RO         5520    i.UART_CheckIdleState  stm32h7xx_hal_uart.o
    0x080098be   0x080098be   0x00000018   Code   RO         5521    i.UART_DMAAbortOnError  stm32h7xx_hal_uart.o
    0x080098d6   0x080098d6   0x00000002   PAD
    0x080098d8   0x080098d8   0x0000006c   Code   RO         5531    i.UART_EndRxTransfer  stm32h7xx_hal_uart.o
    0x08009944   0x08009944   0x00000030   Code   RO         5532    i.UART_EndTransmit_IT  stm32h7xx_hal_uart.o
    0x08009974   0x08009974   0x00000104   Code   RO         5534    i.UART_RxISR_16BIT  stm32h7xx_hal_uart.o
    0x08009a78   0x08009a78   0x000001fc   Code   RO         5535    i.UART_RxISR_16BIT_FIFOEN  stm32h7xx_hal_uart.o
    0x08009c74   0x08009c74   0x00000104   Code   RO         5536    i.UART_RxISR_8BIT   stm32h7xx_hal_uart.o
    0x08009d78   0x08009d78   0x000001f8   Code   RO         5537    i.UART_RxISR_8BIT_FIFOEN  stm32h7xx_hal_uart.o
    0x08009f70   0x08009f70   0x00000628   Code   RO         5538    i.UART_SetConfig    stm32h7xx_hal_uart.o
    0x0800a598   0x0800a598   0x0000015c   Code   RO         5540    i.UART_Start_Receive_IT  stm32h7xx_hal_uart.o
    0x0800a6f4   0x0800a6f4   0x000000ac   Code   RO         5545    i.UART_WaitOnFlagUntilTimeout  stm32h7xx_hal_uart.o
    0x0800a7a0   0x0800a7a0   0x00000010   Code   RO          808    i.USART1_IRQHandler  stm32h7xx_it.o
    0x0800a7b0   0x0800a7b0   0x00000004   Code   RO          809    i.UsageFault_Handler  stm32h7xx_it.o
    0x0800a7b4   0x0800a7b4   0x00000026   Code   RO         8612    i.__ARM_fpclassifyf  m_wv.l(fpclassifyf.o)
    0x0800a7da   0x0800a7da   0x00000002   PAD
    0x0800a7dc   0x0800a7dc   0x00000010   Code   RO          996    i.__NVIC_GetPriorityGrouping  stm32h7xx_hal_cortex.o
    0x0800a7ec   0x0800a7ec   0x00000028   Code   RO          997    i.__NVIC_SetPriority  stm32h7xx_hal_cortex.o
    0x0800a814   0x0800a814   0x00000138   Code   RO         8523    i.__hardfp_asinf    m_wv.l(asinf.o)
    0x0800a94c   0x0800a94c   0x000002b4   Code   RO         8535    i.__hardfp_atan2f   m_wv.l(atan2f.o)
    0x0800ac00   0x0800ac00   0x00000066   Code   RO         8547    i.__hardfp_sqrt     m_wv.l(sqrt.o)
    0x0800ac66   0x0800ac66   0x0000003a   Code   RO         8559    i.__hardfp_sqrtf    m_wv.l(sqrtf.o)
    0x0800aca0   0x0800aca0   0x00000006   Code   RO         8615    i.__mathlib_flt_infnan  m_wv.l(funder.o)
    0x0800aca6   0x0800aca6   0x00000006   Code   RO         8616    i.__mathlib_flt_infnan2  m_wv.l(funder.o)
    0x0800acac   0x0800acac   0x00000010   Code   RO         8617    i.__mathlib_flt_invalid  m_wv.l(funder.o)
    0x0800acbc   0x0800acbc   0x00000010   Code   RO         8620    i.__mathlib_flt_underflow  m_wv.l(funder.o)
    0x0800accc   0x0800accc   0x0000000e   Code   RO         8662    i.__scatterload_copy  mc_w.l(handlers.o)
    0x0800acda   0x0800acda   0x00000002   Code   RO         8663    i.__scatterload_null  mc_w.l(handlers.o)
    0x0800acdc   0x0800acdc   0x0000000e   Code   RO         8664    i.__scatterload_zeroinit  mc_w.l(handlers.o)
    0x0800acea   0x0800acea   0x00000002   PAD
    0x0800acec   0x0800acec   0x0000000c   Code   RO         8652    i.__set_errno       mc_w.l(errno.o)
    0x0800acf8   0x0800acf8   0x0000016c   Code   RO         6068    i.bmi088_accel_init  bmi088driver.o
    0x0800ae64   0x0800ae64   0x00000130   Code   RO         6069    i.bmi088_gyro_init  bmi088driver.o
    0x0800af94   0x0800af94   0x00000072   Code   RO         8204    i.canx_send_data    can_bsp.o
    0x0800b006   0x0800b006   0x00000002   PAD
    0x0800b008   0x0800b008   0x000000f4   Code   RO         8052    i.chassisR_feedback_update  chassisr_task.o
    0x0800b0fc   0x0800b0fc   0x000000a0   Code   RO         6210    i.dm6215_fbdata     dm4310_drv.o
    0x0800b19c   0x0800b19c   0x00000042   Code   RO         6211    i.enable_motor_mode  dm4310_drv.o
    0x0800b1de   0x0800b1de   0x0000000a   Code   RO         6070    i.fabsf             bmi088driver.o
    0x0800b1e8   0x0800b1e8   0x00000032   Code   RO         6212    i.float_to_uint     dm4310_drv.o
    0x0800b21a   0x0800b21a   0x00000002   PAD
    0x0800b21c   0x0800b21c   0x00000038   Code   RO         6318    i.mahony_init       mahony_filter.o
    0x0800b254   0x0800b254   0x0000001e   Code   RO         6319    i.mahony_input      mahony_filter.o
    0x0800b272   0x0800b272   0x0000004a   Code   RO         6320    i.mahony_output     mahony_filter.o
    0x0800b2bc   0x0800b2bc   0x00000286   Code   RO         6321    i.mahony_update     mahony_filter.o
    0x0800b542   0x0800b542   0x00000002   PAD
    0x0800b544   0x0800b544   0x00000084   Code   RO           17    i.main              main.o
    0x0800b5c8   0x0800b5c8   0x0000000e   Code   RO         7472    i.makeFreeRtosPriority  cmsis_os.o
    0x0800b5d6   0x0800b5d6   0x00000002   PAD
    0x0800b5d8   0x0800b5d8   0x000000f8   Code   RO         6215    i.mit_ctrl2         dm4310_drv.o
    0x0800b6d0   0x0800b6d0   0x00000028   Code   RO         8053    i.mySaturate        chassisr_task.o
    0x0800b6f8   0x0800b6f8   0x00000018   Code   RO         7474    i.osDelay           cmsis_os.o
    0x0800b710   0x0800b710   0x0000000a   Code   RO         7477    i.osKernelStart     cmsis_os.o
    0x0800b71a   0x0800b71a   0x00000030   Code   RO         7511    i.osThreadCreate    cmsis_os.o
    0x0800b74a   0x0800b74a   0x00000002   PAD
    0x0800b74c   0x0800b74c   0x00000098   Code   RO         7149    i.prvAddCurrentTaskToDelayedList  tasks.o
    0x0800b7e4   0x0800b7e4   0x000000b4   Code   RO         7150    i.prvAddNewTaskToReadyList  tasks.o
    0x0800b898   0x0800b898   0x00000048   Code   RO         7151    i.prvCheckTasksWaitingTermination  tasks.o
    0x0800b8e0   0x0800b8e0   0x00000012   Code   RO         7152    i.prvDeleteTCB      tasks.o
    0x0800b8f2   0x0800b8f2   0x00000002   PAD
    0x0800b8f4   0x0800b8f4   0x0000007c   Code   RO         7839    i.prvHeapInit       heap_4.o
    0x0800b970   0x0800b970   0x00000028   Code   RO         7153    i.prvIdleTask       tasks.o
    0x0800b998   0x0800b998   0x000000b4   Code   RO         7154    i.prvInitialiseNewTask  tasks.o
    0x0800ba4c   0x0800ba4c   0x00000068   Code   RO         7155    i.prvInitialiseTaskLists  tasks.o
    0x0800bab4   0x0800bab4   0x00000068   Code   RO         7840    i.prvInsertBlockIntoFreeList  heap_4.o
    0x0800bb1c   0x0800bb1c   0x00000034   Code   RO         7156    i.prvResetNextTaskUnblockTime  tasks.o
    0x0800bb50   0x0800bb50   0x00000040   Code   RO         7908    i.prvTaskExitError  port.o
    0x0800bb90   0x0800bb90   0x0000014c   Code   RO         7841    i.pvPortMalloc      heap_4.o
    0x0800bcdc   0x0800bcdc   0x0000002c   Code   RO         7909    i.pxPortInitialiseStack  port.o
    0x0800bd08   0x0800bd08   0x0000003e   Code   RO         8561    i.sqrtf             m_wv.l(sqrtf.o)
    0x0800bd46   0x0800bd46   0x00000034   Code   RO         6219    i.uint_to_float     dm4310_drv.o
    0x0800bd7a   0x0800bd7a   0x00000028   Code   RO         6802    i.uxListRemove      list.o
    0x0800bda2   0x0800bda2   0x0000001a   Code   RO         6803    i.vListInitialise   list.o
    0x0800bdbc   0x0800bdbc   0x00000006   Code   RO         6804    i.vListInitialiseItem  list.o
    0x0800bdc2   0x0800bdc2   0x00000034   Code   RO         6805    i.vListInsert       list.o
    0x0800bdf6   0x0800bdf6   0x00000018   Code   RO         6806    i.vListInsertEnd    list.o
    0x0800be0e   0x0800be0e   0x00000002   PAD
    0x0800be10   0x0800be10   0x00000054   Code   RO         7911    i.vPortEnterCritical  port.o
    0x0800be64   0x0800be64   0x0000003c   Code   RO         7912    i.vPortExitCritical  port.o
    0x0800bea0   0x0800bea0   0x000000a4   Code   RO         7842    i.vPortFree         heap_4.o
    0x0800bf44   0x0800bf44   0x00000028   Code   RO         7913    i.vPortSetupTimerInterrupt  port.o
    0x0800bf6c   0x0800bf6c   0x0000005c   Code   RO         7165    i.vTaskDelay        tasks.o
    0x0800bfc8   0x0800bfc8   0x00000088   Code   RO         7178    i.vTaskStartScheduler  tasks.o
    0x0800c050   0x0800c050   0x00000010   Code   RO         7180    i.vTaskSuspendAll   tasks.o
    0x0800c060   0x0800c060   0x0000008c   Code   RO         7181    i.vTaskSwitchContext  tasks.o
    0x0800c0ec   0x0800c0ec   0x00000006   Code   RO         6220    i.wheel_motor_init  dm4310_drv.o
    0x0800c0f2   0x0800c0f2   0x00000002   PAD
    0x0800c0f4   0x0800c0f4   0x00000168   Code   RO         7915    i.xPortStartScheduler  port.o
    0x0800c25c   0x0800c25c   0x00000060   Code   RO         7184    i.xTaskCreate       tasks.o
    0x0800c2bc   0x0800c2bc   0x00000148   Code   RO         7191    i.xTaskIncrementTick  tasks.o
    0x0800c404   0x0800c404   0x00000104   Code   RO         7197    i.xTaskResumeAll    tasks.o
    0x0800c508   0x0800c508   0x0000003c   Data   RO          318    .constdata          freertos.o
    0x0800c544   0x0800c544   0x00000008   Data   RO         1870    .constdata          stm32h7xx_hal_dma.o
    0x0800c54c   0x0800c54c   0x0000005c   Data   RO         3594    .constdata          stm32h7xx_hal_fdcan.o
    0x0800c5a8   0x0800c5a8   0x00000018   Data   RO         5546    .constdata          stm32h7xx_hal_uart.o
    0x0800c5c0   0x0800c5c0   0x00000010   Data   RO         5917    .constdata          stm32h7xx_hal_uart_ex.o
    0x0800c5d0   0x0800c5d0   0x00000010   Data   RO         6026    .constdata          system_stm32h7xx.o
    0x0800c5e0   0x0800c5e0   0x00000028   Data   RO          319    .conststring        freertos.o
    0x0800c608   0x0800c608   0x00000020   Data   RO         8660    Region$$Table       anon$$obj.o


    Execution Region RW_IRAM1 (Exec base: 0x20000000, Load base: 0x0800c628, Size: 0x00000000, Max: 0x00020000, ABSOLUTE)

    **** No section assigned to this execution region ****


    Execution Region RW_IRAM2 (Exec base: 0x24000000, Load base: 0x0800c628, Size: 0x00008b30, Max: 0x00050000, ABSOLUTE, COMPRESSED[0x00000070])

    Exec Addr    Load Addr    Size         Type   Attr      Idx    E Section Name        Object

    0x24000000   COMPRESSED   0x0000000c   Data   RW          320    .data               freertos.o
    0x2400000c   COMPRESSED   0x00000004   Data   RW          595    .data               fdcan.o
    0x24000010   COMPRESSED   0x00000009   Data   RW         2602    .data               stm32h7xx_hal.o
    0x24000019   COMPRESSED   0x00000003   PAD
    0x2400001c   COMPRESSED   0x00000008   Data   RW         6027    .data               system_stm32h7xx.o
    0x24000024   COMPRESSED   0x0000004a   Data   RW         6072    .data               bmi088driver.o
    0x2400006e   COMPRESSED   0x00000002   PAD
    0x24000070   COMPRESSED   0x00000004   Data   RW         6157    .data               bmi088middleware.o
    0x24000074   COMPRESSED   0x0000003c   Data   RW         7200    .data               tasks.o
    0x240000b0   COMPRESSED   0x00000020   Data   RW         7848    .data               heap_4.o
    0x240000d0   COMPRESSED   0x0000000c   Data   RW         7916    .data               port.o
    0x240000dc   COMPRESSED   0x0000001c   Data   RW         7991    .data               ins_task.o
    0x240000f8   COMPRESSED   0x00000038   Data   RW         8055    .data               chassisr_task.o
    0x24000130   COMPRESSED   0x00000040   Data   RW         8132    .data               bsp_dwt.o
    0x24000170   COMPRESSED   0x00000018   Data   RW         8206    .data               can_bsp.o
    0x24000188   COMPRESSED   0x00000004   Data   RW         8653    .data               mc_w.l(errno.o)
    0x2400018c        -       0x000001e0   Zero   RW          594    .bss                fdcan.o
    0x2400036c        -       0x00000178   Zero   RW          665    .bss                spi.o
    0x240004e4        -       0x0000004c   Zero   RW          708    .bss                tim.o
    0x24000530        -       0x00000184   Zero   RW          755    .bss                usart.o
    0x240006b4        -       0x0000004c   Zero   RW          939    .bss                stm32h7xx_hal_timebase_tim.o
    0x24000700        -       0x0000004c   Zero   RW         6071    .bss                bmi088driver.o
    0x2400074c        -       0x000000f0   Zero   RW         7199    .bss                tasks.o
    0x2400083c        -       0x00007800   Zero   RW         7847    .bss                heap_4.o
    0x2400803c        -       0x00000130   Zero   RW         7990    .bss                ins_task.o
    0x2400816c        -       0x000000ac   Zero   RW         8054    .bss                chassisr_task.o
    0x24008218        -       0x000000d0   Zero   RW         8205    .bss                can_bsp.o
    0x240082e8        -       0x00000042   Zero   RW         8285    .bss                bsp_usart1.o
    0x2400832a   COMPRESSED   0x00000006   PAD
    0x24008330        -       0x00000800   Zero   RW            1    STACK               startup_stm32h723xx.o


==============================================================================

Image component sizes


      Code (inc. data)   RO Data    RW Data    ZI Data      Debug   Object Name

      3420        210          0         74         76      15464   bmi088driver.o
       116         30          0          4          0       3324   bmi088middleware.o
       580        112          0         64          0       4466   bsp_dwt.o
       240         22          0          0         66       1901   bsp_usart1.o
       538         48          0         24        208       4333   can_bsp.o
       976         86          0         56        172       5742   chassisr_task.o
        96          0          0          0          0      12691   cmsis_os.o
       582         24          0          0          0       6151   dm4310_drv.o
       100          4          0          0          0        878   dma.o
         0          0          0          0          0       5160   event_groups.o
       820         54          0          4        480       3325   fdcan.o
       122         18        100         12          0     993417   freertos.o
       372         16          0          0          0       1219   gpio.o
       724         74          0         32      30720       7431   heap_4.o
      1604         92          0         28        304       4690   ins_task.o
       148          0          0          0          0       3606   list.o
      1108         16          0          0          0       5941   mahony_filter.o
       408         20          0          0          0    1242906   main.o
       894         78          0         12          0      11096   port.o
       476         38          0          0        376       2063   spi.o
        36          8        716          0       2048        820   startup_stm32h723xx.o
       172         34          0          9          0      22878   stm32h7xx_hal.o
       258         22          0          0          0      39190   stm32h7xx_hal_cortex.o
      7030        138          8          0          0      10971   stm32h7xx_hal_dma.o
      3582         54         92          0          0      22316   stm32h7xx_hal_fdcan.o
       508         50          0          0          0       2180   stm32h7xx_hal_gpio.o
        48          6          0          0          0        910   stm32h7xx_hal_msp.o
        96          6          0          0          0        761   stm32h7xx_hal_pwr_ex.o
      3496        120          0          0          0       7481   stm32h7xx_hal_rcc.o
      5140        112          0          0          0       7233   stm32h7xx_hal_rcc_ex.o
      2544         32          0          0          0      10325   stm32h7xx_hal_spi.o
      2322        234          0          0          0      12677   stm32h7xx_hal_tim.o
       234         38          0          0          0       3232   stm32h7xx_hal_tim_ex.o
       160         18          0          0         76       1611   stm32h7xx_hal_timebase_tim.o
      5680        210         24          0          0      37170   stm32h7xx_hal_uart.o
       360         10         16          0          0       5450   stm32h7xx_hal_uart_ex.o
       182         60          0          0          0       7601   stm32h7xx_it.o
       224         32         16          8          0       1354   system_stm32h7xx.o
      1866        268          0         60        240      18521   tasks.o
       268         32          0          0         76       2363   tim.o
       412         36          0          0        388       2040   usart.o
         0          0          0          0          0        960   user_lib.o

    ----------------------------------------------------------------------
     47990       2462       1004        392      35236    2553848   Object Totals
         0          0         32          0          0          0   (incl. Generated)
        48          0          0          5          6          0   (incl. Padding)

    ----------------------------------------------------------------------

      Code (inc. data)   RO Data    RW Data    ZI Data      Debug   Library Member Name

       312         54          0          0          0        176   asinf.o
       692         98          0          0          0        208   atan2f.o
        38          0          0          0          0        116   fpclassifyf.o
        44         12          0          0          0        464   funder.o
       102          0          0          0          0        140   sqrt.o
       120          0          0          0          0        272   sqrtf.o
        86          0          0          0          0          0   __dczerorl2.o
         0          0          0          0          0          0   entry.o
         0          0          0          0          0          0   entry10a.o
         0          0          0          0          0          0   entry11a.o
         4          0          0          0          0          0   entry12b.o
         8          4          0          0          0          0   entry2.o
         4          0          0          0          0          0   entry5.o
         0          0          0          0          0          0   entry7b.o
         0          0          0          0          0          0   entry8b.o
         8          4          0          0          0          0   entry9a.o
        12          6          0          4          0         68   errno.o
        30          0          0          0          0          0   handlers.o
        36          8          0          0          0         68   init.o
         0          0          0          0          0          0   iusefp.o
        30          0          0          0          0         68   llshl.o
        32          0          0          0          0         68   llushr.o
        36          0          0          0          0         68   memcpya.o
        36          0          0          0          0        108   memseta.o
        98          0          0          0          0         92   uldiv.o

    ----------------------------------------------------------------------
      1734        186          0          4          0       1916   Library Totals
         6          0          0          0          0          0   (incl. Padding)

    ----------------------------------------------------------------------

      Code (inc. data)   RO Data    RW Data    ZI Data      Debug   Library Name

      1308        164          0          0          0       1376   m_wv.l
       420         22          0          4          0        540   mc_w.l

    ----------------------------------------------------------------------
      1734        186          0          4          0       1916   Library Totals

    ----------------------------------------------------------------------

==============================================================================


      Code (inc. data)   RO Data    RW Data    ZI Data      Debug   

     49724       2648       1004        396      35236    2532492   Grand Totals
     49724       2648       1004        112      35236    2532492   ELF Image Totals (compressed)
     49724       2648       1004        112          0          0   ROM Totals

==============================================================================

    Total RO  Size (Code + RO Data)                50728 (  49.54kB)
    Total RW  Size (RW Data + ZI Data)             35632 (  34.80kB)
    Total ROM Size (Code + RO Data + RW Data)      50840 (  49.65kB)

==============================================================================

