Component: ARM Compiler 5.06 update 7 (build 960) Tool: armlink [4d3601]

==============================================================================

Section Cross References

    startup_stm32h723xx.o(RESET) refers to startup_stm32h723xx.o(STACK) for __initial_sp
    startup_stm32h723xx.o(RESET) refers to startup_stm32h723xx.o(.text) for Reset_Handler
    startup_stm32h723xx.o(RESET) refers to stm32h7xx_it.o(i.NMI_Handler) for NMI_Handler
    startup_stm32h723xx.o(RESET) refers to stm32h7xx_it.o(i.HardFault_Handler) for HardFault_Handler
    startup_stm32h723xx.o(RESET) refers to stm32h7xx_it.o(i.MemManage_Handler) for MemManage_Handler
    startup_stm32h723xx.o(RESET) refers to stm32h7xx_it.o(i.BusFault_Handler) for BusFault_Handler
    startup_stm32h723xx.o(RESET) refers to stm32h7xx_it.o(i.UsageFault_Handler) for UsageFault_Handler
    startup_stm32h723xx.o(RESET) refers to port.o(.emb_text) for SVC_Handler
    startup_stm32h723xx.o(RESET) refers to stm32h7xx_it.o(i.DebugMon_Handler) for DebugMon_Handler
    startup_stm32h723xx.o(RESET) refers to port.o(i.SysTick_Handler) for SysTick_Handler
    startup_stm32h723xx.o(RESET) refers to stm32h7xx_it.o(i.DMA1_Stream0_IRQHandler) for DMA1_Stream0_IRQHandler
    startup_stm32h723xx.o(RESET) refers to stm32h7xx_it.o(i.DMA1_Stream1_IRQHandler) for DMA1_Stream1_IRQHandler
    startup_stm32h723xx.o(RESET) refers to stm32h7xx_it.o(i.DMA1_Stream2_IRQHandler) for DMA1_Stream2_IRQHandler
    startup_stm32h723xx.o(RESET) refers to stm32h7xx_it.o(i.DMA1_Stream3_IRQHandler) for DMA1_Stream3_IRQHandler
    startup_stm32h723xx.o(RESET) refers to stm32h7xx_it.o(i.FDCAN1_IT0_IRQHandler) for FDCAN1_IT0_IRQHandler
    startup_stm32h723xx.o(RESET) refers to stm32h7xx_it.o(i.FDCAN2_IT0_IRQHandler) for FDCAN2_IT0_IRQHandler
    startup_stm32h723xx.o(RESET) refers to stm32h7xx_it.o(i.TIM2_IRQHandler) for TIM2_IRQHandler
    startup_stm32h723xx.o(RESET) refers to stm32h7xx_it.o(i.SPI2_IRQHandler) for SPI2_IRQHandler
    startup_stm32h723xx.o(RESET) refers to stm32h7xx_it.o(i.USART1_IRQHandler) for USART1_IRQHandler
    startup_stm32h723xx.o(RESET) refers to stm32h7xx_it.o(i.OTG_HS_IRQHandler) for OTG_HS_IRQHandler
    startup_stm32h723xx.o(RESET) refers to stm32h7xx_it.o(i.FDCAN3_IT0_IRQHandler) for FDCAN3_IT0_IRQHandler
    startup_stm32h723xx.o(.text) refers to system_stm32h7xx.o(i.SystemInit) for SystemInit
    startup_stm32h723xx.o(.text) refers to entry.o(.ARM.Collect$$$$00000000) for __main
    main.o(i.HAL_TIM_PeriodElapsedCallback) refers to stm32h7xx_hal.o(i.HAL_IncTick) for HAL_IncTick
    main.o(i.PeriphCommonClock_Config) refers to memseta.o(.text) for __aeabi_memclr4
    main.o(i.PeriphCommonClock_Config) refers to stm32h7xx_hal_rcc_ex.o(i.HAL_RCCEx_PeriphCLKConfig) for HAL_RCCEx_PeriphCLKConfig
    main.o(i.PeriphCommonClock_Config) refers to main.o(i.Error_Handler) for Error_Handler
    main.o(i.SystemClock_Config) refers to memseta.o(.text) for __aeabi_memclr4
    main.o(i.SystemClock_Config) refers to stm32h7xx_hal_pwr_ex.o(i.HAL_PWREx_ConfigSupply) for HAL_PWREx_ConfigSupply
    main.o(i.SystemClock_Config) refers to stm32h7xx_hal_rcc.o(i.HAL_RCC_OscConfig) for HAL_RCC_OscConfig
    main.o(i.SystemClock_Config) refers to main.o(i.Error_Handler) for Error_Handler
    main.o(i.SystemClock_Config) refers to stm32h7xx_hal_rcc.o(i.HAL_RCC_ClockConfig) for HAL_RCC_ClockConfig
    main.o(i.main) refers to stm32h7xx_hal.o(i.HAL_Init) for HAL_Init
    main.o(i.main) refers to main.o(i.SystemClock_Config) for SystemClock_Config
    main.o(i.main) refers to main.o(i.PeriphCommonClock_Config) for PeriphCommonClock_Config
    main.o(i.main) refers to gpio.o(i.MX_GPIO_Init) for MX_GPIO_Init
    main.o(i.main) refers to dma.o(i.MX_DMA_Init) for MX_DMA_Init
    main.o(i.main) refers to spi.o(i.MX_SPI2_Init) for MX_SPI2_Init
    main.o(i.main) refers to fdcan.o(i.MX_FDCAN1_Init) for MX_FDCAN1_Init
    main.o(i.main) refers to fdcan.o(i.MX_FDCAN2_Init) for MX_FDCAN2_Init
    main.o(i.main) refers to tim.o(i.MX_TIM3_Init) for MX_TIM3_Init
    main.o(i.main) refers to fdcan.o(i.MX_FDCAN3_Init) for MX_FDCAN3_Init
    main.o(i.main) refers to usart.o(i.MX_USART1_UART_Init) for MX_USART1_UART_Init
    main.o(i.main) refers to bsp_dwt.o(i.DWT_Init) for DWT_Init
    main.o(i.main) refers to bmi088driver.o(i.BMI088_init) for BMI088_init
    main.o(i.main) refers to stm32h7xx_hal_uart.o(i.HAL_UART_Receive_IT) for HAL_UART_Receive_IT
    main.o(i.main) refers to stm32h7xx_hal_gpio.o(i.HAL_GPIO_WritePin) for HAL_GPIO_WritePin
    main.o(i.main) refers to can_bsp.o(i.FDCAN1_Config) for FDCAN1_Config
    main.o(i.main) refers to can_bsp.o(i.FDCAN2_Config) for FDCAN2_Config
    main.o(i.main) refers to freertos.o(i.MX_FREERTOS_Init) for MX_FREERTOS_Init
    main.o(i.main) refers to cmsis_os.o(i.osKernelStart) for osKernelStart
    main.o(i.main) refers to spi.o(.bss) for hspi2
    main.o(i.main) refers to bsp_usart1.o(.bss) for rev_data
    main.o(i.main) refers to usart.o(.bss) for huart1
[...]
    HAL_UARTEx_RxEventCallback               0x080090e5   Thumb Code     2  stm32h7xx_hal_uart.o(i.HAL_UARTEx_RxEventCallback)
    HAL_UARTEx_RxFifoFullCallback            0x080090e7   Thumb Code     2  stm32h7xx_hal_uart_ex.o(i.HAL_UARTEx_RxFifoFullCallback)
    HAL_UARTEx_SetRxFifoThreshold            0x080090e9   Thumb Code    94  stm32h7xx_hal_uart_ex.o(i.HAL_UARTEx_SetRxFifoThreshold)
    HAL_UARTEx_SetTxFifoThreshold            0x08009147   Thumb Code    94  stm32h7xx_hal_uart_ex.o(i.HAL_UARTEx_SetTxFifoThreshold)
    HAL_UARTEx_TxFifoEmptyCallback           0x080091a5   Thumb Code     2  stm32h7xx_hal_uart_ex.o(i.HAL_UARTEx_TxFifoEmptyCallback)
    HAL_UARTEx_WakeupCallback                0x080091a7   Thumb Code     2  stm32h7xx_hal_uart_ex.o(i.HAL_UARTEx_WakeupCallback)
    HAL_UART_ErrorCallback                   0x080091a9   Thumb Code     2  stm32h7xx_hal_uart.o(i.HAL_UART_ErrorCallback)
    HAL_UART_IRQHandler                      0x080091ad   Thumb Code  1172  stm32h7xx_hal_uart.o(i.HAL_UART_IRQHandler)
    HAL_UART_Init                            0x08009641   Thumb Code   120  stm32h7xx_hal_uart.o(i.HAL_UART_Init)
    HAL_UART_MspInit                         0x080096b9   Thumb Code   278  usart.o(i.HAL_UART_MspInit)
    HAL_UART_Receive_IT                      0x080097e9   Thumb Code    88  stm32h7xx_hal_uart.o(i.HAL_UART_Receive_IT)
    HAL_UART_RxCpltCallback                  0x08009845   Thumb Code  1408  bsp_usart1.o(i.HAL_UART_RxCpltCallback)
    HAL_UART_TxCpltCallback                  0x08009e01   Thumb Code     2  stm32h7xx_hal_uart.o(i.HAL_UART_TxCpltCallback)
    HardFault_Handler                        0x08009e03   Thumb Code     4  stm32h7xx_it.o(i.HardFault_Handler)
    INS_Init                                 0x08009e09   Thumb Code    32  ins_task.o(i.INS_Init)
    INS_Task                                 0x08009e3d   Thumb Code     8  freertos.o(i.INS_Task)
    INS_task                                 0x08009e45   Thumb Code   788  ins_task.o(i.INS_task)
    LQR_K_calc                               0x0800a1df   Thumb Code    50  chassisr_task.o(i.LQR_K_calc)
    MX_DMA_Init                              0x0800a211   Thumb Code    96  dma.o(i.MX_DMA_Init)
    MX_FDCAN1_Init                           0x0800a275   Thumb Code   120  fdcan.o(i.MX_FDCAN1_Init)
    MX_FDCAN2_Init                           0x0800a2f5   Thumb Code   118  fdcan.o(i.MX_FDCAN2_Init)
    MX_FDCAN3_Init                           0x0800a375   Thumb Code   120  fdcan.o(i.MX_FDCAN3_Init)
    MX_FREERTOS_Init                         0x0800a3f5   Thumb Code    78  freertos.o(i.MX_FREERTOS_Init)
    MX_GPIO_Init                             0x0800a455   Thumb Code   356  gpio.o(i.MX_GPIO_Init)
    MX_SPI2_Init                             0x0800a5c9   Thumb Code    90  spi.o(i.MX_SPI2_Init)
    MX_TIM3_Init                             0x0800a62d   Thumb Code   118  tim.o(i.MX_TIM3_Init)
    MX_USART1_UART_Init                      0x0800a6ad   Thumb Code    98  usart.o(i.MX_USART1_UART_Init)
    MX_USB_DEVICE_Init                       0x0800a719   Thumb Code    64  usb_device.o(i.MX_USB_DEVICE_Init)
    MemManage_Handler                        0x0800a769   Thumb Code     4  stm32h7xx_it.o(i.MemManage_Handler)
    NMI_Handler                              0x0800a76d   Thumb Code     4  stm32h7xx_it.o(i.NMI_Handler)
    OTG_HS_IRQHandler                        0x0800a771   Thumb Code    10  stm32h7xx_it.o(i.OTG_HS_IRQHandler)
    PeriphCommonClock_Config                 0x0800a9df   Thumb Code    72  main.o(i.PeriphCommonClock_Config)
    RotationMatrix_update                    0x0800acf1   Thumb Code   302  mahony_filter.o(i.RotationMatrix_update)
    SPI2_IRQHandler                          0x0800ae21   Thumb Code    10  stm32h7xx_it.o(i.SPI2_IRQHandler)
    StartDefaultTask                         0x0800af91   Thumb Code    18  freertos.o(i.StartDefaultTask)
    SysTick_Handler                          0x0800afa5   Thumb Code    46  port.o(i.SysTick_Handler)
    SystemClock_Config                       0x0800afd9   Thumb Code   184  main.o(i.SystemClock_Config)
    SystemInit                               0x0800b095   Thumb Code   192  system_stm32h7xx.o(i.SystemInit)
    TIM2_IRQHandler                          0x0800b175   Thumb Code    10  stm32h7xx_it.o(i.TIM2_IRQHandler)
    TIM_Base_SetConfig                       0x0800b185   Thumb Code   198  stm32h7xx_hal_tim.o(i.TIM_Base_SetConfig)
    TIM_OC2_SetConfig                        0x0800b321   Thumb Code   156  stm32h7xx_hal_tim.o(i.TIM_OC2_SetConfig)
    Turn                                     0x0800b5dd   Thumb Code    80  chassisr_task.o(i.Turn)
    UART_AdvFeatureConfig                    0x0800b691   Thumb Code   248  stm32h7xx_hal_uart.o(i.UART_AdvFeatureConfig)
    UART_CheckIdleState                      0x0800b789   Thumb Code   234  stm32h7xx_hal_uart.o(i.UART_CheckIdleState)
    UART_SetConfig                           0x0800bf25   Thumb Code  1558  stm32h7xx_hal_uart.o(i.UART_SetConfig)
    UART_Start_Receive_IT                    0x0800c54d   Thumb Code   332  stm32h7xx_hal_uart.o(i.UART_Start_Receive_IT)
    UART_WaitOnFlagUntilTimeout              0x0800c6a9   Thumb Code   172  stm32h7xx_hal_uart.o(i.UART_WaitOnFlagUntilTimeout)
    USART1_IRQHandler                        0x0800c755   Thumb Code    10  stm32h7xx_it.o(i.USART1_IRQHandler)
    USBD_CDC_GetDeviceQualifierDescriptor    0x0800c995   Thumb Code    10  usbd_cdc.o(i.USBD_CDC_GetDeviceQualifierDescriptor)
    USBD_CDC_ReceivePacket                   0x0800cc15   Thumb Code    74  usbd_cdc.o(i.USBD_CDC_ReceivePacket)
    USBD_CDC_RegisterInterface               0x0800cc65   Thumb Code    24  usbd_cdc.o(i.USBD_CDC_RegisterInterface)
    USBD_CDC_SetRxBuffer                     0x0800cc7d   Thumb Code    30  usbd_cdc.o(i.USBD_CDC_SetRxBuffer)
    USBD_CDC_SetTxBuffer                     0x0800cc9b   Thumb Code    36  usbd_cdc.o(i.USBD_CDC_SetTxBuffer)
    USBD_CDC_TransmitPacket                  0x0800ce01   Thumb Code    86  usbd_cdc.o(i.USBD_CDC_TransmitPacket)
    USBD_ClrClassConfig                      0x0800ce5d   Thumb Code    28  usbd_core.o(i.USBD_ClrClassConfig)
    USBD_CoreFindEP                          0x0800ceb7   Thumb Code     6  usbd_core.o(i.USBD_CoreFindEP)
    USBD_CoreFindIF                          0x0800cebd   Thumb Code     6  usbd_core.o(i.USBD_CoreFindIF)
    USBD_CtlContinueRx                       0x0800cec3   Thumb Code    24  usbd_ioreq.o(i.USBD_CtlContinueRx)
    USBD_CtlContinueSendData                 0x0800cedb   Thumb Code    24  usbd_ioreq.o(i.USBD_CtlContinueSendData)
    USBD_CtlError                            0x0800cef3   Thumb Code    24  usbd_ctlreq.o(i.USBD_CtlError)
    USBD_CtlPrepareRx                        0x0800cf0b   Thumb Code    40  usbd_ioreq.o(i.USBD_CtlPrepareRx)
    USBD_CtlReceiveStatus                    0x0800cf33   Thumb Code    26  usbd_ioreq.o(i.USBD_CtlReceiveStatus)
    USBD_CtlSendData                         0x0800cf4d   Thumb Code    34  usbd_ioreq.o(i.USBD_CtlSendData)
    USBD_CtlSendStatus                       0x0800cf6f   Thumb Code    26  usbd_ioreq.o(i.USBD_CtlSendStatus)
    USBD_GetEpDesc                           0x0800d211   Thumb Code    80  usbd_core.o(i.USBD_GetEpDesc)
    USBD_GetNextDesc                         0x0800d277   Thumb Code    20  usbd_core.o(i.USBD_GetNextDesc)
    USBD_GetString                           0x0800d2e5   Thumb Code   104  usbd_ctlreq.o(i.USBD_GetString)
    USBD_Get_USB_Status                      0x0800d34d   Thumb Code    44  usbd_conf.o(i.USBD_Get_USB_Status)
    USBD_HS_ConfigStrDescriptor              0x0800d379   Thumb Code    34  usbd_desc.o(i.USBD_HS_ConfigStrDescriptor)
    USBD_HS_DeviceDescriptor                 0x0800d3ad   Thumb Code    10  usbd_desc.o(i.USBD_HS_DeviceDescriptor)
    USBD_HS_InterfaceStrDescriptor           0x0800d3bd   Thumb Code    34  usbd_desc.o(i.USBD_HS_InterfaceStrDescriptor)
    USBD_HS_LangIDStrDescriptor              0x0800d3f5   Thumb Code    10  usbd_desc.o(i.USBD_HS_LangIDStrDescriptor)
    USBD_HS_ManufacturerStrDescriptor        0x0800d405   Thumb Code    20  usbd_desc.o(i.USBD_HS_ManufacturerStrDescriptor)
    USBD_HS_ProductStrDescriptor             0x0800d431   Thumb Code    34  usbd_desc.o(i.USBD_HS_ProductStrDescriptor)
    USBD_HS_SerialStrDescriptor              0x0800d471   Thumb Code    18  usbd_desc.o(i.USBD_HS_SerialStrDescriptor)
    USBD_Init                                0x0800d489   Thumb Code    58  usbd_core.o(i.USBD_Init)
    USBD_LL_ClearStallEP                     0x0800d4c3   Thumb Code    38  usbd_conf.o(i.USBD_LL_ClearStallEP)
    USBD_LL_CloseEP                          0x0800d4e9   Thumb Code    38  usbd_conf.o(i.USBD_LL_CloseEP)
    USBD_LL_DataInStage                      0x0800d50f   Thumb Code   264  usbd_core.o(i.USBD_LL_DataInStage)
    USBD_LL_DataOutStage                     0x0800d617   Thumb Code   258  usbd_core.o(i.USBD_LL_DataOutStage)
    USBD_LL_DevConnected                     0x0800d719   Thumb Code     6  usbd_core.o(i.USBD_LL_DevConnected)
    USBD_LL_DevDisconnected                  0x0800d71f   Thumb Code    38  usbd_core.o(i.USBD_LL_DevDisconnected)
    USBD_LL_GetRxDataSize                    0x0800d745   Thumb Code    18  usbd_conf.o(i.USBD_LL_GetRxDataSize)
    USBD_LL_Init                             0x0800d759   Thumb Code   104  usbd_conf.o(i.USBD_LL_Init)
    USBD_LL_IsStallEP                        0x0800d7c9   Thumb Code    56  usbd_conf.o(i.USBD_LL_IsStallEP)
    USBD_LL_IsoINIncomplete                  0x0800d801   Thumb Code    72  usbd_core.o(i.USBD_LL_IsoINIncomplete)
    USBD_LL_IsoOUTIncomplete                 0x0800d849   Thumb Code    72  usbd_core.o(i.USBD_LL_IsoOUTIncomplete)
    USBD_LL_OpenEP                           0x0800d891   Thumb Code    48  usbd_conf.o(i.USBD_LL_OpenEP)
    USBD_LL_PrepareReceive                   0x0800d8c1   Thumb Code    48  usbd_conf.o(i.USBD_LL_PrepareReceive)
    USBD_LL_Reset                            0x0800d8f1   Thumb Code   108  usbd_core.o(i.USBD_LL_Reset)
    USBD_LL_Resume                           0x0800d95d   Thumb Code    22  usbd_core.o(i.USBD_LL_Resume)
    USBD_LL_SOF                              0x0800d973   Thumb Code    40  usbd_core.o(i.USBD_LL_SOF)
    USBD_LL_SetSpeed                         0x0800d99b   Thumb Code     8  usbd_core.o(i.USBD_LL_SetSpeed)
    USBD_LL_SetUSBAddress                    0x0800d9a3   Thumb Code    38  usbd_conf.o(i.USBD_LL_SetUSBAddress)
    USBD_LL_SetupStage                       0x0800d9c9   Thumb Code   118  usbd_core.o(i.USBD_LL_SetupStage)
    USBD_LL_StallEP                          0x0800da3f   Thumb Code    38  usbd_conf.o(i.USBD_LL_StallEP)
    USBD_LL_Start                            0x0800da65   Thumb Code    30  usbd_conf.o(i.USBD_LL_Start)
    USBD_LL_Suspend                          0x0800da83   Thumb Code    28  usbd_core.o(i.USBD_LL_Suspend)
    USBD_LL_Transmit                         0x0800da9f   Thumb Code    48  usbd_conf.o(i.USBD_LL_Transmit)
    USBD_ParseSetupRequest                   0x0800dacf   Thumb Code    54  usbd_ctlreq.o(i.USBD_ParseSetupRequest)
    USBD_RegisterClass                       0x0800db05   Thumb Code    72  usbd_core.o(i.USBD_RegisterClass)
    USBD_RunTestMode                         0x0800db4d   Thumb Code     6  usbd_core.o(i.USBD_RunTestMode)
    USBD_SetClassConfig                      0x0800dbad   Thumb Code    32  usbd_core.o(i.USBD_SetClassConfig)
    USBD_Start                               0x0800dd09   Thumb Code    12  usbd_core.o(i.USBD_Start)
    USBD_StdDevReq                           0x0800dd15   Thumb Code   174  usbd_ctlreq.o(i.USBD_StdDevReq)
    USBD_StdEPReq                            0x0800ddc3   Thumb Code   640  usbd_ctlreq.o(i.USBD_StdEPReq)
    USBD_StdItfReq                           0x0800e043   Thumb Code   174  usbd_ctlreq.o(i.USBD_StdItfReq)
    USBD_static_free                         0x0800e0f1   Thumb Code     2  usbd_conf.o(i.USBD_static_free)
    USBD_static_malloc                       0x0800e0f5   Thumb Code     6  usbd_conf.o(i.USBD_static_malloc)
    USB_ActivateEndpoint                     0x0800e101   Thumb Code   202  stm32h7xx_ll_usb.o(i.USB_ActivateEndpoint)
    USB_ActivateSetup                        0x0800e1d1   Thumb Code    40  stm32h7xx_ll_usb.o(i.USB_ActivateSetup)
    USB_CoreInit                             0x0800e1f9   Thumb Code   150  stm32h7xx_ll_usb.o(i.USB_CoreInit)
    USB_DeactivateEndpoint                   0x0800e2ed   Thumb Code   318  stm32h7xx_ll_usb.o(i.USB_DeactivateEndpoint)
    USB_DevConnect                           0x0800e439   Thumb Code    36  stm32h7xx_ll_usb.o(i.USB_DevConnect)
    USB_DevDisconnect                        0x0800e45d   Thumb Code    36  stm32h7xx_ll_usb.o(i.USB_DevDisconnect)
    USB_DevInit                              0x0800e481   Thumb Code   472  stm32h7xx_ll_usb.o(i.USB_DevInit)
    USB_DisableGlobalInt                     0x0800e661   Thumb Code    14  stm32h7xx_ll_usb.o(i.USB_DisableGlobalInt)
    USB_EP0_OutStart                         0x0800e671   Thumb Code   106  stm32h7xx_ll_usb.o(i.USB_EP0_OutStart)
    USB_EPClearStall                         0x0800e6e1   Thumb Code   142  stm32h7xx_ll_usb.o(i.USB_EPClearStall)
    USB_EPSetStall                           0x0800e76f   Thumb Code   154  stm32h7xx_ll_usb.o(i.USB_EPSetStall)
    USB_EPStartXfer                          0x0800e809   Thumb Code   944  stm32h7xx_ll_usb.o(i.USB_EPStartXfer)
    USB_EPStopXfer                           0x0800ebbd   Thumb Code   236  stm32h7xx_ll_usb.o(i.USB_EPStopXfer)
    USB_EnableGlobalInt                      0x0800eca9   Thumb Code    14  stm32h7xx_ll_usb.o(i.USB_EnableGlobalInt)
    USB_FlushRxFifo                          0x0800ecb7   Thumb Code    80  stm32h7xx_ll_usb.o(i.USB_FlushRxFifo)
    USB_FlushTxFifo                          0x0800ed07   Thumb Code    84  stm32h7xx_ll_usb.o(i.USB_FlushTxFifo)
    USB_GetDevSpeed                          0x0800ed5b   Thumb Code    38  stm32h7xx_ll_usb.o(i.USB_GetDevSpeed)
    USB_GetMode                              0x0800ed81   Thumb Code    10  stm32h7xx_ll_usb.o(i.USB_GetMode)
    USB_ReadDevAllInEpInterrupt              0x0800ed8b   Thumb Code    20  stm32h7xx_ll_usb.o(i.USB_ReadDevAllInEpInterrupt)
    USB_ReadDevAllOutEpInterrupt             0x0800ed9f   Thumb Code    20  stm32h7xx_ll_usb.o(i.USB_ReadDevAllOutEpInterrupt)
    USB_ReadDevInEPInterrupt                 0x0800edb3   Thumb Code    50  stm32h7xx_ll_usb.o(i.USB_ReadDevInEPInterrupt)
    USB_ReadDevOutEPInterrupt                0x0800ede5   Thumb Code    26  stm32h7xx_ll_usb.o(i.USB_ReadDevOutEPInterrupt)
    USB_ReadInterrupts                       0x0800edff   Thumb Code    10  stm32h7xx_ll_usb.o(i.USB_ReadInterrupts)
    USB_ReadPacket                           0x0800ee09   Thumb Code    96  stm32h7xx_ll_usb.o(i.USB_ReadPacket)
    USB_SetCurrentMode                       0x0800ee69   Thumb Code   104  stm32h7xx_ll_usb.o(i.USB_SetCurrentMode)
    USB_SetDevAddress                        0x0800eed1   Thumb Code    42  stm32h7xx_ll_usb.o(i.USB_SetDevAddress)
    USB_SetDevSpeed                          0x0800eefb   Thumb Code    18  stm32h7xx_ll_usb.o(i.USB_SetDevSpeed)
    USB_SetTurnaroundTime                    0x0800ef0d   Thumb Code   192  stm32h7xx_ll_usb.o(i.USB_SetTurnaroundTime)
    USB_WritePacket                          0x0800eff5   Thumb Code    68  stm32h7xx_ll_usb.o(i.USB_WritePacket)
    UsageFault_Handler                       0x0800f039   Thumb Code     4  stm32h7xx_it.o(i.UsageFault_Handler)
    __ARM_fpclassifyf                        0x0800f03d   Thumb Code    38  fpclassifyf.o(i.__ARM_fpclassifyf)
    __hardfp_asinf                           0x0800f09d   Thumb Code   258  asinf.o(i.__hardfp_asinf)
    __hardfp_atan2f                          0x0800f1d5   Thumb Code   594  atan2f.o(i.__hardfp_atan2f)
    __hardfp_sqrt                            0x0800f489   Thumb Code   102  sqrt.o(i.__hardfp_sqrt)
    __hardfp_sqrtf                           0x0800f4ef   Thumb Code    58  sqrtf.o(i.__hardfp_sqrtf)
    __mathlib_flt_infnan                     0x0800f529   Thumb Code     6  funder.o(i.__mathlib_flt_infnan)
    __mathlib_flt_infnan2                    0x0800f52f   Thumb Code     6  funder.o(i.__mathlib_flt_infnan2)
    __mathlib_flt_invalid                    0x0800f535   Thumb Code    10  funder.o(i.__mathlib_flt_invalid)
    __mathlib_flt_underflow                  0x0800f545   Thumb Code    10  funder.o(i.__mathlib_flt_underflow)
    __scatterload_copy                       0x0800f555   Thumb Code    14  handlers.o(i.__scatterload_copy)
    __scatterload_null                       0x0800f563   Thumb Code     2  handlers.o(i.__scatterload_null)
    __scatterload_zeroinit                   0x0800f565   Thumb Code    14  handlers.o(i.__scatterload_zeroinit)
    __set_errno                              0x0800f575   Thumb Code     6  errno.o(i.__set_errno)
    bmi088_accel_init                        0x0800f581   Thumb Code   348  bmi088driver.o(i.bmi088_accel_init)
    bmi088_gyro_init                         0x0800f6ed   Thumb Code   284  bmi088driver.o(i.bmi088_gyro_init)
    canx_send_data                           0x0800f81d   Thumb Code   114  can_bsp.o(i.canx_send_data)
    chassisR_feedback_update                 0x0800f891   Thumb Code   560  chassisr_task.o(i.chassisR_feedback_update)
    dm3507_fbdata                            0x0800fae5   Thumb Code   152  dm4310_drv.o(i.dm3507_fbdata)
    dm3510_fbdata                            0x0800fb85   Thumb Code   152  dm4310_drv.o(i.dm3510_fbdata)
    enable_motor_mode                        0x0800fc25   Thumb Code    66  dm4310_drv.o(i.enable_motor_mode)
    float_to_uint                            0x0800fc71   Thumb Code    50  dm4310_drv.o(i.float_to_uint)
    joint_motor_init                         0x0800fca3   Thumb Code     6  dm4310_drv.o(i.joint_motor_init)
    mahony_init                              0x0800fca9   Thumb Code    40  mahony_filter.o(i.mahony_init)
    mahony_input                             0x0800fce1   Thumb Code    30  mahony_filter.o(i.mahony_input)
    mahony_output                            0x0800fcff   Thumb Code    74  mahony_filter.o(i.mahony_output)
    mahony_update                            0x0800fd49   Thumb Code   646  mahony_filter.o(i.mahony_update)
    main                                     0x0800ffd1   Thumb Code   116  main.o(i.main)
    mit_ctrl2                                0x08010065   Thumb Code   232  dm4310_drv.o(i.mit_ctrl2)
    mit_ctrl3                                0x0801015d   Thumb Code   232  dm4310_drv.o(i.mit_ctrl3)
    mySaturate                               0x08010255   Thumb Code    40  chassisr_task.o(i.mySaturate)
    osDelay                                  0x0801027d   Thumb Code    24  cmsis_os.o(i.osDelay)
    osKernelStart                            0x08010295   Thumb Code    10  cmsis_os.o(i.osKernelStart)
    osThreadCreate                           0x0801029f   Thumb Code    48  cmsis_os.o(i.osThreadCreate)
    pvPortMalloc                             0x08010715   Thumb Code   306  heap_4.o(i.pvPortMalloc)
    pxPortInitialiseStack                    0x08010861   Thumb Code    38  port.o(i.pxPortInitialiseStack)
    sqrtf                                    0x0801088d   Thumb Code    62  sqrtf.o(i.sqrtf)
    uint_to_float                            0x080108cb   Thumb Code    52  dm4310_drv.o(i.uint_to_float)
    uxListRemove                             0x080108ff   Thumb Code    40  list.o(i.uxListRemove)
    vListInitialise                          0x08010927   Thumb Code    26  list.o(i.vListInitialise)
    vListInitialiseItem                      0x08010941   Thumb Code     6  list.o(i.vListInitialiseItem)
    vListInsert                              0x08010947   Thumb Code    52  list.o(i.vListInsert)
    vListInsertEnd                           0x0801097b   Thumb Code    24  list.o(i.vListInsertEnd)
    vPortEnterCritical                       0x08010995   Thumb Code    76  port.o(i.vPortEnterCritical)
    vPortExitCritical                        0x080109e9   Thumb Code    56  port.o(i.vPortExitCritical)
    vPortFree                                0x08010a25   Thumb Code   150  heap_4.o(i.vPortFree)
    vPortSetupTimerInterrupt                 0x08010ac9   Thumb Code    36  port.o(i.vPortSetupTimerInterrupt)
    vTaskDelay                               0x08010af1   Thumb Code    82  tasks.o(i.vTaskDelay)
    vTaskStartScheduler                      0x08010b4d   Thumb Code   108  tasks.o(i.vTaskStartScheduler)
    vTaskSuspendAll                          0x08010bd5   Thumb Code    12  tasks.o(i.vTaskSuspendAll)
    vTaskSwitchContext                       0x08010be5   Thumb Code   118  tasks.o(i.vTaskSwitchContext)
    vofa_demo                                0x08010c71   Thumb Code   108  bsp_vofa.o(i.vofa_demo)
    vofa_send_data                           0x08010ce5   Thumb Code    82  bsp_vofa.o(i.vofa_send_data)
    vofa_sendframetail                       0x08010d41   Thumb Code    86  bsp_vofa.o(i.vofa_sendframetail)
    vofa_start                               0x08010da1   Thumb Code     8  bsp_vofa.o(i.vofa_start)
    vofa_transmit                            0x08010da9   Thumb Code    16  bsp_vofa.o(i.vofa_transmit)
    wheel_motor_init                         0x08010db9   Thumb Code     6  dm4310_drv.o(i.wheel_motor_init)
    xPortStartScheduler                      0x08010dc1   Thumb Code   330  port.o(i.xPortStartScheduler)
    xTaskCreate                              0x08010f29   Thumb Code    96  tasks.o(i.xTaskCreate)
    xTaskIncrementTick                       0x08010f89   Thumb Code   282  tasks.o(i.xTaskIncrementTick)
    xTaskResumeAll                           0x080110d1   Thumb Code   224  tasks.o(i.xTaskResumeAll)
    UARTPrescTable                           0x08011274   Data          24  stm32h7xx_hal_uart.o(.constdata)
    D1CorePrescTable                         0x0801129c   Data          16  system_stm32h7xx.o(.constdata)
    sinTable_f32                             0x080112d4   Data        2052  arm_common_tables.o(.rodata.sinTable_f32)
    Region$$Table$$Base                      0x08011ad8   Number         0  anon$$obj.o(Region$$Table)
    Region$$Table$$Limit                     0x08011af8   Number         0  anon$$obj.o(Region$$Table)
    defaultTaskHandle                        0x24000000   Data           4  freertos.o(.data)
    INS_TASKHandle                           0x24000004   Data           4  freertos.o(.data)
    CHASSISR_TASKHandle                      0x24000008   Data           4  freertos.o(.data)
    uwTick                                   0x24000010   Data           4  stm32h7xx_hal.o(.data)
    uwTickPrio                               0x24000014   Data           4  stm32h7xx_hal.o(.data)
    uwTickFreq                               0x24000018   Data           1  stm32h7xx_hal.o(.data)
    SystemCoreClock                          0x2400001c   Data           4  system_stm32h7xx.o(.data)
    SystemD2Clock                            0x24000020   Data           4  system_stm32h7xx.o(.data)
    BMI088_ACCEL_SEN                         0x24000024   Data           4  bmi088driver.o(.data)
    BMI088_GYRO_SEN                          0x24000028   Data           4  bmi088driver.o(.data)
    gNormDiff                                0x24000030   Data           4  bmi088driver.o(.data)
    caliOffset                               0x24000034   Data           1  bmi088driver.o(.data)
    caliCount                                0x24000036   Data           2  bmi088driver.o(.data)
    BMI088_SPI                               0x24000070   Data           4  bmi088middleware.o(.data)
    pxCurrentTCB                             0x24000074   Data           4  tasks.o(.data)
    gravity                                  0x240000dc   Data          12  ins_task.o(.data)
    INS_DWT_Count                            0x240000e8   Data           4  ins_task.o(.data)
    ins_dt                                   0x240000ec   Data           4  ins_task.o(.data)
    ins_time                                 0x240000f0   Data           4  ins_task.o(.data)
    stop_time                                0x240000f4   Data           4  ins_task.o(.data)
    CHASSR_TIME                              0x240000f8   Data           4  chassisr_task.o(.data)
    Turn_Kp                                  0x240000fc   Data           4  chassisr_task.o(.data)
    Turn_Kd                                  0x24000100   Data           4  chassisr_task.o(.data)
    turn_T                                   0x24000104   Data           4  chassisr_task.o(.data)
    leg_kp                                   0x24000108   Data           4  chassisr_task.o(.data)
    leg_kd                                   0x2400010c   Data           4  chassisr_task.o(.data)
    mg                                       0x24000110   Data           4  chassisr_task.o(.data)
    roll_kp                                  0x24000114   Data           4  chassisr_task.o(.data)
    roll_kd                                  0x24000118   Data           4  chassisr_task.o(.data)
    jump_time                                0x2400011c   Data           4  chassisr_task.o(.data)
    finish_time                              0x24000120   Data           4  chassisr_task.o(.data)
    Poly_Coefficient                         0x24000124   Data         128  chassisr_task.o(.data)
    lqr_k                                    0x240001a4   Data          32  chassisr_task.o(.data)
    time                                     0x240001c8   Data           8  chassisr_task.o(.data)
    SysTime                                  0x240001d0   Data           8  bsp_dwt.o(.data)
    CYCCNT64                                 0x240001f0   Data           8  bsp_dwt.o(.data)
    flag                                     0x24000210   Data           4  can_bsp.o(.data)
    vel_ratio                                0x24000218   Data           4  bsp_usart1.o(.data)
    turn_ratio                               0x2400021c   Data           4  bsp_usart1.o(.data)
    turn_ratio2                              0x24000220   Data           4  bsp_usart1.o(.data)
    leg_ratio                                0x24000224   Data           4  bsp_usart1.o(.data)
    roll_ratio                               0x24000228   Data           4  bsp_usart1.o(.data)
    reverse_flag                             0x2400022c   Data           4  bsp_usart1.o(.data)
    myflag                                   0x24000230   Data           1  bsp_usart1.o(.data)
    reverseRoll_flag                         0x24000234   Data           4  bsp_usart1.o(.data)
    movetime                                 0x24000238   Data           8  bsp_usart1.o(.data)
    cnt                                      0x24000240   Data           2  bsp_vofa.o(.data)
    HS_Desc                                  0x24000244   Data          32  usbd_desc.o(.data)
    USBD_HS_DeviceDesc                       0x24000264   Data          18  usbd_desc.o(.data)
    USBD_HS_BOSDesc                          0x24000278   Data          12  usbd_desc.o(.data)
    USBD_LangIDDesc                          0x24000284   Data           4  usbd_desc.o(.data)
    USBD_StringSerial                        0x24000288   Data          26  usbd_desc.o(.data)
    USBD_Interface_fops_HS                   0x240002a4   Data          20  usbd_cdc_if.o(.data)
    USBD_CDC                                 0x240002c8   Data          56  usbd_cdc.o(.data)
    hfdcan1                                  0x2400034c   Data         160  fdcan.o(.bss)
    hfdcan2                                  0x240003ec   Data         160  fdcan.o(.bss)
    hfdcan3                                  0x2400048c   Data         160  fdcan.o(.bss)
    hspi2                                    0x2400052c   Data         136  spi.o(.bss)
    hdma_spi2_rx                             0x240005b4   Data         120  spi.o(.bss)
    hdma_spi2_tx                             0x2400062c   Data         120  spi.o(.bss)
    htim3                                    0x240006a4   Data          76  tim.o(.bss)
    huart1                                   0x240006f0   Data         148  usart.o(.bss)
    hdma_usart1_rx                           0x24000784   Data         120  usart.o(.bss)
    hdma_usart1_tx                           0x240007fc   Data         120  usart.o(.bss)
    htim2                                    0x24000874   Data          76  stm32h7xx_hal_timebase_tim.o(.bss)
    gyroDiff                                 0x240008c0   Data          12  bmi088driver.o(.bss)
    BMI088                                   0x240008cc   Data          64  bmi088driver.o(.bss)
    INS                                      0x240081fc   Data         148  ins_task.o(.bss)
    mahony                                   0x24008290   Data         132  ins_task.o(.bss)
    Gyro                                     0x24008314   Data          12  ins_task.o(.bss)
    Accel                                    0x24008320   Data          12  ins_task.o(.bss)
    chassis_move                             0x2400832c   Data         320  chassisr_task.o(.bss)
    vmc                                      0x2400846c   Data          44  chassisr_task.o(.bss)
    averr                                    0x24008498   Data          40  chassisr_task.o(.bss)
    RxHeader1                                0x240084c0   Data          40  can_bsp.o(.bss)
    g_Can1RxData                             0x240084e8   Data          64  can_bsp.o(.bss)
    RxHeader2                                0x24008528   Data          40  can_bsp.o(.bss)
    g_Can2RxData                             0x24008550   Data          64  can_bsp.o(.bss)
    mybutff1                                 0x24008590   Data          16  can_bsp.o(.bss)
    mybutff2                                 0x240085a0   Data          16  can_bsp.o(.bss)
    send_data                                0x240085b0   Data          43  bsp_usart1.o(.bss)
    rev_data                                 0x240085db   Data          10  bsp_usart1.o(.bss)
    send_buf                                 0x240085e5   Data        1024  bsp_vofa.o(.bss)
    hUsbDeviceHS                             0x240089e8   Data         732  usb_device.o(.bss)
    USBD_StrDesc                             0x24008cc4   Data         512  usbd_desc.o(.bss)
    UserRxBufferHS                           0x24008ec4   Data        2048  usbd_cdc_if.o(.bss)
    UserTxBufferHS                           0x240096c4   Data        2048  usbd_cdc_if.o(.bss)
    hpcd_USB_OTG_HS                          0x24009ec4   Data        1252  usbd_conf.o(.bss)
    __initial_sp                             0x2400adc8   Data           0  startup_stm32h723xx.o(STACK)



==============================================================================

Memory Map of the image

  Image Entry point : 0x080002cd

  Load Region LR_IROM1 (Base: 0x08000000, Size: 0x00011e44, Max: 0x00100000, ABSOLUTE, COMPRESSED[0x00011c94])

    Execution Region ER_IROM1 (Exec base: 0x08000000, Load base: 0x08000000, Size: 0x00011af8, Max: 0x00100000, ABSOLUTE)

    Exec Addr    Load Addr    Size         Type   Attr      Idx    E Section Name        Object

    0x08000000   0x08000000   0x000002cc   Data   RO            3    RESET               startup_stm32h723xx.o
    0x080002cc   0x080002cc   0x00000000   Code   RO        10301  * .ARM.Collect$$$$00000000  mc_w.l(entry.o)
    0x080002cc   0x080002cc   0x00000004   Code   RO        10358    .ARM.Collect$$$$00000001  mc_w.l(entry2.o)
    0x080002d0   0x080002d0   0x00000004   Code   RO        10361    .ARM.Collect$$$$00000004  mc_w.l(entry5.o)
    0x080002d4   0x080002d4   0x00000000   Code   RO        10363    .ARM.Collect$$$$00000008  mc_w.l(entry7b.o)
    0x080002d4   0x080002d4   0x00000000   Code   RO        10365    .ARM.Collect$$$$0000000A  mc_w.l(entry8b.o)
    0x080002d4   0x080002d4   0x00000008   Code   RO        10366    .ARM.Collect$$$$0000000B  mc_w.l(entry9a.o)
    0x080002dc   0x080002dc   0x00000004   Code   RO        10373    .ARM.Collect$$$$0000000E  mc_w.l(entry12b.o)
    0x080002e0   0x080002e0   0x00000000   Code   RO        10368    .ARM.Collect$$$$0000000F  mc_w.l(entry10a.o)
    0x080002e0   0x080002e0   0x00000000   Code   RO        10370    .ARM.Collect$$$$00000011  mc_w.l(entry11a.o)
    0x080002e0   0x080002e0   0x00000004   Code   RO        10359    .ARM.Collect$$$$00002712  mc_w.l(entry2.o)
    0x080002e4   0x080002e4   0x000000be   Code   RO         8395    .emb_text           port.o
    0x080003a2   0x080003a2   0x00000002   PAD
    0x080003a4   0x080003a4   0x00000024   Code   RO            4    .text               startup_stm32h723xx.o
    0x080003c8   0x080003c8   0x00000062   Code   RO        10304    .text               mc_w.l(uldiv.o)
    0x0800042a   0x0800042a   0x00000024   Code   RO        10306    .text               mc_w.l(memcpya.o)
    0x0800044e   0x0800044e   0x00000024   Code   RO        10310    .text               mc_w.l(memseta.o)
    0x08000472   0x08000472   0x0000001e   Code   RO        10374    .text               mc_w.l(llshl.o)
    0x08000490   0x08000490   0x00000020   Code   RO        10376    .text               mc_w.l(llushr.o)
    0x080004b0   0x080004b0   0x00000000   Code   RO        10387    .text               mc_w.l(iusefp.o)
    0x080004b0   0x080004b0   0x00000024   Code   RO        10388    .text               mc_w.l(init.o)
    0x080004d4   0x080004d4   0x00000056   Code   RO        10398    .text               mc_w.l(__dczerorl2.o)
    0x0800052a   0x0800052a   0x00000002   PAD
    0x0800052c   0x0800052c   0x00000090   Code   RO        10068    .text.arm_cos_f32   arm_cortexM7lfdp_math.lib(arm_cos_f32.o)
    0x080005bc   0x080005bc   0x0000008c   Code   RO        10078    .text.arm_sin_f32   arm_cortexM7lfdp_math.lib(arm_sin_f32.o)
    0x08000648   0x08000648   0x00000014   Code   RO         6633    i.BMI088_ACCEL_NS_H  bmi088middleware.o
    0x0800065c   0x0800065c   0x00000014   Code   RO         6634    i.BMI088_ACCEL_NS_L  bmi088middleware.o
    0x08000670   0x08000670   0x00000014   Code   RO         6635    i.BMI088_GYRO_NS_H  bmi088middleware.o
    0x08000684   0x08000684   0x00000014   Code   RO         6636    i.BMI088_GYRO_NS_L  bmi088middleware.o
    0x08000698   0x08000698   0x00000330   Code   RO         6543    i.BMI088_Read       bmi088driver.o
    0x080009c8   0x080009c8   0x000000c0   Code   RO         6544    i.BMI088_init       bmi088driver.o
    0x08000a88   0x08000a88   0x00000026   Code   RO         6545    i.BMI088_read_muli_reg  bmi088driver.o
    0x08000aae   0x08000aae   0x00000018   Code   RO         6546    i.BMI088_read_single_reg  bmi088driver.o
    0x08000ac6   0x08000ac6   0x00000002   PAD
    0x08000ac8   0x08000ac8   0x00000024   Code   RO         6637    i.BMI088_read_write_byte  bmi088middleware.o
    0x08000aec   0x08000aec   0x00000014   Code   RO         6547    i.BMI088_write_single_reg  bmi088driver.o
    0x08000b00   0x08000b00   0x0000015a   Code   RO         8475    i.BodyFrameToEarthFrame  ins_task.o
    0x08000c5a   0x08000c5a   0x00000004   Code   RO          649    i.BusFault_Handler  stm32h7xx_it.o
    0x08000c5e   0x08000c5e   0x00000044   Code   RO         9352    i.CDC_Control_HS    usbd_cdc_if.o
    0x08000ca2   0x08000ca2   0x00000004   Code   RO         9353    i.CDC_DeInit_HS     usbd_cdc_if.o
    0x08000ca6   0x08000ca6   0x00000002   PAD
    0x08000ca8   0x08000ca8   0x00000024   Code   RO         9354    i.CDC_Init_HS       usbd_cdc_if.o
    0x08000ccc   0x08000ccc   0x0000001c   Code   RO         9355    i.CDC_Receive_HS    usbd_cdc_if.o
    0x08000ce8   0x08000ce8   0x0000000c   Code   RO         9356    i.CDC_TransmitCplt_HS  usbd_cdc_if.o
    0x08000cf4   0x08000cf4   0x00000038   Code   RO         9357    i.CDC_Transmit_HS   usbd_cdc_if.o
    0x08000d2c   0x08000d2c   0x00000674   Code   RO         6548    i.Calibrate_MPU_Offset  bmi088driver.o
    0x080013a0   0x080013a0   0x00000008   Code   RO          336    i.ChassisR_Task     freertos.o
    0x080013a8   0x080013a8   0x000000e8   Code   RO         8538    i.ChassisR_init     chassisr_task.o
    0x08001490   0x08001490   0x00000898   Code   RO         8539    i.ChassisR_task     chassisr_task.o
    0x08001d28   0x08001d28   0x00000010   Code   RO          650    i.DMA1_Stream0_IRQHandler  stm32h7xx_it.o
    0x08001d38   0x08001d38   0x00000010   Code   RO          651    i.DMA1_Stream1_IRQHandler  stm32h7xx_it.o
    0x08001d48   0x08001d48   0x00000010   Code   RO          652    i.DMA1_Stream2_IRQHandler  stm32h7xx_it.o
    0x08001d58   0x08001d58   0x00000010   Code   RO          653    i.DMA1_Stream3_IRQHandler  stm32h7xx_it.o
    0x08001d68   0x08001d68   0x000000ec   Code   RO         2176    i.DMA_CalcBaseAndBitshift  stm32h7xx_hal_dma.o
    0x08001e54   0x08001e54   0x000000c4   Code   RO         2177    i.DMA_CalcDMAMUXChannelBaseAndMask  stm32h7xx_hal_dma.o
    0x08001f18   0x08001f18   0x00000098   Code   RO         2178    i.DMA_CalcDMAMUXRequestGenBaseAndMask  stm32h7xx_hal_dma.o
    0x08001fb0   0x08001fb0   0x000000ae   Code   RO         2179    i.DMA_CheckFifoParam  stm32h7xx_hal_dma.o
    0x0800205e   0x0800205e   0x00000002   PAD
    0x08002060   0x08002060   0x00000030   Code   RO         8799    i.DWT_CNT_Update    bsp_dwt.o
    0x08002090   0x08002090   0x0000003c   Code   RO         8800    i.DWT_Delay         bsp_dwt.o
    0x080020cc   0x080020cc   0x0000004c   Code   RO         8801    i.DWT_GetDeltaT     bsp_dwt.o
    0x08002118   0x08002118   0x00000054   Code   RO         8804    i.DWT_GetTimeline_s  bsp_dwt.o
    0x0800216c   0x0800216c   0x00000068   Code   RO         8806    i.DWT_Init          bsp_dwt.o
    0x080021d4   0x080021d4   0x000000d0   Code   RO         8807    i.DWT_SysTimeUpdate  bsp_dwt.o
    0x080022a4   0x080022a4   0x00000002   Code   RO          654    i.DebugMon_Handler  stm32h7xx_it.o
    0x080022a6   0x080022a6   0x0000015a   Code   RO         8476    i.EarthFrameToBodyFrame  ins_task.o
    0x08002400   0x08002400   0x00000006   Code   RO           13    i.Error_Handler     main.o
    0x08002406   0x08002406   0x00000002   PAD
    0x08002408   0x08002408   0x00000060   Code   RO         8876    i.FDCAN1_Config     can_bsp.o
    0x08002468   0x08002468   0x00000010   Code   RO          655    i.FDCAN1_IT0_IRQHandler  stm32h7xx_it.o
    0x08002478   0x08002478   0x00000060   Code   RO         8877    i.FDCAN2_Config     can_bsp.o
    0x080024d8   0x080024d8   0x00000010   Code   RO          656    i.FDCAN2_IT0_IRQHandler  stm32h7xx_it.o
    0x080024e8   0x080024e8   0x00000010   Code   RO          657    i.FDCAN3_IT0_IRQHandler  stm32h7xx_it.o
    0x080024f8   0x080024f8   0x00000220   Code   RO         3975    i.FDCAN_CalcultateRamBlockAddresses  stm32h7xx_hal_fdcan.o
    0x08002718   0x08002718   0x000000d0   Code   RO         3976    i.FDCAN_CopyMessageToRAM  stm32h7xx_hal_fdcan.o
    0x080027e8   0x080027e8   0x00000034   Code   RO         9265    i.Get_SerialNum     usbd_desc.o
    0x0800281c   0x0800281c   0x000004dc   Code   RO         2181    i.HAL_DMA_Abort     stm32h7xx_hal_dma.o
    0x08002cf8   0x08002cf8   0x00000398   Code   RO         2182    i.HAL_DMA_Abort_IT  stm32h7xx_hal_dma.o
    0x08003090   0x08003090   0x00000af8   Code   RO         2186    i.HAL_DMA_IRQHandler  stm32h7xx_hal_dma.o
    0x08003b88   0x08003b88   0x00000514   Code   RO         2187    i.HAL_DMA_Init      stm32h7xx_hal_dma.o
    0x0800409c   0x0800409c   0x00000028   Code   RO         3036    i.HAL_Delay         stm32h7xx_hal.o
    0x080040c4   0x080040c4   0x000000a8   Code   RO         3978    i.HAL_FDCAN_ActivateNotification  stm32h7xx_hal_fdcan.o
    0x0800416c   0x0800416c   0x00000090   Code   RO         3980    i.HAL_FDCAN_AddMessageToTxFifoQ  stm32h7xx_hal_fdcan.o
    0x080041fc   0x080041fc   0x00000002   Code   RO         3981    i.HAL_FDCAN_ClockCalibrationCallback  stm32h7xx_hal_fdcan.o
    0x080041fe   0x080041fe   0x000000a8   Code   RO         3985    i.HAL_FDCAN_ConfigFilter  stm32h7xx_hal_fdcan.o
    0x080042a6   0x080042a6   0x00000034   Code   RO         3986    i.HAL_FDCAN_ConfigGlobalFilter  stm32h7xx_hal_fdcan.o
    0x080042da   0x080042da   0x00000002   Code   RO         4007    i.HAL_FDCAN_ErrorCallback  stm32h7xx_hal_fdcan.o
    0x080042dc   0x080042dc   0x00000002   Code   RO         4008    i.HAL_FDCAN_ErrorStatusCallback  stm32h7xx_hal_fdcan.o
    0x080042de   0x080042de   0x00000002   PAD
    0x080042e0   0x080042e0   0x000001f4   Code   RO         4019    i.HAL_FDCAN_GetRxMessage  stm32h7xx_hal_fdcan.o
    0x080044d4   0x080044d4   0x00000002   Code   RO         4025    i.HAL_FDCAN_HighPriorityMessageCallback  stm32h7xx_hal_fdcan.o
    0x080044d6   0x080044d6   0x00000002   PAD
    0x080044d8   0x080044d8   0x000003d4   Code   RO         4026    i.HAL_FDCAN_IRQHandler  stm32h7xx_hal_fdcan.o
    0x080048ac   0x080048ac   0x000002e0   Code   RO         4027    i.HAL_FDCAN_Init    stm32h7xx_hal_fdcan.o
    0x08004b8c   0x08004b8c   0x000001b4   Code   RO          445    i.HAL_FDCAN_MspInit  fdcan.o
    0x08004d40   0x08004d40   0x00000002   Code   RO         4036    i.HAL_FDCAN_RxBufferNewMessageCallback  stm32h7xx_hal_fdcan.o
    0x08004d42   0x08004d42   0x00000002   PAD
    0x08004d44   0x08004d44   0x000000a8   Code   RO         8878    i.HAL_FDCAN_RxFifo0Callback  can_bsp.o
    0x08004dec   0x08004dec   0x000000a8   Code   RO         8879    i.HAL_FDCAN_RxFifo1Callback  can_bsp.o
    0x08004e94   0x08004e94   0x00000034   Code   RO         4039    i.HAL_FDCAN_Start   stm32h7xx_hal_fdcan.o
    0x08004ec8   0x08004ec8   0x00000002   Code   RO         4061    i.HAL_FDCAN_TT_GlobalTimeCallback  stm32h7xx_hal_fdcan.o
    0x08004eca   0x08004eca   0x00000002   Code   RO         4062    i.HAL_FDCAN_TT_ScheduleSyncCallback  stm32h7xx_hal_fdcan.o
    0x08004ecc   0x08004ecc   0x00000002   Code   RO         4067    i.HAL_FDCAN_TT_StopWatchCallback  stm32h7xx_hal_fdcan.o
    0x08004ece   0x08004ece   0x00000002   Code   RO         4068    i.HAL_FDCAN_TT_TimeMarkCallback  stm32h7xx_hal_fdcan.o
    0x08004ed0   0x08004ed0   0x00000002   Code   RO         4069    i.HAL_FDCAN_TimeoutOccurredCallback  stm32h7xx_hal_fdcan.o
    0x08004ed2   0x08004ed2   0x00000002   Code   RO         4070    i.HAL_FDCAN_TimestampWraparoundCallback  stm32h7xx_hal_fdcan.o
    0x08004ed4   0x08004ed4   0x00000002   Code   RO         4071    i.HAL_FDCAN_TxBufferAbortCallback  stm32h7xx_hal_fdcan.o
    0x08004ed6   0x08004ed6   0x00000002   Code   RO         4072    i.HAL_FDCAN_TxBufferCompleteCallback  stm32h7xx_hal_fdcan.o
    0x08004ed8   0x08004ed8   0x00000002   Code   RO         4073    i.HAL_FDCAN_TxEventFifoCallback  stm32h7xx_hal_fdcan.o
    0x08004eda   0x08004eda   0x00000002   Code   RO         4074    i.HAL_FDCAN_TxFifoEmptyCallback  stm32h7xx_hal_fdcan.o
    0x08004edc   0x08004edc   0x000001f0   Code   RO         2029    i.HAL_GPIO_Init     stm32h7xx_hal_gpio.o
    0x080050cc   0x080050cc   0x0000000c   Code   RO         2033    i.HAL_GPIO_WritePin  stm32h7xx_hal_gpio.o
    0x080050d8   0x080050d8   0x0000000c   Code   RO         3052    i.HAL_GetTick       stm32h7xx_hal.o
    0x080050e4   0x080050e4   0x00000018   Code   RO         3058    i.HAL_IncTick       stm32h7xx_hal.o
    0x080050fc   0x080050fc   0x00000060   Code   RO         3059    i.HAL_Init          stm32h7xx_hal.o
    0x0800515c   0x0800515c   0x000000a0   Code   RO          797    i.HAL_InitTick      stm32h7xx_hal_timebase_tim.o
    0x080051fc   0x080051fc   0x00000030   Code   RO          773    i.HAL_MspInit       stm32h7xx_hal_msp.o
    0x0800522c   0x0800522c   0x00000028   Code   RO         2879    i.HAL_NVIC_EnableIRQ  stm32h7xx_hal_cortex.o
    0x08005254   0x08005254   0x0000007a   Code   RO         2885    i.HAL_NVIC_SetPriority  stm32h7xx_hal_cortex.o
    0x080052ce   0x080052ce   0x00000002   PAD
    0x080052d0   0x080052d0   0x00000028   Code   RO         2886    i.HAL_NVIC_SetPriorityGrouping  stm32h7xx_hal_cortex.o
    0x080052f8   0x080052f8   0x00000028   Code   RO         1074    i.HAL_PCDEx_ActivateLPM  stm32h7xx_hal_pcd_ex.o
    0x08005320   0x08005320   0x00000002   Code   RO         1079    i.HAL_PCDEx_LPM_Callback  stm32h7xx_hal_pcd_ex.o
    0x08005322   0x08005322   0x0000000a   Code   RO         1080    i.HAL_PCDEx_SetRxFiFo  stm32h7xx_hal_pcd_ex.o
    0x0800532c   0x0800532c   0x0000004e   Code   RO         1081    i.HAL_PCDEx_SetTxFiFo  stm32h7xx_hal_pcd_ex.o
    0x0800537a   0x0800537a   0x0000000e   Code   RO         9413    i.HAL_PCD_ConnectCallback  usbd_conf.o
    0x08005388   0x08005388   0x00000020   Code   RO         9414    i.HAL_PCD_DataInStageCallback  usbd_conf.o
    0x080053a8   0x080053a8   0x00000020   Code   RO         9415    i.HAL_PCD_DataOutStageCallback  usbd_conf.o
    0x080053c8   0x080053c8   0x0000000e   Code   RO         9416    i.HAL_PCD_DisconnectCallback  usbd_conf.o
    0x080053d6   0x080053d6   0x00000042   Code   RO          845    i.HAL_PCD_EP_Abort  stm32h7xx_hal_pcd.o
    0x08005418   0x08005418   0x0000006a   Code   RO          846    i.HAL_PCD_EP_Close  stm32h7xx_hal_pcd.o
    0x08005482   0x08005482   0x0000007c   Code   RO          847    i.HAL_PCD_EP_ClrStall  stm32h7xx_hal_pcd.o
    0x080054fe   0x080054fe   0x00000016   Code   RO          849    i.HAL_PCD_EP_GetRxCount  stm32h7xx_hal_pcd.o
    0x08005514   0x08005514   0x0000008c   Code   RO          850    i.HAL_PCD_EP_Open   stm32h7xx_hal_pcd.o
    0x080055a0   0x080055a0   0x00000046   Code   RO          851    i.HAL_PCD_EP_Receive  stm32h7xx_hal_pcd.o
    0x080055e6   0x080055e6   0x0000008a   Code   RO          852    i.HAL_PCD_EP_SetStall  stm32h7xx_hal_pcd.o
    0x08005670   0x08005670   0x00000048   Code   RO          853    i.HAL_PCD_EP_Transmit  stm32h7xx_hal_pcd.o
    0x080056b8   0x080056b8   0x0000070e   Code   RO          855    i.HAL_PCD_IRQHandler  stm32h7xx_hal_pcd.o
    0x08005dc6   0x08005dc6   0x00000012   Code   RO         9417    i.HAL_PCD_ISOINIncompleteCallback  usbd_conf.o
    0x08005dd8   0x08005dd8   0x00000012   Code   RO         9418    i.HAL_PCD_ISOOUTIncompleteCallback  usbd_conf.o
    0x08005dea   0x08005dea   0x0000015e   Code   RO          858    i.HAL_PCD_Init      stm32h7xx_hal_pcd.o
    0x08005f48   0x08005f48   0x00000070   Code   RO         9420    i.HAL_PCD_MspInit   usbd_conf.o
    0x08005fb8   0x08005fb8   0x00000030   Code   RO         9421    i.HAL_PCD_ResetCallback  usbd_conf.o
    0x08005fe8   0x08005fe8   0x0000000e   Code   RO         9422    i.HAL_PCD_ResumeCallback  usbd_conf.o
    0x08005ff6   0x08005ff6   0x0000000e   Code   RO         9423    i.HAL_PCD_SOFCallback  usbd_conf.o
    0x08006004   0x08006004   0x00000034   Code   RO          864    i.HAL_PCD_SetAddress  stm32h7xx_hal_pcd.o
    0x08006038   0x08006038   0x00000012   Code   RO         9424    i.HAL_PCD_SetupStageCallback  usbd_conf.o
    0x0800604a   0x0800604a   0x0000004c   Code   RO          867    i.HAL_PCD_Start     stm32h7xx_hal_pcd.o
    0x08006096   0x08006096   0x00000002   PAD
    0x08006098   0x08006098   0x00000034   Code   RO         9425    i.HAL_PCD_SuspendCallback  usbd_conf.o
    0x080060cc   0x080060cc   0x00000060   Code   RO         2630    i.HAL_PWREx_ConfigSupply  stm32h7xx_hal_pwr_ex.o
    0x0800612c   0x0800612c   0x00000014   Code   RO         2647    i.HAL_PWREx_EnableUSBVoltageDetector  stm32h7xx_hal_pwr_ex.o
    0x08006140   0x08006140   0x00000024   Code   RO         1572    i.HAL_RCCEx_GetD3PCLK1Freq  stm32h7xx_hal_rcc_ex.o
    0x08006164   0x08006164   0x00000230   Code   RO         1574    i.HAL_RCCEx_GetPLL2ClockFreq  stm32h7xx_hal_rcc_ex.o
    0x08006394   0x08006394   0x00000230   Code   RO         1575    i.HAL_RCCEx_GetPLL3ClockFreq  stm32h7xx_hal_rcc_ex.o
    0x080065c4   0x080065c4   0x00000cc8   Code   RO         1581    i.HAL_RCCEx_PeriphCLKConfig  stm32h7xx_hal_rcc_ex.o
    0x0800728c   0x0800728c   0x00000320   Code   RO         1457    i.HAL_RCC_ClockConfig  stm32h7xx_hal_rcc.o
    0x080075ac   0x080075ac   0x0000006c   Code   RO         1461    i.HAL_RCC_GetClockConfig  stm32h7xx_hal_rcc.o
    0x08007618   0x08007618   0x0000004c   Code   RO         1462    i.HAL_RCC_GetHCLKFreq  stm32h7xx_hal_rcc.o
    0x08007664   0x08007664   0x00000024   Code   RO         1464    i.HAL_RCC_GetPCLK1Freq  stm32h7xx_hal_rcc.o
    0x08007688   0x08007688   0x00000024   Code   RO         1465    i.HAL_RCC_GetPCLK2Freq  stm32h7xx_hal_rcc.o
    0x080076ac   0x080076ac   0x0000022c   Code   RO         1466    i.HAL_RCC_GetSysClockFreq  stm32h7xx_hal_rcc.o
    0x080078d8   0x080078d8   0x0000075c   Code   RO         1469    i.HAL_RCC_OscConfig  stm32h7xx_hal_rcc.o
    0x08008034   0x08008034   0x00000002   Code   RO         4600    i.HAL_SPI_ErrorCallback  stm32h7xx_hal_spi.o
    0x08008036   0x08008036   0x00000002   PAD
    0x08008038   0x08008038   0x00000294   Code   RO         4603    i.HAL_SPI_IRQHandler  stm32h7xx_hal_spi.o
    0x080082cc   0x080082cc   0x000001b0   Code   RO         4604    i.HAL_SPI_Init      stm32h7xx_hal_spi.o
    0x0800847c   0x0800847c   0x00000178   Code   RO          518    i.HAL_SPI_MspInit   spi.o
    0x080085f4   0x080085f4   0x00000002   Code   RO         4610    i.HAL_SPI_RxCpltCallback  stm32h7xx_hal_spi.o
    0x080085f6   0x080085f6   0x00000002   Code   RO         4612    i.HAL_SPI_SuspendCallback  stm32h7xx_hal_spi.o
    0x080085f8   0x080085f8   0x00000454   Code   RO         4614    i.HAL_SPI_TransmitReceive  stm32h7xx_hal_spi.o
    0x08008a4c   0x08008a4c   0x00000002   Code   RO         4619    i.HAL_SPI_TxCpltCallback  stm32h7xx_hal_spi.o
    0x08008a4e   0x08008a4e   0x00000002   Code   RO         4621    i.HAL_SPI_TxRxCpltCallback  stm32h7xx_hal_spi.o
    0x08008a50   0x08008a50   0x00000002   Code   RO         5654    i.HAL_TIMEx_Break2Callback  stm32h7xx_hal_tim_ex.o
    0x08008a52   0x08008a52   0x00000002   Code   RO         5655    i.HAL_TIMEx_BreakCallback  stm32h7xx_hal_tim_ex.o
    0x08008a54   0x08008a54   0x00000002   Code   RO         5656    i.HAL_TIMEx_CommutCallback  stm32h7xx_hal_tim_ex.o
    0x08008a56   0x08008a56   0x00000002   PAD
    0x08008a58   0x08008a58   0x000000e4   Code   RO         5677    i.HAL_TIMEx_MasterConfigSynchronization  stm32h7xx_hal_tim_ex.o
    0x08008b3c   0x08008b3c   0x0000006e   Code   RO         4929    i.HAL_TIM_Base_Init  stm32h7xx_hal_tim.o
    0x08008baa   0x08008baa   0x00000002   Code   RO         4931    i.HAL_TIM_Base_MspInit  stm32h7xx_hal_tim.o
    0x08008bac   0x08008bac   0x000000cc   Code   RO         4934    i.HAL_TIM_Base_Start_IT  stm32h7xx_hal_tim.o
    0x08008c78   0x08008c78   0x00000002   Code   RO         4963    i.HAL_TIM_IC_CaptureCallback  stm32h7xx_hal_tim.o
    0x08008c7a   0x08008c7a   0x00000198   Code   RO         4977    i.HAL_TIM_IRQHandler  stm32h7xx_hal_tim.o
    0x08008e12   0x08008e12   0x00000002   PAD
    0x08008e14   0x08008e14   0x0000005c   Code   RO          559    i.HAL_TIM_MspPostInit  tim.o
    0x08008e70   0x08008e70   0x00000002   Code   RO         4980    i.HAL_TIM_OC_DelayElapsedCallback  stm32h7xx_hal_tim.o
    0x08008e72   0x08008e72   0x00000170   Code   RO         5001    i.HAL_TIM_PWM_ConfigChannel  stm32h7xx_hal_tim.o
    0x08008fe2   0x08008fe2   0x0000006e   Code   RO         5004    i.HAL_TIM_PWM_Init  stm32h7xx_hal_tim.o
    0x08009050   0x08009050   0x00000030   Code   RO          561    i.HAL_TIM_PWM_MspInit  tim.o
    0x08009080   0x08009080   0x00000002   Code   RO         5007    i.HAL_TIM_PWM_PulseFinishedCallback  stm32h7xx_hal_tim.o
    0x08009082   0x08009082   0x00000012   Code   RO           14    i.HAL_TIM_PeriodElapsedCallback  main.o
    0x08009094   0x08009094   0x00000002   Code   RO         5020    i.HAL_TIM_TriggerCallback  stm32h7xx_hal_tim.o
    0x08009096   0x08009096   0x0000004e   Code   RO         6382    i.HAL_UARTEx_DisableFifoMode  stm32h7xx_hal_uart_ex.o
    0x080090e4   0x080090e4   0x00000002   Code   RO         5966    i.HAL_UARTEx_RxEventCallback  stm32h7xx_hal_uart.o
    0x080090e6   0x080090e6   0x00000002   Code   RO         6390    i.HAL_UARTEx_RxFifoFullCallback  stm32h7xx_hal_uart_ex.o
    0x080090e8   0x080090e8   0x0000005e   Code   RO         6391    i.HAL_UARTEx_SetRxFifoThreshold  stm32h7xx_hal_uart_ex.o
    0x08009146   0x08009146   0x0000005e   Code   RO         6392    i.HAL_UARTEx_SetTxFifoThreshold  stm32h7xx_hal_uart_ex.o
    0x080091a4   0x080091a4   0x00000002   Code   RO         6394    i.HAL_UARTEx_TxFifoEmptyCallback  stm32h7xx_hal_uart_ex.o
    0x080091a6   0x080091a6   0x00000002   Code   RO         6395    i.HAL_UARTEx_WakeupCallback  stm32h7xx_hal_uart_ex.o
    0x080091a8   0x080091a8   0x00000002   Code   RO         5982    i.HAL_UART_ErrorCallback  stm32h7xx_hal_uart.o
    0x080091aa   0x080091aa   0x00000002   PAD
    0x080091ac   0x080091ac   0x00000494   Code   RO         5985    i.HAL_UART_IRQHandler  stm32h7xx_hal_uart.o
    0x08009640   0x08009640   0x00000078   Code   RO         5986    i.HAL_UART_Init     stm32h7xx_hal_uart.o
    0x080096b8   0x080096b8   0x00000130   Code   RO          608    i.HAL_UART_MspInit  usart.o
    0x080097e8   0x080097e8   0x0000005c   Code   RO         5991    i.HAL_UART_Receive_IT  stm32h7xx_hal_uart.o
    0x08009844   0x08009844   0x000005bc   Code   RO         8959    i.HAL_UART_RxCpltCallback  bsp_usart1.o
    0x08009e00   0x08009e00   0x00000002   Code   RO         5998    i.HAL_UART_TxCpltCallback  stm32h7xx_hal_uart.o
    0x08009e02   0x08009e02   0x00000004   Code   RO          658    i.HardFault_Handler  stm32h7xx_it.o
    0x08009e06   0x08009e06   0x00000002   PAD
    0x08009e08   0x08009e08   0x00000034   Code   RO         8477    i.INS_Init          ins_task.o
    0x08009e3c   0x08009e3c   0x00000008   Code   RO          337    i.INS_Task          freertos.o
    0x08009e44   0x08009e44   0x0000035c   Code   RO         8478    i.INS_task          ins_task.o
    0x0800a1a0   0x0800a1a0   0x0000003e   Code   RO         9266    i.IntToUnicode      usbd_desc.o
    0x0800a1de   0x0800a1de   0x00000032   Code   RO         8540    i.LQR_K_calc        chassisr_task.o
    0x0800a210   0x0800a210   0x00000064   Code   RO          420    i.MX_DMA_Init       dma.o
    0x0800a274   0x0800a274   0x00000080   Code   RO          446    i.MX_FDCAN1_Init    fdcan.o
    0x0800a2f4   0x0800a2f4   0x00000080   Code   RO          447    i.MX_FDCAN2_Init    fdcan.o
    0x0800a374   0x0800a374   0x00000080   Code   RO          448    i.MX_FDCAN3_Init    fdcan.o
    0x0800a3f4   0x0800a3f4   0x00000060   Code   RO          338    i.MX_FREERTOS_Init  freertos.o
    0x0800a454   0x0800a454   0x00000174   Code   RO          312    i.MX_GPIO_Init      gpio.o
    0x0800a5c8   0x0800a5c8   0x00000064   Code   RO          519    i.MX_SPI2_Init      spi.o
    0x0800a62c   0x0800a62c   0x00000080   Code   RO          562    i.MX_TIM3_Init      tim.o
    0x0800a6ac   0x0800a6ac   0x0000006c   Code   RO          609    i.MX_USART1_UART_Init  usart.o
    0x0800a718   0x0800a718   0x00000050   Code   RO         9230    i.MX_USB_DEVICE_Init  usb_device.o
    0x0800a768   0x0800a768   0x00000004   Code   RO          659    i.MemManage_Handler  stm32h7xx_it.o
    0x0800a76c   0x0800a76c   0x00000004   Code   RO          660    i.NMI_Handler       stm32h7xx_it.o
    0x0800a770   0x0800a770   0x00000010   Code   RO          661    i.OTG_HS_IRQHandler  stm32h7xx_it.o
    0x0800a780   0x0800a780   0x00000064   Code   RO          870    i.PCD_EP_OutSetupPacket_int  stm32h7xx_hal_pcd.o
    0x0800a7e4   0x0800a7e4   0x00000144   Code   RO          871    i.PCD_EP_OutXfrComplete_int  stm32h7xx_hal_pcd.o
    0x0800a928   0x0800a928   0x000000b6   Code   RO          872    i.PCD_WriteEmptyTxFifo  stm32h7xx_hal_pcd.o
    0x0800a9de   0x0800a9de   0x00000048   Code   RO           15    i.PeriphCommonClock_Config  main.o
    0x0800aa26   0x0800aa26   0x00000002   PAD
    0x0800aa28   0x0800aa28   0x00000164   Code   RO         1584    i.RCCEx_PLL2_Config  stm32h7xx_hal_rcc_ex.o
    0x0800ab8c   0x0800ab8c   0x00000164   Code   RO         1585    i.RCCEx_PLL3_Config  stm32h7xx_hal_rcc_ex.o
    0x0800acf0   0x0800acf0   0x0000012e   Code   RO         6810    i.RotationMatrix_update  mahony_filter.o
    0x0800ae1e   0x0800ae1e   0x00000002   PAD
    0x0800ae20   0x0800ae20   0x00000010   Code   RO          662    i.SPI2_IRQHandler   stm32h7xx_it.o
    0x0800ae30   0x0800ae30   0x000000d6   Code   RO         4624    i.SPI_CloseTransfer  stm32h7xx_hal_spi.o
    0x0800af06   0x0800af06   0x0000001c   Code   RO         4625    i.SPI_DMAAbortOnError  stm32h7xx_hal_spi.o
    0x0800af22   0x0800af22   0x0000001a   Code   RO         4635    i.SPI_GetPacketSize  stm32h7xx_hal_spi.o
    0x0800af3c   0x0800af3c   0x00000042   Code   RO         4642    i.SPI_WaitOnFlagUntilTimeout  stm32h7xx_hal_spi.o
    0x0800af7e   0x0800af7e   0x00000012   Code   RO         9790    i.SWAPBYTE          usbd_ctlreq.o
    0x0800af90   0x0800af90   0x00000012   Code   RO          339    i.StartDefaultTask  freertos.o
    0x0800afa2   0x0800afa2   0x00000002   PAD
    0x0800afa4   0x0800afa4   0x00000034   Code   RO         8396    i.SysTick_Handler   port.o
    0x0800afd8   0x0800afd8   0x000000bc   Code   RO           16    i.SystemClock_Config  main.o
    0x0800b094   0x0800b094   0x000000e0   Code   RO         6506    i.SystemInit        system_stm32h7xx.o
    0x0800b174   0x0800b174   0x00000010   Code   RO          663    i.TIM2_IRQHandler   stm32h7xx_it.o
    0x0800b184   0x0800b184   0x000000f0   Code   RO         5022    i.TIM_Base_SetConfig  stm32h7xx_hal_tim.o
    0x0800b274   0x0800b274   0x000000ac   Code   RO         5035    i.TIM_OC1_SetConfig  stm32h7xx_hal_tim.o
    0x0800b320   0x0800b320   0x000000b4   Code   RO         5036    i.TIM_OC2_SetConfig  stm32h7xx_hal_tim.o
    0x0800b3d4   0x0800b3d4   0x000000b4   Code   RO         5037    i.TIM_OC3_SetConfig  stm32h7xx_hal_tim.o
    0x0800b488   0x0800b488   0x00000074   Code   RO         5038    i.TIM_OC4_SetConfig  stm32h7xx_hal_tim.o
    0x0800b4fc   0x0800b4fc   0x00000070   Code   RO         5039    i.TIM_OC5_SetConfig  stm32h7xx_hal_tim.o
    0x0800b56c   0x0800b56c   0x00000070   Code   RO         5040    i.TIM_OC6_SetConfig  stm32h7xx_hal_tim.o
    0x0800b5dc   0x0800b5dc   0x0000005c   Code   RO         8541    i.Turn              chassisr_task.o
    0x0800b638   0x0800b638   0x00000058   Code   RO         6396    i.UARTEx_SetNbDataToProcess  stm32h7xx_hal_uart_ex.o
    0x0800b690   0x0800b690   0x000000f8   Code   RO         6000    i.UART_AdvFeatureConfig  stm32h7xx_hal_uart.o
    0x0800b788   0x0800b788   0x000000ea   Code   RO         6001    i.UART_CheckIdleState  stm32h7xx_hal_uart.o
    0x0800b872   0x0800b872   0x00000018   Code   RO         6002    i.UART_DMAAbortOnError  stm32h7xx_hal_uart.o
    0x0800b88a   0x0800b88a   0x00000002   PAD
    0x0800b88c   0x0800b88c   0x0000006c   Code   RO         6012    i.UART_EndRxTransfer  stm32h7xx_hal_uart.o
    0x0800b8f8   0x0800b8f8   0x00000030   Code   RO         6013    i.UART_EndTransmit_IT  stm32h7xx_hal_uart.o
    0x0800b928   0x0800b928   0x00000104   Code   RO         6015    i.UART_RxISR_16BIT  stm32h7xx_hal_uart.o
    0x0800ba2c   0x0800ba2c   0x000001fc   Code   RO         6016    i.UART_RxISR_16BIT_FIFOEN  stm32h7xx_hal_uart.o
    0x0800bc28   0x0800bc28   0x00000104   Code   RO         6017    i.UART_RxISR_8BIT   stm32h7xx_hal_uart.o
    0x0800bd2c   0x0800bd2c   0x000001f8   Code   RO         6018    i.UART_RxISR_8BIT_FIFOEN  stm32h7xx_hal_uart.o
    0x0800bf24   0x0800bf24   0x00000628   Code   RO         6019    i.UART_SetConfig    stm32h7xx_hal_uart.o
    0x0800c54c   0x0800c54c   0x0000015c   Code   RO         6021    i.UART_Start_Receive_IT  stm32h7xx_hal_uart.o
    0x0800c6a8   0x0800c6a8   0x000000ac   Code   RO         6026    i.UART_WaitOnFlagUntilTimeout  stm32h7xx_hal_uart.o
    0x0800c754   0x0800c754   0x00000010   Code   RO          664    i.USART1_IRQHandler  stm32h7xx_it.o
    0x0800c764   0x0800c764   0x000000c4   Code   RO         9961    i.USBD_CDC_DataIn   usbd_cdc.o
    0x0800c828   0x0800c828   0x00000048   Code   RO         9962    i.USBD_CDC_DataOut  usbd_cdc.o
    0x0800c870   0x0800c870   0x000000d4   Code   RO         9963    i.USBD_CDC_DeInit   usbd_cdc.o
    0x0800c944   0x0800c944   0x00000050   Code   RO         9964    i.USBD_CDC_EP0_RxReady  usbd_cdc.o
    0x0800c994   0x0800c994   0x00000010   Code   RO         9965    i.USBD_CDC_GetDeviceQualifierDescriptor  usbd_cdc.o
    0x0800c9a4   0x0800c9a4   0x00000044   Code   RO         9966    i.USBD_CDC_GetFSCfgDesc  usbd_cdc.o
    0x0800c9e8   0x0800c9e8   0x00000048   Code   RO         9967    i.USBD_CDC_GetHSCfgDesc  usbd_cdc.o
    0x0800ca30   0x0800ca30   0x00000044   Code   RO         9968    i.USBD_CDC_GetOtherSpeedCfgDesc  usbd_cdc.o
    0x0800ca74   0x0800ca74   0x000001a0   Code   RO         9969    i.USBD_CDC_Init     usbd_cdc.o
    0x0800cc14   0x0800cc14   0x00000050   Code   RO         9970    i.USBD_CDC_ReceivePacket  usbd_cdc.o
    0x0800cc64   0x0800cc64   0x00000018   Code   RO         9971    i.USBD_CDC_RegisterInterface  usbd_cdc.o
    0x0800cc7c   0x0800cc7c   0x0000001e   Code   RO         9972    i.USBD_CDC_SetRxBuffer  usbd_cdc.o
    0x0800cc9a   0x0800cc9a   0x00000024   Code   RO         9973    i.USBD_CDC_SetTxBuffer  usbd_cdc.o
    0x0800ccbe   0x0800ccbe   0x00000140   Code   RO         9974    i.USBD_CDC_Setup    usbd_cdc.o
    0x0800cdfe   0x0800cdfe   0x00000002   PAD
    0x0800ce00   0x0800ce00   0x0000005c   Code   RO         9975    i.USBD_CDC_TransmitPacket  usbd_cdc.o
    0x0800ce5c   0x0800ce5c   0x0000001c   Code   RO         9624    i.USBD_ClrClassConfig  usbd_core.o
    0x0800ce78   0x0800ce78   0x0000003e   Code   RO         9791    i.USBD_ClrFeature   usbd_ctlreq.o
    0x0800ceb6   0x0800ceb6   0x00000006   Code   RO         9625    i.USBD_CoreFindEP   usbd_core.o
    0x0800cebc   0x0800cebc   0x00000006   Code   RO         9626    i.USBD_CoreFindIF   usbd_core.o
    0x0800cec2   0x0800cec2   0x00000018   Code   RO         9897    i.USBD_CtlContinueRx  usbd_ioreq.o
    0x0800ceda   0x0800ceda   0x00000018   Code   RO         9898    i.USBD_CtlContinueSendData  usbd_ioreq.o
    0x0800cef2   0x0800cef2   0x00000018   Code   RO         9792    i.USBD_CtlError     usbd_ctlreq.o
    0x0800cf0a   0x0800cf0a   0x00000028   Code   RO         9899    i.USBD_CtlPrepareRx  usbd_ioreq.o
    0x0800cf32   0x0800cf32   0x0000001a   Code   RO         9900    i.USBD_CtlReceiveStatus  usbd_ioreq.o
    0x0800cf4c   0x0800cf4c   0x00000022   Code   RO         9901    i.USBD_CtlSendData  usbd_ioreq.o
    0x0800cf6e   0x0800cf6e   0x0000001a   Code   RO         9902    i.USBD_CtlSendStatus  usbd_ioreq.o
    0x0800cf88   0x0800cf88   0x00000056   Code   RO         9793    i.USBD_GetConfig    usbd_ctlreq.o
    0x0800cfde   0x0800cfde   0x00000232   Code   RO         9794    i.USBD_GetDescriptor  usbd_ctlreq.o
    0x0800d210   0x0800d210   0x00000050   Code   RO         9628    i.USBD_GetEpDesc    usbd_core.o
    0x0800d260   0x0800d260   0x00000016   Code   RO         9795    i.USBD_GetLen       usbd_ctlreq.o
    0x0800d276   0x0800d276   0x00000014   Code   RO         9629    i.USBD_GetNextDesc  usbd_core.o
    0x0800d28a   0x0800d28a   0x0000005a   Code   RO         9796    i.USBD_GetStatus    usbd_ctlreq.o
    0x0800d2e4   0x0800d2e4   0x00000068   Code   RO         9797    i.USBD_GetString    usbd_ctlreq.o
    0x0800d34c   0x0800d34c   0x0000002c   Code   RO         9426    i.USBD_Get_USB_Status  usbd_conf.o
    0x0800d378   0x0800d378   0x00000034   Code   RO         9267    i.USBD_HS_ConfigStrDescriptor  usbd_desc.o
    0x0800d3ac   0x0800d3ac   0x00000010   Code   RO         9268    i.USBD_HS_DeviceDescriptor  usbd_desc.o
    0x0800d3bc   0x0800d3bc   0x00000038   Code   RO         9269    i.USBD_HS_InterfaceStrDescriptor  usbd_desc.o
    0x0800d3f4   0x0800d3f4   0x00000010   Code   RO         9270    i.USBD_HS_LangIDStrDescriptor  usbd_desc.o
    0x0800d404   0x0800d404   0x0000002c   Code   RO         9271    i.USBD_HS_ManufacturerStrDescriptor  usbd_desc.o
    0x0800d430   0x0800d430   0x00000040   Code   RO         9272    i.USBD_HS_ProductStrDescriptor  usbd_desc.o
    0x0800d470   0x0800d470   0x00000018   Code   RO         9273    i.USBD_HS_SerialStrDescriptor  usbd_desc.o
    0x0800d488   0x0800d488   0x0000003a   Code   RO         9630    i.USBD_Init         usbd_core.o
    0x0800d4c2   0x0800d4c2   0x00000026   Code   RO         9427    i.USBD_LL_ClearStallEP  usbd_conf.o
    0x0800d4e8   0x0800d4e8   0x00000026   Code   RO         9428    i.USBD_LL_CloseEP   usbd_conf.o
    0x0800d50e   0x0800d50e   0x00000108   Code   RO         9631    i.USBD_LL_DataInStage  usbd_core.o
    0x0800d616   0x0800d616   0x00000102   Code   RO         9632    i.USBD_LL_DataOutStage  usbd_core.o
    0x0800d718   0x0800d718   0x00000006   Code   RO         9633    i.USBD_LL_DevConnected  usbd_core.o
    0x0800d71e   0x0800d71e   0x00000026   Code   RO         9634    i.USBD_LL_DevDisconnected  usbd_core.o
    0x0800d744   0x0800d744   0x00000012   Code   RO         9432    i.USBD_LL_GetRxDataSize  usbd_conf.o
    0x0800d756   0x0800d756   0x00000002   PAD
    0x0800d758   0x0800d758   0x00000070   Code   RO         9433    i.USBD_LL_Init      usbd_conf.o
    0x0800d7c8   0x0800d7c8   0x00000038   Code   RO         9434    i.USBD_LL_IsStallEP  usbd_conf.o
    0x0800d800   0x0800d800   0x00000048   Code   RO         9635    i.USBD_LL_IsoINIncomplete  usbd_core.o
    0x0800d848   0x0800d848   0x00000048   Code   RO         9636    i.USBD_LL_IsoOUTIncomplete  usbd_core.o
    0x0800d890   0x0800d890   0x00000030   Code   RO         9435    i.USBD_LL_OpenEP    usbd_conf.o
    0x0800d8c0   0x0800d8c0   0x00000030   Code   RO         9436    i.USBD_LL_PrepareReceive  usbd_conf.o
    0x0800d8f0   0x0800d8f0   0x0000006c   Code   RO         9637    i.USBD_LL_Reset     usbd_core.o
    0x0800d95c   0x0800d95c   0x00000016   Code   RO         9638    i.USBD_LL_Resume    usbd_core.o
    0x0800d972   0x0800d972   0x00000028   Code   RO         9639    i.USBD_LL_SOF       usbd_core.o
    0x0800d99a   0x0800d99a   0x00000008   Code   RO         9640    i.USBD_LL_SetSpeed  usbd_core.o
    0x0800d9a2   0x0800d9a2   0x00000026   Code   RO         9437    i.USBD_LL_SetUSBAddress  usbd_conf.o
    0x0800d9c8   0x0800d9c8   0x00000076   Code   RO         9641    i.USBD_LL_SetupStage  usbd_core.o
    0x0800da3e   0x0800da3e   0x00000026   Code   RO         9438    i.USBD_LL_StallEP   usbd_conf.o
    0x0800da64   0x0800da64   0x0000001e   Code   RO         9439    i.USBD_LL_Start     usbd_conf.o
    0x0800da82   0x0800da82   0x0000001c   Code   RO         9642    i.USBD_LL_Suspend   usbd_core.o
    0x0800da9e   0x0800da9e   0x00000030   Code   RO         9441    i.USBD_LL_Transmit  usbd_conf.o
    0x0800dace   0x0800dace   0x00000036   Code   RO         9798    i.USBD_ParseSetupRequest  usbd_ctlreq.o
    0x0800db04   0x0800db04   0x00000048   Code   RO         9643    i.USBD_RegisterClass  usbd_core.o
    0x0800db4c   0x0800db4c   0x00000006   Code   RO         9644    i.USBD_RunTestMode  usbd_core.o
    0x0800db52   0x0800db52   0x0000005a   Code   RO         9799    i.USBD_SetAddress   usbd_ctlreq.o
    0x0800dbac   0x0800dbac   0x00000020   Code   RO         9645    i.USBD_SetClassConfig  usbd_core.o
    0x0800dbcc   0x0800dbcc   0x00000104   Code   RO         9800    i.USBD_SetConfig    usbd_ctlreq.o
    0x0800dcd0   0x0800dcd0   0x00000038   Code   RO         9801    i.USBD_SetFeature   usbd_ctlreq.o
    0x0800dd08   0x0800dd08   0x0000000c   Code   RO         9646    i.USBD_Start        usbd_core.o
    0x0800dd14   0x0800dd14   0x000000ae   Code   RO         9802    i.USBD_StdDevReq    usbd_ctlreq.o
    0x0800ddc2   0x0800ddc2   0x00000280   Code   RO         9803    i.USBD_StdEPReq     usbd_ctlreq.o
    0x0800e042   0x0800e042   0x000000ae   Code   RO         9804    i.USBD_StdItfReq    usbd_ctlreq.o
    0x0800e0f0   0x0800e0f0   0x00000002   Code   RO         9442    i.USBD_static_free  usbd_conf.o
    0x0800e0f2   0x0800e0f2   0x00000002   PAD
    0x0800e0f4   0x0800e0f4   0x0000000c   Code   RO         9443    i.USBD_static_malloc  usbd_conf.o
    0x0800e100   0x0800e100   0x000000d0   Code   RO         1146    i.USB_ActivateEndpoint  stm32h7xx_ll_usb.o
    0x0800e1d0   0x0800e1d0   0x00000028   Code   RO         1148    i.USB_ActivateSetup  stm32h7xx_ll_usb.o
    0x0800e1f8   0x0800e1f8   0x000000a0   Code   RO         1150    i.USB_CoreInit      stm32h7xx_ll_usb.o
    0x0800e298   0x0800e298   0x00000054   Code   RO         1151    i.USB_CoreReset     stm32h7xx_ll_usb.o
    0x0800e2ec   0x0800e2ec   0x0000014c   Code   RO         1154    i.USB_DeactivateEndpoint  stm32h7xx_ll_usb.o
    0x0800e438   0x0800e438   0x00000024   Code   RO         1155    i.USB_DevConnect    stm32h7xx_ll_usb.o
    0x0800e45c   0x0800e45c   0x00000024   Code   RO         1156    i.USB_DevDisconnect  stm32h7xx_ll_usb.o
    0x0800e480   0x0800e480   0x000001e0   Code   RO         1157    i.USB_DevInit       stm32h7xx_ll_usb.o
    0x0800e660   0x0800e660   0x0000000e   Code   RO         1158    i.USB_DisableGlobalInt  stm32h7xx_ll_usb.o
    0x0800e66e   0x0800e66e   0x00000002   PAD
    0x0800e670   0x0800e670   0x00000070   Code   RO         1161    i.USB_EP0_OutStart  stm32h7xx_ll_usb.o
    0x0800e6e0   0x0800e6e0   0x0000008e   Code   RO         1162    i.USB_EPClearStall  stm32h7xx_ll_usb.o
    0x0800e76e   0x0800e76e   0x0000009a   Code   RO         1163    i.USB_EPSetStall    stm32h7xx_ll_usb.o
    0x0800e808   0x0800e808   0x000003b4   Code   RO         1164    i.USB_EPStartXfer   stm32h7xx_ll_usb.o
    0x0800ebbc   0x0800ebbc   0x000000ec   Code   RO         1165    i.USB_EPStopXfer    stm32h7xx_ll_usb.o
    0x0800eca8   0x0800eca8   0x0000000e   Code   RO         1166    i.USB_EnableGlobalInt  stm32h7xx_ll_usb.o
    0x0800ecb6   0x0800ecb6   0x00000050   Code   RO         1167    i.USB_FlushRxFifo   stm32h7xx_ll_usb.o
    0x0800ed06   0x0800ed06   0x00000054   Code   RO         1168    i.USB_FlushTxFifo   stm32h7xx_ll_usb.o
    0x0800ed5a   0x0800ed5a   0x00000026   Code   RO         1170    i.USB_GetDevSpeed   stm32h7xx_ll_usb.o
    0x0800ed80   0x0800ed80   0x0000000a   Code   RO         1172    i.USB_GetMode       stm32h7xx_ll_usb.o
    0x0800ed8a   0x0800ed8a   0x00000014   Code   RO         1180    i.USB_ReadDevAllInEpInterrupt  stm32h7xx_ll_usb.o
    0x0800ed9e   0x0800ed9e   0x00000014   Code   RO         1181    i.USB_ReadDevAllOutEpInterrupt  stm32h7xx_ll_usb.o
    0x0800edb2   0x0800edb2   0x00000032   Code   RO         1182    i.USB_ReadDevInEPInterrupt  stm32h7xx_ll_usb.o
    0x0800ede4   0x0800ede4   0x0000001a   Code   RO         1183    i.USB_ReadDevOutEPInterrupt  stm32h7xx_ll_usb.o
    0x0800edfe   0x0800edfe   0x0000000a   Code   RO         1184    i.USB_ReadInterrupts  stm32h7xx_ll_usb.o
    0x0800ee08   0x0800ee08   0x00000060   Code   RO         1185    i.USB_ReadPacket    stm32h7xx_ll_usb.o
    0x0800ee68   0x0800ee68   0x00000068   Code   RO         1187    i.USB_SetCurrentMode  stm32h7xx_ll_usb.o
    0x0800eed0   0x0800eed0   0x0000002a   Code   RO         1188    i.USB_SetDevAddress  stm32h7xx_ll_usb.o
    0x0800eefa   0x0800eefa   0x00000012   Code   RO         1189    i.USB_SetDevSpeed   stm32h7xx_ll_usb.o
    0x0800ef0c   0x0800ef0c   0x000000e8   Code   RO         1190    i.USB_SetTurnaroundTime  stm32h7xx_ll_usb.o
    0x0800eff4   0x0800eff4   0x00000044   Code   RO         1193    i.USB_WritePacket   stm32h7xx_ll_usb.o
    0x0800f038   0x0800f038   0x00000004   Code   RO          665    i.UsageFault_Handler  stm32h7xx_it.o
    0x0800f03c   0x0800f03c   0x00000026   Code   RO        10342    i.__ARM_fpclassifyf  m_wv.l(fpclassifyf.o)
    0x0800f062   0x0800f062   0x00000002   PAD
    0x0800f064   0x0800f064   0x00000010   Code   RO         2892    i.__NVIC_GetPriorityGrouping  stm32h7xx_hal_cortex.o
    0x0800f074   0x0800f074   0x00000028   Code   RO         2893    i.__NVIC_SetPriority  stm32h7xx_hal_cortex.o
    0x0800f09c   0x0800f09c   0x00000138   Code   RO        10253    i.__hardfp_asinf    m_wv.l(asinf.o)
    0x0800f1d4   0x0800f1d4   0x000002b4   Code   RO        10265    i.__hardfp_atan2f   m_wv.l(atan2f.o)
    0x0800f488   0x0800f488   0x00000066   Code   RO        10277    i.__hardfp_sqrt     m_wv.l(sqrt.o)
    0x0800f4ee   0x0800f4ee   0x0000003a   Code   RO        10289    i.__hardfp_sqrtf    m_wv.l(sqrtf.o)
    0x0800f528   0x0800f528   0x00000006   Code   RO        10345    i.__mathlib_flt_infnan  m_wv.l(funder.o)
    0x0800f52e   0x0800f52e   0x00000006   Code   RO        10346    i.__mathlib_flt_infnan2  m_wv.l(funder.o)
    0x0800f534   0x0800f534   0x00000010   Code   RO        10347    i.__mathlib_flt_invalid  m_wv.l(funder.o)
    0x0800f544   0x0800f544   0x00000010   Code   RO        10350    i.__mathlib_flt_underflow  m_wv.l(funder.o)
    0x0800f554   0x0800f554   0x0000000e   Code   RO        10392    i.__scatterload_copy  mc_w.l(handlers.o)
    0x0800f562   0x0800f562   0x00000002   Code   RO        10393    i.__scatterload_null  mc_w.l(handlers.o)
    0x0800f564   0x0800f564   0x0000000e   Code   RO        10394    i.__scatterload_zeroinit  mc_w.l(handlers.o)
    0x0800f572   0x0800f572   0x00000002   PAD
    0x0800f574   0x0800f574   0x0000000c   Code   RO        10382    i.__set_errno       mc_w.l(errno.o)
    0x0800f580   0x0800f580   0x0000016c   Code   RO         6549    i.bmi088_accel_init  bmi088driver.o
    0x0800f6ec   0x0800f6ec   0x00000130   Code   RO         6550    i.bmi088_gyro_init  bmi088driver.o
    0x0800f81c   0x0800f81c   0x00000072   Code   RO         8880    i.canx_send_data    can_bsp.o
    0x0800f88e   0x0800f88e   0x00000002   PAD
    0x0800f890   0x0800f890   0x00000254   Code   RO         8542    i.chassisR_feedback_update  chassisr_task.o
    0x0800fae4   0x0800fae4   0x000000a0   Code   RO         6690    i.dm3507_fbdata     dm4310_drv.o
    0x0800fb84   0x0800fb84   0x000000a0   Code   RO         6691    i.dm3510_fbdata     dm4310_drv.o
    0x0800fc24   0x0800fc24   0x00000042   Code   RO         6693    i.enable_motor_mode  dm4310_drv.o
    0x0800fc66   0x0800fc66   0x0000000a   Code   RO         6551    i.fabsf             bmi088driver.o
    0x0800fc70   0x0800fc70   0x00000032   Code   RO         6694    i.float_to_uint     dm4310_drv.o
    0x0800fca2   0x0800fca2   0x00000006   Code   RO         6695    i.joint_motor_init  dm4310_drv.o
    0x0800fca8   0x0800fca8   0x00000038   Code   RO         6811    i.mahony_init       mahony_filter.o
    0x0800fce0   0x0800fce0   0x0000001e   Code   RO         6812    i.mahony_input      mahony_filter.o
    0x0800fcfe   0x0800fcfe   0x0000004a   Code   RO         6813    i.mahony_output     mahony_filter.o
    0x0800fd48   0x0800fd48   0x00000286   Code   RO         6814    i.mahony_update     mahony_filter.o
    0x0800ffce   0x0800ffce   0x00000002   PAD
    0x0800ffd0   0x0800ffd0   0x00000084   Code   RO           17    i.main              main.o
    0x08010054   0x08010054   0x0000000e   Code   RO         7961    i.makeFreeRtosPriority  cmsis_os.o
    0x08010062   0x08010062   0x00000002   PAD
    0x08010064   0x08010064   0x000000f8   Code   RO         6697    i.mit_ctrl2         dm4310_drv.o
    0x0801015c   0x0801015c   0x000000f8   Code   RO         6698    i.mit_ctrl3         dm4310_drv.o
    0x08010254   0x08010254   0x00000028   Code   RO         8543    i.mySaturate        chassisr_task.o
    0x0801027c   0x0801027c   0x00000018   Code   RO         7963    i.osDelay           cmsis_os.o
    0x08010294   0x08010294   0x0000000a   Code   RO         7966    i.osKernelStart     cmsis_os.o
    0x0801029e   0x0801029e   0x00000030   Code   RO         8000    i.osThreadCreate    cmsis_os.o
    0x080102ce   0x080102ce   0x00000002   PAD
    0x080102d0   0x080102d0   0x00000098   Code   RO         7638    i.prvAddCurrentTaskToDelayedList  tasks.o
    0x08010368   0x08010368   0x000000b4   Code   RO         7639    i.prvAddNewTaskToReadyList  tasks.o
    0x0801041c   0x0801041c   0x00000048   Code   RO         7640    i.prvCheckTasksWaitingTermination  tasks.o
    0x08010464   0x08010464   0x00000012   Code   RO         7641    i.prvDeleteTCB      tasks.o
    0x08010476   0x08010476   0x00000002   PAD
    0x08010478   0x08010478   0x0000007c   Code   RO         8328    i.prvHeapInit       heap_4.o
    0x080104f4   0x080104f4   0x00000028   Code   RO         7642    i.prvIdleTask       tasks.o
    0x0801051c   0x0801051c   0x000000b4   Code   RO         7643    i.prvInitialiseNewTask  tasks.o
    0x080105d0   0x080105d0   0x00000068   Code   RO         7644    i.prvInitialiseTaskLists  tasks.o
    0x08010638   0x08010638   0x00000068   Code   RO         8329    i.prvInsertBlockIntoFreeList  heap_4.o
    0x080106a0   0x080106a0   0x00000034   Code   RO         7645    i.prvResetNextTaskUnblockTime  tasks.o
    0x080106d4   0x080106d4   0x00000040   Code   RO         8397    i.prvTaskExitError  port.o
    0x08010714   0x08010714   0x0000014c   Code   RO         8330    i.pvPortMalloc      heap_4.o
    0x08010860   0x08010860   0x0000002c   Code   RO         8398    i.pxPortInitialiseStack  port.o
    0x0801088c   0x0801088c   0x0000003e   Code   RO        10291    i.sqrtf             m_wv.l(sqrtf.o)
    0x080108ca   0x080108ca   0x00000034   Code   RO         6702    i.uint_to_float     dm4310_drv.o
    0x080108fe   0x080108fe   0x00000028   Code   RO         7291    i.uxListRemove      list.o
    0x08010926   0x08010926   0x0000001a   Code   RO         7292    i.vListInitialise   list.o
    0x08010940   0x08010940   0x00000006   Code   RO         7293    i.vListInitialiseItem  list.o
    0x08010946   0x08010946   0x00000034   Code   RO         7294    i.vListInsert       list.o
    0x0801097a   0x0801097a   0x00000018   Code   RO         7295    i.vListInsertEnd    list.o
    0x08010992   0x08010992   0x00000002   PAD
    0x08010994   0x08010994   0x00000054   Code   RO         8400    i.vPortEnterCritical  port.o
    0x080109e8   0x080109e8   0x0000003c   Code   RO         8401    i.vPortExitCritical  port.o
    0x08010a24   0x08010a24   0x000000a4   Code   RO         8331    i.vPortFree         heap_4.o
    0x08010ac8   0x08010ac8   0x00000028   Code   RO         8402    i.vPortSetupTimerInterrupt  port.o
    0x08010af0   0x08010af0   0x0000005c   Code   RO         7654    i.vTaskDelay        tasks.o
    0x08010b4c   0x08010b4c   0x00000088   Code   RO         7667    i.vTaskStartScheduler  tasks.o
    0x08010bd4   0x08010bd4   0x00000010   Code   RO         7669    i.vTaskSuspendAll   tasks.o
    0x08010be4   0x08010be4   0x0000008c   Code   RO         7670    i.vTaskSwitchContext  tasks.o
    0x08010c70   0x08010c70   0x00000074   Code   RO         9009    i.vofa_demo         bsp_vofa.o
    0x08010ce4   0x08010ce4   0x0000005c   Code   RO         9010    i.vofa_send_data    bsp_vofa.o
    0x08010d40   0x08010d40   0x00000060   Code   RO         9011    i.vofa_sendframetail  bsp_vofa.o
    0x08010da0   0x08010da0   0x00000008   Code   RO         9012    i.vofa_start        bsp_vofa.o
    0x08010da8   0x08010da8   0x00000010   Code   RO         9013    i.vofa_transmit     bsp_vofa.o
    0x08010db8   0x08010db8   0x00000006   Code   RO         6703    i.wheel_motor_init  dm4310_drv.o
    0x08010dbe   0x08010dbe   0x00000002   PAD
    0x08010dc0   0x08010dc0   0x00000168   Code   RO         8404    i.xPortStartScheduler  port.o
    0x08010f28   0x08010f28   0x00000060   Code   RO         7673    i.xTaskCreate       tasks.o
    0x08010f88   0x08010f88   0x00000148   Code   RO         7680    i.xTaskIncrementTick  tasks.o
    0x080110d0   0x080110d0   0x00000104   Code   RO         7686    i.xTaskResumeAll    tasks.o
    0x080111d4   0x080111d4   0x0000003c   Data   RO          340    .constdata          freertos.o
    0x08011210   0x08011210   0x00000008   Data   RO         2193    .constdata          stm32h7xx_hal_dma.o
    0x08011218   0x08011218   0x0000005c   Data   RO         4075    .constdata          stm32h7xx_hal_fdcan.o
    0x08011274   0x08011274   0x00000018   Data   RO         6027    .constdata          stm32h7xx_hal_uart.o
    0x0801128c   0x0801128c   0x00000010   Data   RO         6398    .constdata          stm32h7xx_hal_uart_ex.o
    0x0801129c   0x0801129c   0x00000010   Data   RO         6507    .constdata          system_stm32h7xx.o
    0x080112ac   0x080112ac   0x00000028   Data   RO          341    .conststring        freertos.o
    0x080112d4   0x080112d4   0x00000804   Data   RO        10233    .rodata.sinTable_f32  arm_cortexM7lfdp_math.lib(arm_common_tables.o)
    0x08011ad8   0x08011ad8   0x00000020   Data   RO        10390    Region$$Table       anon$$obj.o


    Execution Region RW_IRAM1 (Exec base: 0x20000000, Load base: 0x08011af8, Size: 0x00000000, Max: 0x00020000, ABSOLUTE)

    **** No section assigned to this execution region ****


    Execution Region RW_IRAM2 (Exec base: 0x24000000, Load base: 0x08011af8, Size: 0x0000adc8, Max: 0x00050000, ABSOLUTE, COMPRESSED[0x0000019c])

    Exec Addr    Load Addr    Size         Type   Attr      Idx    E Section Name        Object

    0x24000000   COMPRESSED   0x0000000c   Data   RW          342    .data               freertos.o
    0x2400000c   COMPRESSED   0x00000004   Data   RW          450    .data               fdcan.o
    0x24000010   COMPRESSED   0x00000009   Data   RW         3083    .data               stm32h7xx_hal.o
    0x24000019   COMPRESSED   0x00000003   PAD
    0x2400001c   COMPRESSED   0x00000008   Data   RW         6508    .data               system_stm32h7xx.o
    0x24000024   COMPRESSED   0x0000004a   Data   RW         6553    .data               bmi088driver.o
    0x2400006e   COMPRESSED   0x00000002   PAD
    0x24000070   COMPRESSED   0x00000004   Data   RW         6638    .data               bmi088middleware.o
    0x24000074   COMPRESSED   0x0000003c   Data   RW         7689    .data               tasks.o
    0x240000b0   COMPRESSED   0x00000020   Data   RW         8337    .data               heap_4.o
    0x240000d0   COMPRESSED   0x0000000c   Data   RW         8405    .data               port.o
    0x240000dc   COMPRESSED   0x0000001c   Data   RW         8480    .data               ins_task.o
    0x240000f8   COMPRESSED   0x000000d8   Data   RW         8545    .data               chassisr_task.o
    0x240001d0   COMPRESSED   0x00000040   Data   RW         8808    .data               bsp_dwt.o
    0x24000210   COMPRESSED   0x00000004   Data   RW         8882    .data               can_bsp.o
    0x24000214   COMPRESSED   0x00000004   PAD
    0x24000218   COMPRESSED   0x00000028   Data   RW         8963    .data               bsp_usart1.o
    0x24000240   COMPRESSED   0x00000002   Data   RW         9015    .data               bsp_vofa.o
    0x24000242   COMPRESSED   0x00000002   PAD
    0x24000244   COMPRESSED   0x0000005e   Data   RW         9276    .data               usbd_desc.o
    0x240002a2   COMPRESSED   0x00000002   PAD
    0x240002a4   COMPRESSED   0x00000014   Data   RW         9359    .data               usbd_cdc_if.o
    0x240002b8   COMPRESSED   0x00000001   Data   RW         9805    .data               usbd_ctlreq.o
    0x240002b9   COMPRESSED   0x00000003   PAD
    0x240002bc   COMPRESSED   0x0000008a   Data   RW         9976    .data               usbd_cdc.o
    0x24000346   COMPRESSED   0x00000002   PAD
    0x24000348   COMPRESSED   0x00000004   Data   RW        10383    .data               mc_w.l(errno.o)
    0x2400034c        -       0x000001e0   Zero   RW          449    .bss                fdcan.o
    0x2400052c        -       0x00000178   Zero   RW          520    .bss                spi.o
    0x240006a4        -       0x0000004c   Zero   RW          563    .bss                tim.o
    0x240006f0        -       0x00000184   Zero   RW          610    .bss                usart.o
    0x24000874        -       0x0000004c   Zero   RW          800    .bss                stm32h7xx_hal_timebase_tim.o
    0x240008c0        -       0x0000004c   Zero   RW         6552    .bss                bmi088driver.o
    0x2400090c        -       0x000000f0   Zero   RW         7688    .bss                tasks.o
    0x240009fc        -       0x00007800   Zero   RW         8336    .bss                heap_4.o
    0x240081fc        -       0x00000130   Zero   RW         8479    .bss                ins_task.o
    0x2400832c        -       0x00000194   Zero   RW         8544    .bss                chassisr_task.o
    0x240084c0        -       0x000000f0   Zero   RW         8881    .bss                can_bsp.o
    0x240085b0        -       0x00000035   Zero   RW         8962    .bss                bsp_usart1.o
    0x240085e5        -       0x00000400   Zero   RW         9014    .bss                bsp_vofa.o
    0x240089e5   COMPRESSED   0x00000003   PAD
    0x240089e8        -       0x000002dc   Zero   RW         9231    .bss                usb_device.o
    0x24008cc4        -       0x00000200   Zero   RW         9275    .bss                usbd_desc.o
    0x24008ec4        -       0x00001000   Zero   RW         9358    .bss                usbd_cdc_if.o
    0x24009ec4        -       0x00000704   Zero   RW         9444    .bss                usbd_conf.o
    0x2400a5c8        -       0x00000800   Zero   RW            1    STACK               startup_stm32h723xx.o


==============================================================================

Image component sizes


      Code (inc. data)   RO Data    RW Data    ZI Data      Debug   Object Name

      3420        210          0         74         76      15656   bmi088driver.o
       116         30          0          4          0       3436   bmi088middleware.o
       580        112          0         64          0       4610   bsp_dwt.o
      1468        136          0         40         53       4321   bsp_usart1.o
       328         28          0          2       1024       5388   bsp_vofa.o
       642         56          0          4        240       4519   can_bsp.o
      3210        230          0        216        404     937918   chassisr_task.o
        96          0          0          0          0      12819   cmsis_os.o
       996         48          0          0          0       8886   dm4310_drv.o
       100          4          0          0          0        910   dma.o
         0          0          0          0          0       5192   event_groups.o
       820         54          0          4        480       3421   fdcan.o
       130         18        100         12          0       5660   freertos.o
       372         16          0          0          0       1251   gpio.o
       724         74          0         32      30720       7543   heap_4.o
      1604         92          0         28        304       4802   ins_task.o
       148          0          0          0          0       3702   list.o
      1108         16          0          0          0       6037   mahony_filter.o
       416         20          0          0          0    1263802   main.o
       894         78          0         12          0      11272   port.o
       476         38          0          0        376       2127   spi.o
        36          8        716          0       2048        836   startup_stm32h723xx.o
       172         34          0          9          0      22990   stm32h7xx_hal.o
       258         22          0          0          0      39286   stm32h7xx_hal_cortex.o
      7030        138          8          0          0      11115   stm32h7xx_hal_dma.o
      3582         54         92          0          0      22748   stm32h7xx_hal_fdcan.o
       508         50          0          0          0       2228   stm32h7xx_hal_gpio.o
        48          6          0          0          0        942   stm32h7xx_hal_msp.o
      3628         16          0          0          0      13916   stm32h7xx_hal_pcd.o
       130          4          0          0          0       3213   stm32h7xx_hal_pcd_ex.o
       116         12          0          0          0       1350   stm32h7xx_hal_pwr_ex.o
      3496        120          0          0          0       7609   stm32h7xx_hal_rcc.o
      5140        112          0          0          0       7345   stm32h7xx_hal_rcc_ex.o
      2544         32          0          0          0      10533   stm32h7xx_hal_spi.o
      2322        234          0          0          0      12965   stm32h7xx_hal_tim.o
       234         38          0          0          0       3312   stm32h7xx_hal_tim_ex.o
       160         18          0          0         76       1659   stm32h7xx_hal_timebase_tim.o
      5680        210         24          0          0      37506   stm32h7xx_hal_uart.o
       360         10         16          0          0       5578   stm32h7xx_hal_uart_ex.o
       198         66          0          0          0       8353   stm32h7xx_it.o
      3894         88          0          0          0      22988   stm32h7xx_ll_usb.o
       224         32         16          8          0       1402   system_stm32h7xx.o
      1866        268          0         60        240      18809   tasks.o
       268         32          0          0         76       2443   tim.o
       412         36          0          0        388       2104   usart.o
        80         16          0          0        732        784   usb_device.o
      1782         54          0        138          0      14425   usbd_cdc.o
       204         22          0         20       4096       4396   usbd_cdc_if.o
       956         30          0          0       1796      17732   usbd_conf.o
      1354          0          0          0          0      16689   usbd_core.o
      2416         22          0          1          0      18140   usbd_ctlreq.o
       386        122          0         94        512       7085   usbd_desc.o
       174          0          0          0          0       4848   usbd_ioreq.o
         0          0          0          0          0        976   user_lib.o

    ----------------------------------------------------------------------
     67366       3166       1004        840      43644    2659577   Object Totals
         0          0         32          0          0          0   (incl. Generated)
        60          0          0         18          3          0   (incl. Padding)

    ----------------------------------------------------------------------

      Code (inc. data)   RO Data    RW Data    ZI Data      Debug   Library Member Name

         0          0       2052          0          0       4961   arm_common_tables.o
       144         12          0          0          0       1111   arm_cos_f32.o
       140         12          0          0          0       1098   arm_sin_f32.o
       312         54          0          0          0        176   asinf.o
       692         98          0          0          0        208   atan2f.o
        38          0          0          0          0        116   fpclassifyf.o
        44         12          0          0          0        464   funder.o
       102          0          0          0          0        140   sqrt.o
       120          0          0          0          0        272   sqrtf.o
        86          0          0          0          0          0   __dczerorl2.o
         0          0          0          0          0          0   entry.o
         0          0          0          0          0          0   entry10a.o
         0          0          0          0          0          0   entry11a.o
         4          0          0          0          0          0   entry12b.o
         8          4          0          0          0          0   entry2.o
         4          0          0          0          0          0   entry5.o
         0          0          0          0          0          0   entry7b.o
         0          0          0          0          0          0   entry8b.o
         8          4          0          0          0          0   entry9a.o
        12          6          0          4          0         68   errno.o
        30          0          0          0          0          0   handlers.o
        36          8          0          0          0         68   init.o
         0          0          0          0          0          0   iusefp.o
        30          0          0          0          0         68   llshl.o
        32          0          0          0          0         68   llushr.o
        36          0          0          0          0         68   memcpya.o
        36          0          0          0          0        108   memseta.o
        98          0          0          0          0         92   uldiv.o

    ----------------------------------------------------------------------
      2018        210       2052          4          0       9086   Library Totals
         6          0          0          0          0          0   (incl. Padding)

    ----------------------------------------------------------------------

      Code (inc. data)   RO Data    RW Data    ZI Data      Debug   Library Name

       284         24       2052          0          0       7170   arm_cortexM7lfdp_math.lib
      1308        164          0          0          0       1376   m_wv.l
       420         22          0          4          0        540   mc_w.l

    ----------------------------------------------------------------------
      2018        210       2052          4          0       9086   Library Totals

    ----------------------------------------------------------------------

==============================================================================


      Code (inc. data)   RO Data    RW Data    ZI Data      Debug   

     69384       3376       3056        844      43644    2629575   Grand Totals
     69384       3376       3056        412      43644    2629575   ELF Image Totals (compressed)
     69384       3376       3056        412          0          0   ROM Totals

==============================================================================

    Total RO  Size (Code + RO Data)                72440 (  70.74kB)
    Total RW  Size (RW Data + ZI Data)             44488 (  43.45kB)
    Total ROM Size (Code + RO Data + RW Data)      72852 (  71.14kB)

==============================================================================

